Archive member included to satisfy reference by file (symbol)

c:/program files/microchip/xc8/v2.41/avr/bin/../lib/gcc/avr/5.4.0/avrxmega2/memx-const\libgcc.a(_copy_data.o)
                              build/default/debug/usart0_tx.o (__do_copy_data)
c:/program files/microchip/xc8/v2.41/avr/bin/../lib/gcc/avr/5.4.0/../../../../avr/lib/avrxmega2/memx-const\libc.a(exit.o)
                              C:/Users/c52467/.mchp_packs/Microchip/AVR-Dx_DFP/2.3.272/xc8/avr/lib/avrxmega2/memx-const/crtavr64dd32.o (exit)
c:/program files/microchip/xc8/v2.41/avr/bin/../lib/gcc/avr/5.4.0/../../../../avr/lib/avrxmega2/memx-const\libc.a(puts.o)
                              build/default/debug/main.o (puts)
c:/program files/microchip/xc8/v2.41/avr/bin/../lib/gcc/avr/5.4.0/../../../../avr/lib/avrxmega2/memx-const\libc.a(stdout.o)
                              build/default/debug/usart0_tx.o (_stdout)
c:/program files/microchip/xc8/v2.41/avr/bin/../lib/gcc/avr/5.4.0/../../../../avr/lib/avrxmega2/memx-const\libc.a(_Exit.o)
                              c:/program files/microchip/xc8/v2.41/avr/bin/../lib/gcc/avr/5.4.0/../../../../avr/lib/avrxmega2/memx-const\libc.a(exit.o) (_Exit)
c:/program files/microchip/xc8/v2.41/avr/bin/../lib/gcc/avr/5.4.0/../../../../avr/lib/avrxmega2/memx-const\libc.a(fputs.o)
                              c:/program files/microchip/xc8/v2.41/avr/bin/../lib/gcc/avr/5.4.0/../../../../avr/lib/avrxmega2/memx-const\libc.a(puts.o) (fputs)
c:/program files/microchip/xc8/v2.41/avr/bin/../lib/gcc/avr/5.4.0/avrxmega2/memx-const\libgcc.a(_exit.o)
                              c:/program files/microchip/xc8/v2.41/avr/bin/../lib/gcc/avr/5.4.0/../../../../avr/lib/avrxmega2/memx-const\libc.a(_Exit.o) (_exit)

Allocating common symbols
Common symbol       size              file

__stdout_used       0x2               c:/program files/microchip/xc8/v2.41/avr/bin/../lib/gcc/avr/5.4.0/../../../../avr/lib/avrxmega2/memx-const\libc.a(stdout.o)

Discarded input sections

 .data          0x0000000000000000        0x0 C:/Users/c52467/.mchp_packs/Microchip/AVR-Dx_DFP/2.3.272/xc8/avr/lib/avrxmega2/memx-const/crtavr64dd32.o
 .bss           0x0000000000000000        0x0 C:/Users/c52467/.mchp_packs/Microchip/AVR-Dx_DFP/2.3.272/xc8/avr/lib/avrxmega2/memx-const/crtavr64dd32.o
 .text          0x0000000000000000        0x0 build/default/debug/main.o
 .data          0x0000000000000000        0x0 build/default/debug/main.o
 .bss           0x0000000000000000        0x0 build/default/debug/main.o
 .text.SPI_Select_Client
                0x0000000000000000        0x8 build/default/debug/main.o
 .text.SPI_Deselect_Client
                0x0000000000000000        0x8 build/default/debug/main.o
 .text          0x0000000000000000        0x0 build/default/debug/main_clk_ctrl.o
 .data          0x0000000000000000        0x0 build/default/debug/main_clk_ctrl.o
 .bss           0x0000000000000000        0x0 build/default/debug/main_clk_ctrl.o
 .text          0x0000000000000000        0x0 build/default/debug/usart0_tx.o
 .data          0x0000000000000000        0x0 build/default/debug/usart0_tx.o
 .bss           0x0000000000000000        0x0 build/default/debug/usart0_tx.o
 .text          0x0000000000000000        0x0 c:/program files/microchip/xc8/v2.41/avr/bin/../lib/gcc/avr/5.4.0/avrxmega2/memx-const\libgcc.a(_copy_data.o)
 .data          0x0000000000000000        0x0 c:/program files/microchip/xc8/v2.41/avr/bin/../lib/gcc/avr/5.4.0/avrxmega2/memx-const\libgcc.a(_copy_data.o)
 .bss           0x0000000000000000        0x0 c:/program files/microchip/xc8/v2.41/avr/bin/../lib/gcc/avr/5.4.0/avrxmega2/memx-const\libgcc.a(_copy_data.o)
 .text.libgcc.mul
                0x0000000000000000        0x0 c:/program files/microchip/xc8/v2.41/avr/bin/../lib/gcc/avr/5.4.0/avrxmega2/memx-const\libgcc.a(_copy_data.o)
 .text.libgcc.div
                0x0000000000000000        0x0 c:/program files/microchip/xc8/v2.41/avr/bin/../lib/gcc/avr/5.4.0/avrxmega2/memx-const\libgcc.a(_copy_data.o)
 .text.libgcc   0x0000000000000000        0x0 c:/program files/microchip/xc8/v2.41/avr/bin/../lib/gcc/avr/5.4.0/avrxmega2/memx-const\libgcc.a(_copy_data.o)
 .text.libgcc.prologue
                0x0000000000000000        0x0 c:/program files/microchip/xc8/v2.41/avr/bin/../lib/gcc/avr/5.4.0/avrxmega2/memx-const\libgcc.a(_copy_data.o)
 .text.libgcc.builtins
                0x0000000000000000        0x0 c:/program files/microchip/xc8/v2.41/avr/bin/../lib/gcc/avr/5.4.0/avrxmega2/memx-const\libgcc.a(_copy_data.o)
 .text.libgcc.fmul
                0x0000000000000000        0x0 c:/program files/microchip/xc8/v2.41/avr/bin/../lib/gcc/avr/5.4.0/avrxmega2/memx-const\libgcc.a(_copy_data.o)
 .text.libgcc.fixed
                0x0000000000000000        0x0 c:/program files/microchip/xc8/v2.41/avr/bin/../lib/gcc/avr/5.4.0/avrxmega2/memx-const\libgcc.a(_copy_data.o)
 .text          0x0000000000000000        0x0 c:/program files/microchip/xc8/v2.41/avr/bin/../lib/gcc/avr/5.4.0/../../../../avr/lib/avrxmega2/memx-const\libc.a(exit.o)
 .data          0x0000000000000000        0x0 c:/program files/microchip/xc8/v2.41/avr/bin/../lib/gcc/avr/5.4.0/../../../../avr/lib/avrxmega2/memx-const\libc.a(exit.o)
 .bss           0x0000000000000000        0x0 c:/program files/microchip/xc8/v2.41/avr/bin/../lib/gcc/avr/5.4.0/../../../../avr/lib/avrxmega2/memx-const\libc.a(exit.o)
 .stack.descriptors
                0x0000000000000000       0x73 c:/program files/microchip/xc8/v2.41/avr/bin/../lib/gcc/avr/5.4.0/../../../../avr/lib/avrxmega2/memx-const\libc.a(exit.o)
 .text          0x0000000000000000        0x0 c:/program files/microchip/xc8/v2.41/avr/bin/../lib/gcc/avr/5.4.0/../../../../avr/lib/avrxmega2/memx-const\libc.a(puts.o)
 .data          0x0000000000000000        0x0 c:/program files/microchip/xc8/v2.41/avr/bin/../lib/gcc/avr/5.4.0/../../../../avr/lib/avrxmega2/memx-const\libc.a(puts.o)
 .bss           0x0000000000000000        0x0 c:/program files/microchip/xc8/v2.41/avr/bin/../lib/gcc/avr/5.4.0/../../../../avr/lib/avrxmega2/memx-const\libc.a(puts.o)
 .stack.descriptors
                0x0000000000000000       0x12 c:/program files/microchip/xc8/v2.41/avr/bin/../lib/gcc/avr/5.4.0/../../../../avr/lib/avrxmega2/memx-const\libc.a(puts.o)
 .text          0x0000000000000000        0x0 c:/program files/microchip/xc8/v2.41/avr/bin/../lib/gcc/avr/5.4.0/../../../../avr/lib/avrxmega2/memx-const\libc.a(stdout.o)
 .data          0x0000000000000000        0x0 c:/program files/microchip/xc8/v2.41/avr/bin/../lib/gcc/avr/5.4.0/../../../../avr/lib/avrxmega2/memx-const\libc.a(stdout.o)
 .bss           0x0000000000000000        0x0 c:/program files/microchip/xc8/v2.41/avr/bin/../lib/gcc/avr/5.4.0/../../../../avr/lib/avrxmega2/memx-const\libc.a(stdout.o)
 .stack.descriptors
                0x0000000000000000       0x1b c:/program files/microchip/xc8/v2.41/avr/bin/../lib/gcc/avr/5.4.0/../../../../avr/lib/avrxmega2/memx-const\libc.a(stdout.o)
 .text.__init_stdout
                0x0000000000000000       0x1e c:/program files/microchip/xc8/v2.41/avr/bin/../lib/gcc/avr/5.4.0/../../../../avr/lib/avrxmega2/memx-const\libc.a(stdout.o)
 .data.f        0x0000000000000000       0x11 c:/program files/microchip/xc8/v2.41/avr/bin/../lib/gcc/avr/5.4.0/../../../../avr/lib/avrxmega2/memx-const\libc.a(stdout.o)
 COMMON         0x0000000000000000        0x2 c:/program files/microchip/xc8/v2.41/avr/bin/../lib/gcc/avr/5.4.0/../../../../avr/lib/avrxmega2/memx-const\libc.a(stdout.o)
 .text          0x0000000000000000        0x0 c:/program files/microchip/xc8/v2.41/avr/bin/../lib/gcc/avr/5.4.0/../../../../avr/lib/avrxmega2/memx-const\libc.a(_Exit.o)
 .data          0x0000000000000000        0x0 c:/program files/microchip/xc8/v2.41/avr/bin/../lib/gcc/avr/5.4.0/../../../../avr/lib/avrxmega2/memx-const\libc.a(_Exit.o)
 .bss           0x0000000000000000        0x0 c:/program files/microchip/xc8/v2.41/avr/bin/../lib/gcc/avr/5.4.0/../../../../avr/lib/avrxmega2/memx-const\libc.a(_Exit.o)
 .stack.descriptors
                0x0000000000000000       0x13 c:/program files/microchip/xc8/v2.41/avr/bin/../lib/gcc/avr/5.4.0/../../../../avr/lib/avrxmega2/memx-const\libc.a(_Exit.o)
 .text          0x0000000000000000        0x0 c:/program files/microchip/xc8/v2.41/avr/bin/../lib/gcc/avr/5.4.0/../../../../avr/lib/avrxmega2/memx-const\libc.a(fputs.o)
 .data          0x0000000000000000        0x0 c:/program files/microchip/xc8/v2.41/avr/bin/../lib/gcc/avr/5.4.0/../../../../avr/lib/avrxmega2/memx-const\libc.a(fputs.o)
 .bss           0x0000000000000000        0x0 c:/program files/microchip/xc8/v2.41/avr/bin/../lib/gcc/avr/5.4.0/../../../../avr/lib/avrxmega2/memx-const\libc.a(fputs.o)
 .stack.descriptors
                0x0000000000000000       0x13 c:/program files/microchip/xc8/v2.41/avr/bin/../lib/gcc/avr/5.4.0/../../../../avr/lib/avrxmega2/memx-const\libc.a(fputs.o)
 .text          0x0000000000000000        0x0 c:/program files/microchip/xc8/v2.41/avr/bin/../lib/gcc/avr/5.4.0/avrxmega2/memx-const\libgcc.a(_exit.o)
 .data          0x0000000000000000        0x0 c:/program files/microchip/xc8/v2.41/avr/bin/../lib/gcc/avr/5.4.0/avrxmega2/memx-const\libgcc.a(_exit.o)
 .bss           0x0000000000000000        0x0 c:/program files/microchip/xc8/v2.41/avr/bin/../lib/gcc/avr/5.4.0/avrxmega2/memx-const\libgcc.a(_exit.o)
 .text.libgcc.mul
                0x0000000000000000        0x0 c:/program files/microchip/xc8/v2.41/avr/bin/../lib/gcc/avr/5.4.0/avrxmega2/memx-const\libgcc.a(_exit.o)
 .text.libgcc.div
                0x0000000000000000        0x0 c:/program files/microchip/xc8/v2.41/avr/bin/../lib/gcc/avr/5.4.0/avrxmega2/memx-const\libgcc.a(_exit.o)
 .text.libgcc   0x0000000000000000        0x0 c:/program files/microchip/xc8/v2.41/avr/bin/../lib/gcc/avr/5.4.0/avrxmega2/memx-const\libgcc.a(_exit.o)
 .text.libgcc.prologue
                0x0000000000000000        0x0 c:/program files/microchip/xc8/v2.41/avr/bin/../lib/gcc/avr/5.4.0/avrxmega2/memx-const\libgcc.a(_exit.o)
 .stack.descriptors
                0x0000000000000000       0x13 c:/program files/microchip/xc8/v2.41/avr/bin/../lib/gcc/avr/5.4.0/avrxmega2/memx-const\libgcc.a(_exit.o)
 .text.libgcc.builtins
                0x0000000000000000        0x0 c:/program files/microchip/xc8/v2.41/avr/bin/../lib/gcc/avr/5.4.0/avrxmega2/memx-const\libgcc.a(_exit.o)
 .text.libgcc.fmul
                0x0000000000000000        0x0 c:/program files/microchip/xc8/v2.41/avr/bin/../lib/gcc/avr/5.4.0/avrxmega2/memx-const\libgcc.a(_exit.o)
 .text.libgcc.fixed
                0x0000000000000000        0x0 c:/program files/microchip/xc8/v2.41/avr/bin/../lib/gcc/avr/5.4.0/avrxmega2/memx-const\libgcc.a(_exit.o)

Memory Configuration

Name             Origin             Length             Attributes
text             0x0000000000000000 0x0000000000010000 xr
data             0x0000000000806000 0x0000000000002000 rw !x
eeprom           0x0000000000810000 0x0000000000000100 rw !x
fuse             0x0000000000820000 0x0000000000000010 rw !x
lock             0x0000000000830000 0x0000000000000400 rw !x
signature        0x0000000000840000 0x0000000000000400 rw !x
user_signatures  0x0000000000850000 0x0000000000000400 rw !x
bootrow          0x0000000000860000 0x0000000000000400 rw !x
*default*        0x0000000000000000 0xffffffffffffffff

Linker script and memory map

Address of section .data set to 0x806000
                0x0000000000008000                __RODATA_PM_OFFSET__ = 0x8000
LOAD C:/Users/c52467/.mchp_packs/Microchip/AVR-Dx_DFP/2.3.272/xc8/avr/lib/avrxmega2/memx-const/crtavr64dd32.o
                0x0000000000000001                __MPLAB_BUILD = 0x1
LOAD build/default/debug/main.o
LOAD build/default/debug/main_clk_ctrl.o
LOAD build/default/debug/usart0_tx.o
START GROUP
LOAD c:/program files/microchip/xc8/v2.41/avr/bin/../lib/gcc/avr/5.4.0/../../../../avr/lib/avrxmega2/memx-const\libm.a
END GROUP
                0x0000000000000001                __MPLAB_DEBUG = 0x1
                0x0000000000000001                __DEBUG = 0x1
START GROUP
LOAD c:/program files/microchip/xc8/v2.41/avr/bin/../lib/gcc/avr/5.4.0/avrxmega2/memx-const\libgcc.a
LOAD c:/program files/microchip/xc8/v2.41/avr/bin/../lib/gcc/avr/5.4.0/../../../../avr/lib/avrxmega2/memx-const\libm.a
LOAD c:/program files/microchip/xc8/v2.41/avr/bin/../lib/gcc/avr/5.4.0/../../../../avr/lib/avrxmega2/memx-const\libc.a
LOAD C:/Users/c52467/.mchp_packs/Microchip/AVR-Dx_DFP/2.3.272/xc8/avr/lib/avrxmega2/memx-const\libavr64dd32.a
END GROUP
                [0x0000000000000000]                __TEXT_REGION_ORIGIN__ = DEFINED (__TEXT_REGION_ORIGIN__)?__TEXT_REGION_ORIGIN__:0x0
                [0x0000000000806000]                __DATA_REGION_ORIGIN__ = DEFINED (__DATA_REGION_ORIGIN__)?__DATA_REGION_ORIGIN__:0x802000
                [0x0000000000010000]                __TEXT_REGION_LENGTH__ = DEFINED (__TEXT_REGION_LENGTH__)?__TEXT_REGION_LENGTH__:0x100000
                [0x0000000000002000]                __DATA_REGION_LENGTH__ = DEFINED (__DATA_REGION_LENGTH__)?__DATA_REGION_LENGTH__:0xffa0
                [0x0000000000000100]                __EEPROM_REGION_LENGTH__ = DEFINED (__EEPROM_REGION_LENGTH__)?__EEPROM_REGION_LENGTH__:0x10000
                [0x0000000000000010]                __FUSE_REGION_LENGTH__ = DEFINED (__FUSE_REGION_LENGTH__)?__FUSE_REGION_LENGTH__:0x400
                0x0000000000000400                __LOCK_REGION_LENGTH__ = DEFINED (__LOCK_REGION_LENGTH__)?__LOCK_REGION_LENGTH__:0x400
                0x0000000000000400                __SIGNATURE_REGION_LENGTH__ = DEFINED (__SIGNATURE_REGION_LENGTH__)?__SIGNATURE_REGION_LENGTH__:0x400
                0x0000000000000400                __USER_SIGNATURE_REGION_LENGTH__ = DEFINED (__USER_SIGNATURE_REGION_LENGTH__)?__USER_SIGNATURE_REGION_LENGTH__:0x400
                0x0000000000000400                __BOOTROW_REGION_LENGTH__ = DEFINED (__BOOTROW_REGION_LENGTH__)?__BOOTROW_REGION_LENGTH__:0x400

.hash
 *(.hash)

.dynsym
 *(.dynsym)

.dynstr
 *(.dynstr)

.gnu.version
 *(.gnu.version)

.gnu.version_d
 *(.gnu.version_d)

.gnu.version_r
 *(.gnu.version_r)

.rel.init
 *(.rel.init)

.rela.init
 *(.rela.init)

.rel.text
 *(.rel.text)
 *(.rel.text.*)
 *(.rel.gnu.linkonce.t*)

.rela.text
 *(.rela.text)
 *(.rela.text.*)
 *(.rela.gnu.linkonce.t*)

.rel.fini
 *(.rel.fini)

.rela.fini
 *(.rela.fini)

.rel.rodata
 *(.rel.rodata)
 *(.rel.rodata.*)
 *(.rel.gnu.linkonce.r*)

.rela.rodata
 *(.rela.rodata)
 *(.rela.rodata.*)
 *(.rela.gnu.linkonce.r*)

.rel.data
 *(.rel.data)
 *(.rel.data.*)
 *(.rel.gnu.linkonce.d*)

.rela.data
 *(.rela.data)
 *(.rela.data.*)
 *(.rela.gnu.linkonce.d*)

.rel.ctors
 *(.rel.ctors)

.rela.ctors
 *(.rela.ctors)

.rel.dtors
 *(.rel.dtors)

.rela.dtors
 *(.rela.dtors)

.rel.got
 *(.rel.got)

.rela.got
 *(.rela.got)

.rel.bss
 *(.rel.bss)

.rela.bss
 *(.rela.bss)

.rel.plt
 *(.rel.plt)

.rela.plt
 *(.rela.plt)

.text           0x0000000000000000       0xf0
 *(.vectors)
 .vectors       0x0000000000000000       0x90 C:/Users/c52467/.mchp_packs/Microchip/AVR-Dx_DFP/2.3.272/xc8/avr/lib/avrxmega2/memx-const/crtavr64dd32.o
                0x0000000000000000                __vector_default
                0x0000000000000000                __vectors
 *(.vectors)
 *(.progmem.gcc*)
 *(.dinit)
 .dinit         0x0000000000000090        0xc data_init
                0x000000000000009c                . = ALIGN (0x2)
                0x000000000000009c                __trampolines_start = .
 *(.trampolines)
 .trampolines   0x000000000000009c        0x0 linker stubs
 *(.trampolines*)
                0x000000000000009c                __trampolines_end = .
 *libprintf_flt.a:*(.progmem.data)
 *libc.a:*(.progmem.data)
                0x000000000000009c                . = ALIGN (0x2)
 *(.jumptables)
 *(.jumptables*)
 *(.lowtext)
 *(.lowtext*)
                0x000000000000009c                __ctors_start = .
 *(.ctors)
                0x000000000000009c                __ctors_end = .
                0x000000000000009c                __dtors_start = .
 *(.dtors)
                0x000000000000009c                __dtors_end = .
 SORT(*)(.ctors)
 SORT(*)(.dtors)
 *(.init0)
 .init0         0x000000000000009c        0x0 C:/Users/c52467/.mchp_packs/Microchip/AVR-Dx_DFP/2.3.272/xc8/avr/lib/avrxmega2/memx-const/crtavr64dd32.o
                0x000000000000009c                __init
 *(.init0)
 *(.init1)
 *(.init1)
 *(.init2)
 .init2         0x000000000000009c        0xc C:/Users/c52467/.mchp_packs/Microchip/AVR-Dx_DFP/2.3.272/xc8/avr/lib/avrxmega2/memx-const/crtavr64dd32.o
 *(.init2)
 *(.init3)
 *(.init3)
 *(.init4)
 .init4         0x00000000000000a8       0x3c c:/program files/microchip/xc8/v2.41/avr/bin/../lib/gcc/avr/5.4.0/avrxmega2/memx-const\libgcc.a(_copy_data.o)
                0x00000000000000a8                __do_copy_data
                0x00000000000000d6                __do_clear_bss
 *(.init4)
 *(.init5)
 *(.init5)
 *(.init6)
 *(.init6)
 *(.init7)
 *(.init7)
 *(.init8)
 *(.init8)
 *(.init9)
 .init9         0x00000000000000e4        0x8 C:/Users/c52467/.mchp_packs/Microchip/AVR-Dx_DFP/2.3.272/xc8/avr/lib/avrxmega2/memx-const/crtavr64dd32.o
 *(.init9)
                0x00000000000000ec                . = ALIGN (0x2)
 *(.fini9)
 .fini9         0x00000000000000ec        0x0 c:/program files/microchip/xc8/v2.41/avr/bin/../lib/gcc/avr/5.4.0/avrxmega2/memx-const\libgcc.a(_exit.o)
                0x00000000000000ec                _exit
 *(.fini9)
 *(.fini8)
 *(.fini8)
 *(.fini7)
 *(.fini7)
 *(.fini6)
 *(.fini6)
 *(.fini5)
 *(.fini5)
 *(.fini4)
 *(.fini4)
 *(.fini3)
 *(.fini3)
 *(.fini2)
 *(.fini2)
 *(.fini1)
 *(.fini1)
 *(.fini0)
 .fini0         0x00000000000000ec        0x4 c:/program files/microchip/xc8/v2.41/avr/bin/../lib/gcc/avr/5.4.0/avrxmega2/memx-const\libgcc.a(_exit.o)
 *(.fini0)
                0x00000000000000f0                _etext = .

.data           0x0000000000806000        0x0 load address 0x00000000000000f0
                [!provide]                        PROVIDE (__data_start, .)
 *(.gnu.linkonce.d*)
 *(.gnu.linkonce.r*)
                0x0000000000806000                . = ALIGN (0x2)
                0x0000000000806000                _edata = .
                [!provide]                        PROVIDE (__data_end, .)

.bss            0x0000000000806000        0x0
                [!provide]                        PROVIDE (__bss_start, .)
 *(COMMON)
                [!provide]                        PROVIDE (__bss_end, .)
                0x00000000000000f0                __data_load_start = LOADADDR (.data)
                0x00000000000000f0                __data_load_end = (__data_load_start + SIZEOF (.data))

.noinit         0x0000000000806000        0x0
                [!provide]                        PROVIDE (__noinit_start, .)
 *(.noinit*)
                [!provide]                        PROVIDE (__noinit_end, .)
                0x0000000000806000                _end = .

.eeprom         0x0000000000810000        0x0
 *(.eeprom*)
                0x0000000000810000                __eeprom_end = .

.fuse
 *(.fuse)
 *(.lfuse)
 *(.hfuse)
 *(.efuse)

.lock
 *(.lock*)

.signature
 *(.signature*)

.user_signatures
 *(.user_signatures*)

.bootrow
 *(.bootrow*)

.stab
 *(.stab)

.stabstr
 *(.stabstr)

.stab.excl
 *(.stab.excl)

.stab.exclstr
 *(.stab.exclstr)

.stab.index
 *(.stab.index)

.stab.indexstr
 *(.stab.indexstr)

.comment        0x0000000000000000       0x5b
 *(.comment)
 .comment       0x0000000000000000       0x2f build/default/debug/main.o
                                         0x30 (size before relaxing)
 .comment       0x000000000000002f       0x30 build/default/debug/main_clk_ctrl.o
 .comment       0x000000000000002f       0x30 build/default/debug/usart0_tx.o
 .comment       0x000000000000002f       0x2c c:/program files/microchip/xc8/v2.41/avr/bin/../lib/gcc/avr/5.4.0/../../../../avr/lib/avrxmega2/memx-const\libc.a(exit.o)
                                         0x2d (size before relaxing)
 .comment       0x000000000000005b       0x2d c:/program files/microchip/xc8/v2.41/avr/bin/../lib/gcc/avr/5.4.0/../../../../avr/lib/avrxmega2/memx-const\libc.a(puts.o)
 .comment       0x000000000000005b       0x2d c:/program files/microchip/xc8/v2.41/avr/bin/../lib/gcc/avr/5.4.0/../../../../avr/lib/avrxmega2/memx-const\libc.a(stdout.o)
 .comment       0x000000000000005b       0x2d c:/program files/microchip/xc8/v2.41/avr/bin/../lib/gcc/avr/5.4.0/../../../../avr/lib/avrxmega2/memx-const\libc.a(_Exit.o)
 .comment       0x000000000000005b       0x2d c:/program files/microchip/xc8/v2.41/avr/bin/../lib/gcc/avr/5.4.0/../../../../avr/lib/avrxmega2/memx-const\libc.a(fputs.o)

.stack.descriptors.hdr
                0x0000000000000000       0x54
 .stack.descriptors.hdr
                0x0000000000000000        0xe c:/program files/microchip/xc8/v2.41/avr/bin/../lib/gcc/avr/5.4.0/../../../../avr/lib/avrxmega2/memx-const\libc.a(exit.o)
 .stack.descriptors.hdr
                0x000000000000000e        0xe c:/program files/microchip/xc8/v2.41/avr/bin/../lib/gcc/avr/5.4.0/../../../../avr/lib/avrxmega2/memx-const\libc.a(puts.o)
 .stack.descriptors.hdr
                0x000000000000001c        0xe c:/program files/microchip/xc8/v2.41/avr/bin/../lib/gcc/avr/5.4.0/../../../../avr/lib/avrxmega2/memx-const\libc.a(stdout.o)
 .stack.descriptors.hdr
                0x000000000000002a        0xe c:/program files/microchip/xc8/v2.41/avr/bin/../lib/gcc/avr/5.4.0/../../../../avr/lib/avrxmega2/memx-const\libc.a(_Exit.o)
 .stack.descriptors.hdr
                0x0000000000000038        0xe c:/program files/microchip/xc8/v2.41/avr/bin/../lib/gcc/avr/5.4.0/../../../../avr/lib/avrxmega2/memx-const\libc.a(fputs.o)
 .stack.descriptors.hdr
                0x0000000000000046        0xe c:/program files/microchip/xc8/v2.41/avr/bin/../lib/gcc/avr/5.4.0/avrxmega2/memx-const\libgcc.a(_exit.o)

.note.GNU-stack
                0x0000000000000000        0x0
 .note.GNU-stack
                0x0000000000000000        0x0 c:/program files/microchip/xc8/v2.41/avr/bin/../lib/gcc/avr/5.4.0/../../../../avr/lib/avrxmega2/memx-const\libc.a(exit.o)
 .note.GNU-stack
                0x0000000000000000        0x0 c:/program files/microchip/xc8/v2.41/avr/bin/../lib/gcc/avr/5.4.0/../../../../avr/lib/avrxmega2/memx-const\libc.a(puts.o)
 .note.GNU-stack
                0x0000000000000000        0x0 c:/program files/microchip/xc8/v2.41/avr/bin/../lib/gcc/avr/5.4.0/../../../../avr/lib/avrxmega2/memx-const\libc.a(stdout.o)
 .note.GNU-stack
                0x0000000000000000        0x0 c:/program files/microchip/xc8/v2.41/avr/bin/../lib/gcc/avr/5.4.0/../../../../avr/lib/avrxmega2/memx-const\libc.a(_Exit.o)
 .note.GNU-stack
                0x0000000000000000        0x0 c:/program files/microchip/xc8/v2.41/avr/bin/../lib/gcc/avr/5.4.0/../../../../avr/lib/avrxmega2/memx-const\libc.a(fputs.o)

.note.gnu.build-id
 *(.note.gnu.build-id)

.debug
 *(.debug)

.line
 *(.line)

.debug_srcinfo
 *(.debug_srcinfo)

.debug_sfnames
 *(.debug_sfnames)

.debug_aranges  0x0000000000000000       0x90
 *(.debug_aranges)
 .debug_aranges
                0x0000000000000000       0x40 build/default/debug/main.o
 .debug_aranges
                0x0000000000000040       0x20 build/default/debug/main_clk_ctrl.o
 .debug_aranges
                0x0000000000000060       0x30 build/default/debug/usart0_tx.o

.debug_pubnames
 *(.debug_pubnames)

.debug_info     0x0000000000000000     0x46d6
 *(.debug_info .gnu.linkonce.wi.*)
 .debug_info    0x0000000000000000     0x22a4 C:/Users/c52467/.mchp_packs/Microchip/AVR-Dx_DFP/2.3.272/xc8/avr/lib/avrxmega2/memx-const/crtavr64dd32.o
 .debug_info    0x00000000000022a4      0xd45 build/default/debug/main.o
 .debug_info    0x0000000000002fe9      0xa4c build/default/debug/main_clk_ctrl.o
 .debug_info    0x0000000000003a35      0xca1 build/default/debug/usart0_tx.o

.debug_abbrev   0x0000000000000000     0x2511
 *(.debug_abbrev)
 .debug_abbrev  0x0000000000000000     0x20ce C:/Users/c52467/.mchp_packs/Microchip/AVR-Dx_DFP/2.3.272/xc8/avr/lib/avrxmega2/memx-const/crtavr64dd32.o
 .debug_abbrev  0x00000000000020ce      0x194 build/default/debug/main.o
 .debug_abbrev  0x0000000000002262       0xd3 build/default/debug/main_clk_ctrl.o
 .debug_abbrev  0x0000000000002335      0x1dc build/default/debug/usart0_tx.o

.debug_line     0x0000000000000000      0x5f6
 *(.debug_line .debug_line.* .debug_line_end)
 .debug_line    0x0000000000000000      0x172 C:/Users/c52467/.mchp_packs/Microchip/AVR-Dx_DFP/2.3.272/xc8/avr/lib/avrxmega2/memx-const/crtavr64dd32.o
 .debug_line    0x0000000000000172      0x1d8 build/default/debug/main.o
 .debug_line    0x000000000000034a      0x117 build/default/debug/main_clk_ctrl.o
 .debug_line    0x0000000000000461      0x195 build/default/debug/usart0_tx.o

.debug_frame    0x0000000000000000       0xd4
 *(.debug_frame)
 .debug_frame   0x0000000000000000       0x64 build/default/debug/main.o
 .debug_frame   0x0000000000000064       0x2c build/default/debug/main_clk_ctrl.o
 .debug_frame   0x0000000000000090       0x44 build/default/debug/usart0_tx.o

.debug_str      0x0000000000000000      0xf5d
 *(.debug_str)
 .debug_str     0x0000000000000000      0xefb C:/Users/c52467/.mchp_packs/Microchip/AVR-Dx_DFP/2.3.272/xc8/avr/lib/avrxmega2/memx-const/crtavr64dd32.o
 .debug_str     0x0000000000000efb       0x36 build/default/debug/main.o
 .debug_str     0x0000000000000f31       0x16 build/default/debug/main_clk_ctrl.o
 .debug_str     0x0000000000000f47       0x16 build/default/debug/usart0_tx.o

.debug_loc      0x0000000000000000      0x19b
 *(.debug_loc)
 .debug_loc     0x0000000000000000       0x20 build/default/debug/main.o
 .debug_loc     0x0000000000000020       0x7c build/default/debug/main_clk_ctrl.o
 .debug_loc     0x000000000000009c       0xff build/default/debug/usart0_tx.o

.debug_macinfo
 *(.debug_macinfo)

.debug_weaknames
 *(.debug_weaknames)

.debug_funcnames
 *(.debug_funcnames)

.debug_typenames
 *(.debug_typenames)

.debug_varnames
 *(.debug_varnames)

.debug_pubtypes
 *(.debug_pubtypes)

.debug_ranges   0x0000000000000000       0x78
 *(.debug_ranges)
 .debug_ranges  0x0000000000000000       0x48 build/default/debug/main.o
 .debug_ranges  0x0000000000000048       0x10 build/default/debug/main_clk_ctrl.o
 .debug_ranges  0x0000000000000058       0x20 build/default/debug/usart0_tx.o

.debug_macro
 *(.debug_macro)
OUTPUT(dist/default/debug/AVR-DD_SPI_Host.X.debug.elf elf32-avr)
LOAD linker stubs
LOAD data_init

.note.gnu.avr.deviceinfo
                0x0000000000000000       0x3c
 .note.gnu.avr.deviceinfo
                0x0000000000000000       0x3c C:/Users/c52467/.mchp_packs/Microchip/AVR-Dx_DFP/2.3.272/xc8/avr/lib/avrxmega2/memx-const/crtavr64dd32.o

.bss.val        0x0000000000806015        0x1
 .bss.val       0x0000000000806015        0x1 build/default/debug/main.o
                0x0000000000806015                val

.bss.__stdout   0x0000000000806013        0x2
 .bss.__stdout  0x0000000000806013        0x2 c:/program files/microchip/xc8/v2.41/avr/bin/../lib/gcc/avr/5.4.0/../../../../avr/lib/avrxmega2/memx-const\libc.a(stdout.o)

.progmemx.data  0x00000000000000f0       0x12
 .progmemx.data
                0x00000000000000f0       0x12 build/default/debug/main.o

.text.fputs     0x0000000000000102       0x74
 .text.fputs    0x0000000000000102       0x74 c:/program files/microchip/xc8/v2.41/avr/bin/../lib/gcc/avr/5.4.0/../../../../avr/lib/avrxmega2/memx-const\libc.a(fputs.o)
                0x0000000000000102                fputs
                0x0000000000000102                fputs_unlocked

.text.USART_Init
                0x0000000000000176       0x4e
 .text.USART_Init
                0x0000000000000176       0x4e build/default/debug/usart0_tx.o
                0x0000000000000176                USART_Init

.text.main      0x00000000000001c4       0x48
 .text.main     0x00000000000001c4       0x48 build/default/debug/main.o
                0x00000000000001c4                main

.text.MainClkCtrl
                0x000000000000020c       0x48
 .text.MainClkCtrl
                0x000000000000020c       0x48 build/default/debug/main_clk_ctrl.o
                0x000000000000020c                MainClkCtrl

.text.SPI_Host_Init
                0x0000000000000254       0x2c
 .text.SPI_Host_Init
                0x0000000000000254       0x2c build/default/debug/main.o
                0x0000000000000254                SPI_Host_Init

.text.exit      0x0000000000000280       0x16
 .text.exit     0x0000000000000280       0x16 c:/program files/microchip/xc8/v2.41/avr/bin/../lib/gcc/avr/5.4.0/../../../../avr/lib/avrxmega2/memx-const\libc.a(exit.o)
                0x0000000000000280                exit

.text.puts      0x0000000000000296       0x12
 .text.puts     0x0000000000000296       0x12 c:/program files/microchip/xc8/v2.41/avr/bin/../lib/gcc/avr/5.4.0/../../../../avr/lib/avrxmega2/memx-const\libc.a(puts.o)
                0x0000000000000296                puts

.text.SPI_Write_Byte
                0x00000000000002a8       0x10
 .text.SPI_Write_Byte
                0x00000000000002a8       0x10 build/default/debug/main.o
                0x00000000000002a8                SPI_Write_Byte

.text.USART0_sendChar
                0x00000000000002b8       0x10
 .text.USART0_sendChar
                0x00000000000002b8       0x10 build/default/debug/usart0_tx.o
                0x00000000000002b8                USART0_sendChar

.text.USART0_printChar
                0x00000000000002c8        0xa
 .text.USART0_printChar
                0x00000000000002c8        0xa build/default/debug/usart0_tx.o
                0x00000000000002c8                USART0_printChar

.text           0x00000000000002d2        0x4
 .text          0x00000000000002d2        0x4 C:/Users/c52467/.mchp_packs/Microchip/AVR-Dx_DFP/2.3.272/xc8/avr/lib/avrxmega2/memx-const/crtavr64dd32.o
                0x00000000000002d2                __vector_22
                0x00000000000002d2                __vector_28
                0x00000000000002d2                __vector_1
                0x00000000000002d2                __vector_32
                0x00000000000002d2                __vector_34
                0x00000000000002d2                __vector_24
                0x00000000000002d2                __vector_12
                0x00000000000002d2                __bad_interrupt
                0x00000000000002d2                __vector_6
                0x00000000000002d2                __vector_31
                0x00000000000002d2                __vector_35
                0x00000000000002d2                __vector_3
                0x00000000000002d2                __vector_23
                0x00000000000002d2                __vector_30
                0x00000000000002d2                __vector_25
                0x00000000000002d2                __vector_11
                0x00000000000002d2                __vector_13
                0x00000000000002d2                __vector_17
                0x00000000000002d2                __vector_19
                0x00000000000002d2                __vector_7
                0x00000000000002d2                __vector_27
                0x00000000000002d2                __vector_5
                0x00000000000002d2                __vector_33
                0x00000000000002d2                __vector_4
                0x00000000000002d2                __vector_9
                0x00000000000002d2                __vector_2
                0x00000000000002d2                __vector_21
                0x00000000000002d2                __vector_15
                0x00000000000002d2                __vector_29
                0x00000000000002d2                __vector_8
                0x00000000000002d2                __vector_26
                0x00000000000002d2                __vector_14
                0x00000000000002d2                __vector_10
                0x00000000000002d2                __vector_16
                0x00000000000002d2                __vector_18
                0x00000000000002d2                __vector_20

.text._Exit     0x00000000000002d6        0x4
 .text._Exit    0x00000000000002d6        0x4 c:/program files/microchip/xc8/v2.41/avr/bin/../lib/gcc/avr/5.4.0/../../../../avr/lib/avrxmega2/memx-const\libc.a(_Exit.o)
                0x00000000000002d6                _Exit

.text.__dummy_fini
                0x00000000000002da        0x2
 .text.__dummy_fini
                0x00000000000002da        0x2 c:/program files/microchip/xc8/v2.41/avr/bin/../lib/gcc/avr/5.4.0/../../../../avr/lib/avrxmega2/memx-const\libc.a(exit.o)
                0x00000000000002da                _fini

.text.__dummy_funcs_on_exit
                0x00000000000002dc        0x2
 .text.__dummy_funcs_on_exit
                0x00000000000002dc        0x2 c:/program files/microchip/xc8/v2.41/avr/bin/../lib/gcc/avr/5.4.0/../../../../avr/lib/avrxmega2/memx-const\libc.a(exit.o)
                0x00000000000002dc                __funcs_on_exit

.text.__dummy_simulator_exit
                0x00000000000002de        0x2
 .text.__dummy_simulator_exit
                0x00000000000002de        0x2 c:/program files/microchip/xc8/v2.41/avr/bin/../lib/gcc/avr/5.4.0/../../../../avr/lib/avrxmega2/memx-const\libc.a(exit.o)
                0x00000000000002de                __simulator_exit

.data.USART_stream
                0x0000000000806000       0x11 load address 0x00000000000002e0
 .data.USART_stream
                0x0000000000806000       0x11 build/default/debug/usart0_tx.o
                0x0000000000806000                USART_stream

.data._stdout   0x0000000000806011        0x2 load address 0x00000000000002f1
 .data._stdout  0x0000000000806011        0x2 c:/program files/microchip/xc8/v2.41/avr/bin/../lib/gcc/avr/5.4.0/../../../../avr/lib/avrxmega2/memx-const\libc.a(stdout.o)
                0x0000000000806011                _stdout
