Archive member included to satisfy reference by file (symbol)

c:/program files/microchip/xc8/v2.46/avr/bin/../lib/gcc/avr/5.4.0/avrxmega2/memx-const/mapped\libgcc.a(_copy_data.o)
                              build/default/production/usart0_tx.o (__do_copy_data)
c:/program files/microchip/xc8/v2.46/avr/bin/../lib/gcc/avr/5.4.0/avrxmega2/memx-const/mapped\libgcc.a(_umulhisi3.o)
                              build/default/production/main.o (__umulhisi3)
c:/program files/microchip/xc8/v2.46/avr/bin/../lib/gcc/avr/5.4.0/avrxmega2/memx-const/mapped\libgcc.a(_umulsidi3.o)
                              build/default/production/main.o (__umulsidi3)
c:/program files/microchip/xc8/v2.46/avr/bin/../lib/gcc/avr/5.4.0/avrxmega2/memx-const/mapped\libgcc.a(_ashrdi3.o)
                              build/default/production/main.o (__lshrdi3)
c:/program files/microchip/xc8/v2.46/avr/bin/../lib/gcc/avr/5.4.0/avrxmega2/memx-const/mapped\libgcc.a(_muldi3_6.o)
                              c:/program files/microchip/xc8/v2.46/avr/bin/../lib/gcc/avr/5.4.0/avrxmega2/memx-const/mapped\libgcc.a(_umulsidi3.o) (__muldi3_6)
c:/program files/microchip/xc8/v2.46/avr/bin/../lib/gcc/avr/5.4.0/../../../../avr/lib/avrxmega2/memx-const/mapped\libc.a(exit.o)
                              C:/Users/c52467/.mchp_packs/Microchip/AVR-Dx_DFP/2.5.294/xc8/avr/lib/avrxmega2/memx-const/mapped/crtavr64dd32.o (exit)
c:/program files/microchip/xc8/v2.46/avr/bin/../lib/gcc/avr/5.4.0/../../../../avr/lib/avrxmega2/memx-const/mapped\libc.a(stdout.o)
                              build/default/production/usart0_tx.o (_stdout)
c:/program files/microchip/xc8/v2.46/avr/bin/../lib/gcc/avr/5.4.0/../../../../avr/lib/avrxmega2/memx-const/mapped\libc.a(_Exit.o)
                              c:/program files/microchip/xc8/v2.46/avr/bin/../lib/gcc/avr/5.4.0/../../../../avr/lib/avrxmega2/memx-const/mapped\libc.a(exit.o) (_Exit)
c:/program files/microchip/xc8/v2.46/avr/bin/../lib/gcc/avr/5.4.0/avrxmega2/memx-const/mapped\libgcc.a(_exit.o)
                              c:/program files/microchip/xc8/v2.46/avr/bin/../lib/gcc/avr/5.4.0/../../../../avr/lib/avrxmega2/memx-const/mapped\libc.a(_Exit.o) (_exit)

Allocating common symbols
Common symbol       size              file

__stdout_used       0x2               c:/program files/microchip/xc8/v2.46/avr/bin/../lib/gcc/avr/5.4.0/../../../../avr/lib/avrxmega2/memx-const/mapped\libc.a(stdout.o)

Discarded input sections

 .data          0x0000000000000000        0x0 C:/Users/c52467/.mchp_packs/Microchip/AVR-Dx_DFP/2.5.294/xc8/avr/lib/avrxmega2/memx-const/mapped/crtavr64dd32.o
 .bss           0x0000000000000000        0x0 C:/Users/c52467/.mchp_packs/Microchip/AVR-Dx_DFP/2.5.294/xc8/avr/lib/avrxmega2/memx-const/mapped/crtavr64dd32.o
 .text          0x0000000000000000        0x0 build/default/production/main.o
 .data          0x0000000000000000        0x0 build/default/production/main.o
 .bss           0x0000000000000000        0x0 build/default/production/main.o
 .text          0x0000000000000000        0x0 build/default/production/main_clk_ctrl.o
 .data          0x0000000000000000        0x0 build/default/production/main_clk_ctrl.o
 .bss           0x0000000000000000        0x0 build/default/production/main_clk_ctrl.o
 .text          0x0000000000000000        0x0 build/default/production/usart0_tx.o
 .data          0x0000000000000000        0x0 build/default/production/usart0_tx.o
 .bss           0x0000000000000000        0x0 build/default/production/usart0_tx.o
 .text          0x0000000000000000        0x0 build/default/production/spi0.o
 .data          0x0000000000000000        0x0 build/default/production/spi0.o
 .bss           0x0000000000000000        0x0 build/default/production/spi0.o
 .text.SPI_Write_Byte
                0x0000000000000000       0x10 build/default/production/spi0.o
 .text.SPI_Enable
                0x0000000000000000        0xc build/default/production/spi0.o
 .text.SPI_Enable_Pins
                0x0000000000000000        0xe build/default/production/spi0.o
 .text          0x0000000000000000        0x0 build/default/production/adc.o
 .data          0x0000000000000000        0x0 build/default/production/adc.o
 .bss           0x0000000000000000        0x0 build/default/production/adc.o
 .text.ADC_Stop_Conversion
                0x0000000000000000        0xc build/default/production/adc.o
 .text.ADC_Start_Oversampled_Conversion
                0x0000000000000000       0x18 build/default/production/adc.o
 .text.ADC_Get_Oversampled_Result
                0x0000000000000000       0x38 build/default/production/adc.o
 .bss.enob      0x0000000000000000        0x1 build/default/production/adc.o
 .bss.bitShift  0x0000000000000000        0x1 build/default/production/adc.o
 .text          0x0000000000000000        0x0 build/default/production/ports.o
 .data          0x0000000000000000        0x0 build/default/production/ports.o
 .bss           0x0000000000000000        0x0 build/default/production/ports.o
 .text          0x0000000000000000        0x0 build/default/production/sleep.o
 .data          0x0000000000000000        0x0 build/default/production/sleep.o
 .bss           0x0000000000000000        0x0 build/default/production/sleep.o
 .text          0x0000000000000000        0x0 c:/program files/microchip/xc8/v2.46/avr/bin/../lib/gcc/avr/5.4.0/avrxmega2/memx-const/mapped\libgcc.a(_copy_data.o)
 .data          0x0000000000000000        0x0 c:/program files/microchip/xc8/v2.46/avr/bin/../lib/gcc/avr/5.4.0/avrxmega2/memx-const/mapped\libgcc.a(_copy_data.o)
 .bss           0x0000000000000000        0x0 c:/program files/microchip/xc8/v2.46/avr/bin/../lib/gcc/avr/5.4.0/avrxmega2/memx-const/mapped\libgcc.a(_copy_data.o)
 .text.libgcc.mul
                0x0000000000000000        0x0 c:/program files/microchip/xc8/v2.46/avr/bin/../lib/gcc/avr/5.4.0/avrxmega2/memx-const/mapped\libgcc.a(_copy_data.o)
 .text.libgcc.div
                0x0000000000000000        0x0 c:/program files/microchip/xc8/v2.46/avr/bin/../lib/gcc/avr/5.4.0/avrxmega2/memx-const/mapped\libgcc.a(_copy_data.o)
 .text.libgcc   0x0000000000000000        0x0 c:/program files/microchip/xc8/v2.46/avr/bin/../lib/gcc/avr/5.4.0/avrxmega2/memx-const/mapped\libgcc.a(_copy_data.o)
 .text.libgcc.prologue
                0x0000000000000000        0x0 c:/program files/microchip/xc8/v2.46/avr/bin/../lib/gcc/avr/5.4.0/avrxmega2/memx-const/mapped\libgcc.a(_copy_data.o)
 .text.libgcc.builtins
                0x0000000000000000        0x0 c:/program files/microchip/xc8/v2.46/avr/bin/../lib/gcc/avr/5.4.0/avrxmega2/memx-const/mapped\libgcc.a(_copy_data.o)
 .text.libgcc.fmul
                0x0000000000000000        0x0 c:/program files/microchip/xc8/v2.46/avr/bin/../lib/gcc/avr/5.4.0/avrxmega2/memx-const/mapped\libgcc.a(_copy_data.o)
 .text.libgcc.fixed
                0x0000000000000000        0x0 c:/program files/microchip/xc8/v2.46/avr/bin/../lib/gcc/avr/5.4.0/avrxmega2/memx-const/mapped\libgcc.a(_copy_data.o)
 .text          0x0000000000000000        0x0 c:/program files/microchip/xc8/v2.46/avr/bin/../lib/gcc/avr/5.4.0/avrxmega2/memx-const/mapped\libgcc.a(_umulhisi3.o)
 .data          0x0000000000000000        0x0 c:/program files/microchip/xc8/v2.46/avr/bin/../lib/gcc/avr/5.4.0/avrxmega2/memx-const/mapped\libgcc.a(_umulhisi3.o)
 .bss           0x0000000000000000        0x0 c:/program files/microchip/xc8/v2.46/avr/bin/../lib/gcc/avr/5.4.0/avrxmega2/memx-const/mapped\libgcc.a(_umulhisi3.o)
 .stack.descriptors
                0x0000000000000000       0x19 c:/program files/microchip/xc8/v2.46/avr/bin/../lib/gcc/avr/5.4.0/avrxmega2/memx-const/mapped\libgcc.a(_umulhisi3.o)
 .text.libgcc.div
                0x0000000000000000        0x0 c:/program files/microchip/xc8/v2.46/avr/bin/../lib/gcc/avr/5.4.0/avrxmega2/memx-const/mapped\libgcc.a(_umulhisi3.o)
 .text.libgcc   0x0000000000000000        0x0 c:/program files/microchip/xc8/v2.46/avr/bin/../lib/gcc/avr/5.4.0/avrxmega2/memx-const/mapped\libgcc.a(_umulhisi3.o)
 .text.libgcc.prologue
                0x0000000000000000        0x0 c:/program files/microchip/xc8/v2.46/avr/bin/../lib/gcc/avr/5.4.0/avrxmega2/memx-const/mapped\libgcc.a(_umulhisi3.o)
 .text.libgcc.builtins
                0x0000000000000000        0x0 c:/program files/microchip/xc8/v2.46/avr/bin/../lib/gcc/avr/5.4.0/avrxmega2/memx-const/mapped\libgcc.a(_umulhisi3.o)
 .text.libgcc.fmul
                0x0000000000000000        0x0 c:/program files/microchip/xc8/v2.46/avr/bin/../lib/gcc/avr/5.4.0/avrxmega2/memx-const/mapped\libgcc.a(_umulhisi3.o)
 .text.libgcc.fixed
                0x0000000000000000        0x0 c:/program files/microchip/xc8/v2.46/avr/bin/../lib/gcc/avr/5.4.0/avrxmega2/memx-const/mapped\libgcc.a(_umulhisi3.o)
 .text          0x0000000000000000        0x0 c:/program files/microchip/xc8/v2.46/avr/bin/../lib/gcc/avr/5.4.0/avrxmega2/memx-const/mapped\libgcc.a(_umulsidi3.o)
 .data          0x0000000000000000        0x0 c:/program files/microchip/xc8/v2.46/avr/bin/../lib/gcc/avr/5.4.0/avrxmega2/memx-const/mapped\libgcc.a(_umulsidi3.o)
 .bss           0x0000000000000000        0x0 c:/program files/microchip/xc8/v2.46/avr/bin/../lib/gcc/avr/5.4.0/avrxmega2/memx-const/mapped\libgcc.a(_umulsidi3.o)
 .stack.descriptors
                0x0000000000000000       0x39 c:/program files/microchip/xc8/v2.46/avr/bin/../lib/gcc/avr/5.4.0/avrxmega2/memx-const/mapped\libgcc.a(_umulsidi3.o)
 .text.libgcc.div
                0x0000000000000000        0x0 c:/program files/microchip/xc8/v2.46/avr/bin/../lib/gcc/avr/5.4.0/avrxmega2/memx-const/mapped\libgcc.a(_umulsidi3.o)
 .text.libgcc   0x0000000000000000        0x0 c:/program files/microchip/xc8/v2.46/avr/bin/../lib/gcc/avr/5.4.0/avrxmega2/memx-const/mapped\libgcc.a(_umulsidi3.o)
 .text.libgcc.prologue
                0x0000000000000000        0x0 c:/program files/microchip/xc8/v2.46/avr/bin/../lib/gcc/avr/5.4.0/avrxmega2/memx-const/mapped\libgcc.a(_umulsidi3.o)
 .text.libgcc.builtins
                0x0000000000000000        0x0 c:/program files/microchip/xc8/v2.46/avr/bin/../lib/gcc/avr/5.4.0/avrxmega2/memx-const/mapped\libgcc.a(_umulsidi3.o)
 .text.libgcc.fmul
                0x0000000000000000        0x0 c:/program files/microchip/xc8/v2.46/avr/bin/../lib/gcc/avr/5.4.0/avrxmega2/memx-const/mapped\libgcc.a(_umulsidi3.o)
 .text.libgcc.fixed
                0x0000000000000000        0x0 c:/program files/microchip/xc8/v2.46/avr/bin/../lib/gcc/avr/5.4.0/avrxmega2/memx-const/mapped\libgcc.a(_umulsidi3.o)
 .text          0x0000000000000000        0x0 c:/program files/microchip/xc8/v2.46/avr/bin/../lib/gcc/avr/5.4.0/avrxmega2/memx-const/mapped\libgcc.a(_ashrdi3.o)
 .data          0x0000000000000000        0x0 c:/program files/microchip/xc8/v2.46/avr/bin/../lib/gcc/avr/5.4.0/avrxmega2/memx-const/mapped\libgcc.a(_ashrdi3.o)
 .bss           0x0000000000000000        0x0 c:/program files/microchip/xc8/v2.46/avr/bin/../lib/gcc/avr/5.4.0/avrxmega2/memx-const/mapped\libgcc.a(_ashrdi3.o)
 .text.libgcc.mul
                0x0000000000000000        0x0 c:/program files/microchip/xc8/v2.46/avr/bin/../lib/gcc/avr/5.4.0/avrxmega2/memx-const/mapped\libgcc.a(_ashrdi3.o)
 .text.libgcc.div
                0x0000000000000000        0x0 c:/program files/microchip/xc8/v2.46/avr/bin/../lib/gcc/avr/5.4.0/avrxmega2/memx-const/mapped\libgcc.a(_ashrdi3.o)
 .text.libgcc   0x0000000000000000        0x0 c:/program files/microchip/xc8/v2.46/avr/bin/../lib/gcc/avr/5.4.0/avrxmega2/memx-const/mapped\libgcc.a(_ashrdi3.o)
 .text.libgcc.prologue
                0x0000000000000000        0x0 c:/program files/microchip/xc8/v2.46/avr/bin/../lib/gcc/avr/5.4.0/avrxmega2/memx-const/mapped\libgcc.a(_ashrdi3.o)
 .stack.descriptors
                0x0000000000000000       0x2e c:/program files/microchip/xc8/v2.46/avr/bin/../lib/gcc/avr/5.4.0/avrxmega2/memx-const/mapped\libgcc.a(_ashrdi3.o)
 .text.libgcc.fmul
                0x0000000000000000        0x0 c:/program files/microchip/xc8/v2.46/avr/bin/../lib/gcc/avr/5.4.0/avrxmega2/memx-const/mapped\libgcc.a(_ashrdi3.o)
 .text.libgcc.fixed
                0x0000000000000000        0x0 c:/program files/microchip/xc8/v2.46/avr/bin/../lib/gcc/avr/5.4.0/avrxmega2/memx-const/mapped\libgcc.a(_ashrdi3.o)
 .text          0x0000000000000000        0x0 c:/program files/microchip/xc8/v2.46/avr/bin/../lib/gcc/avr/5.4.0/avrxmega2/memx-const/mapped\libgcc.a(_muldi3_6.o)
 .data          0x0000000000000000        0x0 c:/program files/microchip/xc8/v2.46/avr/bin/../lib/gcc/avr/5.4.0/avrxmega2/memx-const/mapped\libgcc.a(_muldi3_6.o)
 .bss           0x0000000000000000        0x0 c:/program files/microchip/xc8/v2.46/avr/bin/../lib/gcc/avr/5.4.0/avrxmega2/memx-const/mapped\libgcc.a(_muldi3_6.o)
 .stack.descriptors
                0x0000000000000000       0x18 c:/program files/microchip/xc8/v2.46/avr/bin/../lib/gcc/avr/5.4.0/avrxmega2/memx-const/mapped\libgcc.a(_muldi3_6.o)
 .text.libgcc.div
                0x0000000000000000        0x0 c:/program files/microchip/xc8/v2.46/avr/bin/../lib/gcc/avr/5.4.0/avrxmega2/memx-const/mapped\libgcc.a(_muldi3_6.o)
 .text.libgcc   0x0000000000000000        0x0 c:/program files/microchip/xc8/v2.46/avr/bin/../lib/gcc/avr/5.4.0/avrxmega2/memx-const/mapped\libgcc.a(_muldi3_6.o)
 .text.libgcc.prologue
                0x0000000000000000        0x0 c:/program files/microchip/xc8/v2.46/avr/bin/../lib/gcc/avr/5.4.0/avrxmega2/memx-const/mapped\libgcc.a(_muldi3_6.o)
 .text.libgcc.builtins
                0x0000000000000000        0x0 c:/program files/microchip/xc8/v2.46/avr/bin/../lib/gcc/avr/5.4.0/avrxmega2/memx-const/mapped\libgcc.a(_muldi3_6.o)
 .text.libgcc.fmul
                0x0000000000000000        0x0 c:/program files/microchip/xc8/v2.46/avr/bin/../lib/gcc/avr/5.4.0/avrxmega2/memx-const/mapped\libgcc.a(_muldi3_6.o)
 .text.libgcc.fixed
                0x0000000000000000        0x0 c:/program files/microchip/xc8/v2.46/avr/bin/../lib/gcc/avr/5.4.0/avrxmega2/memx-const/mapped\libgcc.a(_muldi3_6.o)
 .text          0x0000000000000000        0x0 c:/program files/microchip/xc8/v2.46/avr/bin/../lib/gcc/avr/5.4.0/../../../../avr/lib/avrxmega2/memx-const/mapped\libc.a(exit.o)
 .data          0x0000000000000000        0x0 c:/program files/microchip/xc8/v2.46/avr/bin/../lib/gcc/avr/5.4.0/../../../../avr/lib/avrxmega2/memx-const/mapped\libc.a(exit.o)
 .bss           0x0000000000000000        0x0 c:/program files/microchip/xc8/v2.46/avr/bin/../lib/gcc/avr/5.4.0/../../../../avr/lib/avrxmega2/memx-const/mapped\libc.a(exit.o)
 .stack.descriptors
                0x0000000000000000       0x73 c:/program files/microchip/xc8/v2.46/avr/bin/../lib/gcc/avr/5.4.0/../../../../avr/lib/avrxmega2/memx-const/mapped\libc.a(exit.o)
 .text          0x0000000000000000        0x0 c:/program files/microchip/xc8/v2.46/avr/bin/../lib/gcc/avr/5.4.0/../../../../avr/lib/avrxmega2/memx-const/mapped\libc.a(stdout.o)
 .data          0x0000000000000000        0x0 c:/program files/microchip/xc8/v2.46/avr/bin/../lib/gcc/avr/5.4.0/../../../../avr/lib/avrxmega2/memx-const/mapped\libc.a(stdout.o)
 .bss           0x0000000000000000        0x0 c:/program files/microchip/xc8/v2.46/avr/bin/../lib/gcc/avr/5.4.0/../../../../avr/lib/avrxmega2/memx-const/mapped\libc.a(stdout.o)
 .stack.descriptors
                0x0000000000000000       0x1b c:/program files/microchip/xc8/v2.46/avr/bin/../lib/gcc/avr/5.4.0/../../../../avr/lib/avrxmega2/memx-const/mapped\libc.a(stdout.o)
 .text.__init_stdout
                0x0000000000000000       0x1e c:/program files/microchip/xc8/v2.46/avr/bin/../lib/gcc/avr/5.4.0/../../../../avr/lib/avrxmega2/memx-const/mapped\libc.a(stdout.o)
 .data.f        0x0000000000000000       0x10 c:/program files/microchip/xc8/v2.46/avr/bin/../lib/gcc/avr/5.4.0/../../../../avr/lib/avrxmega2/memx-const/mapped\libc.a(stdout.o)
 COMMON         0x0000000000000000        0x2 c:/program files/microchip/xc8/v2.46/avr/bin/../lib/gcc/avr/5.4.0/../../../../avr/lib/avrxmega2/memx-const/mapped\libc.a(stdout.o)
 .text          0x0000000000000000        0x0 c:/program files/microchip/xc8/v2.46/avr/bin/../lib/gcc/avr/5.4.0/../../../../avr/lib/avrxmega2/memx-const/mapped\libc.a(_Exit.o)
 .data          0x0000000000000000        0x0 c:/program files/microchip/xc8/v2.46/avr/bin/../lib/gcc/avr/5.4.0/../../../../avr/lib/avrxmega2/memx-const/mapped\libc.a(_Exit.o)
 .bss           0x0000000000000000        0x0 c:/program files/microchip/xc8/v2.46/avr/bin/../lib/gcc/avr/5.4.0/../../../../avr/lib/avrxmega2/memx-const/mapped\libc.a(_Exit.o)
 .stack.descriptors
                0x0000000000000000       0x13 c:/program files/microchip/xc8/v2.46/avr/bin/../lib/gcc/avr/5.4.0/../../../../avr/lib/avrxmega2/memx-const/mapped\libc.a(_Exit.o)
 .text          0x0000000000000000        0x0 c:/program files/microchip/xc8/v2.46/avr/bin/../lib/gcc/avr/5.4.0/avrxmega2/memx-const/mapped\libgcc.a(_exit.o)
 .data          0x0000000000000000        0x0 c:/program files/microchip/xc8/v2.46/avr/bin/../lib/gcc/avr/5.4.0/avrxmega2/memx-const/mapped\libgcc.a(_exit.o)
 .bss           0x0000000000000000        0x0 c:/program files/microchip/xc8/v2.46/avr/bin/../lib/gcc/avr/5.4.0/avrxmega2/memx-const/mapped\libgcc.a(_exit.o)
 .text.libgcc.mul
                0x0000000000000000        0x0 c:/program files/microchip/xc8/v2.46/avr/bin/../lib/gcc/avr/5.4.0/avrxmega2/memx-const/mapped\libgcc.a(_exit.o)
 .text.libgcc.div
                0x0000000000000000        0x0 c:/program files/microchip/xc8/v2.46/avr/bin/../lib/gcc/avr/5.4.0/avrxmega2/memx-const/mapped\libgcc.a(_exit.o)
 .text.libgcc   0x0000000000000000        0x0 c:/program files/microchip/xc8/v2.46/avr/bin/../lib/gcc/avr/5.4.0/avrxmega2/memx-const/mapped\libgcc.a(_exit.o)
 .text.libgcc.prologue
                0x0000000000000000        0x0 c:/program files/microchip/xc8/v2.46/avr/bin/../lib/gcc/avr/5.4.0/avrxmega2/memx-const/mapped\libgcc.a(_exit.o)
 .stack.descriptors
                0x0000000000000000       0x13 c:/program files/microchip/xc8/v2.46/avr/bin/../lib/gcc/avr/5.4.0/avrxmega2/memx-const/mapped\libgcc.a(_exit.o)
 .text.libgcc.builtins
                0x0000000000000000        0x0 c:/program files/microchip/xc8/v2.46/avr/bin/../lib/gcc/avr/5.4.0/avrxmega2/memx-const/mapped\libgcc.a(_exit.o)
 .text.libgcc.fmul
                0x0000000000000000        0x0 c:/program files/microchip/xc8/v2.46/avr/bin/../lib/gcc/avr/5.4.0/avrxmega2/memx-const/mapped\libgcc.a(_exit.o)
 .text.libgcc.fixed
                0x0000000000000000        0x0 c:/program files/microchip/xc8/v2.46/avr/bin/../lib/gcc/avr/5.4.0/avrxmega2/memx-const/mapped\libgcc.a(_exit.o)

Memory Configuration

Name             Origin             Length             Attributes
text             0x0000000000000000 0x0000000000010000 xr
data             0x0000000000806000 0x0000000000002000 rw !x
eeprom           0x0000000000810000 0x0000000000000100 rw !x
fuse             0x0000000000820000 0x0000000000000010 rw !x
lock             0x0000000000830000 0x0000000000000400 rw !x
signature        0x0000000000840000 0x0000000000000400 rw !x
user_signatures  0x0000000000850000 0x0000000000000400 rw !x
bootrow          0x0000000000860000 0x0000000000000400 rw !x
*default*        0x0000000000000000 0xffffffffffffffff

Linker script and memory map

Address of section .data set to 0x806000
                0x0000000000008000                __RODATA_PM_OFFSET__ = 0x8000
LOAD C:/Users/c52467/.mchp_packs/Microchip/AVR-Dx_DFP/2.5.294/xc8/avr/lib/avrxmega2/memx-const/mapped/crtavr64dd32.o
                0x0000000000000001                __MPLAB_BUILD = 0x1
LOAD build/default/production/main.o
LOAD build/default/production/main_clk_ctrl.o
LOAD build/default/production/usart0_tx.o
LOAD build/default/production/spi0.o
LOAD build/default/production/adc.o
LOAD build/default/production/ports.o
LOAD build/default/production/sleep.o
START GROUP
LOAD c:/program files/microchip/xc8/v2.46/avr/bin/../lib/gcc/avr/5.4.0/../../../../avr/lib/avrxmega2/memx-const/mapped\libm.a
END GROUP
START GROUP
LOAD c:/program files/microchip/xc8/v2.46/avr/bin/../lib/gcc/avr/5.4.0/avrxmega2/memx-const/mapped\libgcc.a
LOAD c:/program files/microchip/xc8/v2.46/avr/bin/../lib/gcc/avr/5.4.0/../../../../avr/lib/avrxmega2/memx-const/mapped\libm.a
LOAD c:/program files/microchip/xc8/v2.46/avr/bin/../lib/gcc/avr/5.4.0/../../../../avr/lib/avrxmega2/memx-const/mapped\libc.a
LOAD C:/Users/c52467/.mchp_packs/Microchip/AVR-Dx_DFP/2.5.294/xc8/avr/lib/avrxmega2/memx-const/mapped\libavr64dd32.a
END GROUP
                [0x0000000000000000]                __TEXT_REGION_ORIGIN__ = DEFINED (__TEXT_REGION_ORIGIN__)?__TEXT_REGION_ORIGIN__:0x0
                [0x0000000000806000]                __DATA_REGION_ORIGIN__ = DEFINED (__DATA_REGION_ORIGIN__)?__DATA_REGION_ORIGIN__:0x802000
                [0x0000000000010000]                __TEXT_REGION_LENGTH__ = DEFINED (__TEXT_REGION_LENGTH__)?__TEXT_REGION_LENGTH__:0x100000
                [0x0000000000002000]                __DATA_REGION_LENGTH__ = DEFINED (__DATA_REGION_LENGTH__)?__DATA_REGION_LENGTH__:0xffa0
                [0x0000000000000100]                __EEPROM_REGION_LENGTH__ = DEFINED (__EEPROM_REGION_LENGTH__)?__EEPROM_REGION_LENGTH__:0x10000
                [0x0000000000000010]                __FUSE_REGION_LENGTH__ = DEFINED (__FUSE_REGION_LENGTH__)?__FUSE_REGION_LENGTH__:0x400
                0x0000000000000400                __LOCK_REGION_LENGTH__ = DEFINED (__LOCK_REGION_LENGTH__)?__LOCK_REGION_LENGTH__:0x400
                0x0000000000000400                __SIGNATURE_REGION_LENGTH__ = DEFINED (__SIGNATURE_REGION_LENGTH__)?__SIGNATURE_REGION_LENGTH__:0x400
                0x0000000000000400                __USER_SIGNATURE_REGION_LENGTH__ = DEFINED (__USER_SIGNATURE_REGION_LENGTH__)?__USER_SIGNATURE_REGION_LENGTH__:0x400
                0x0000000000000400                __BOOTROW_REGION_LENGTH__ = DEFINED (__BOOTROW_REGION_LENGTH__)?__BOOTROW_REGION_LENGTH__:0x400

.hash
 *(.hash)

.dynsym
 *(.dynsym)

.dynstr
 *(.dynstr)

.gnu.version
 *(.gnu.version)

.gnu.version_d
 *(.gnu.version_d)

.gnu.version_r
 *(.gnu.version_r)

.rel.init
 *(.rel.init)

.rela.init
 *(.rela.init)

.rel.text
 *(.rel.text)
 *(.rel.text.*)
 *(.rel.gnu.linkonce.t*)

.rela.text
 *(.rela.text)
 *(.rela.text.*)
 *(.rela.gnu.linkonce.t*)

.rel.fini
 *(.rel.fini)

.rela.fini
 *(.rela.fini)

.rel.rodata
 *(.rel.rodata)
 *(.rel.rodata.*)
 *(.rel.gnu.linkonce.r*)

.rela.rodata
 *(.rela.rodata)
 *(.rela.rodata.*)
 *(.rela.gnu.linkonce.r*)

.rel.data
 *(.rel.data)
 *(.rel.data.*)
 *(.rel.gnu.linkonce.d*)

.rela.data
 *(.rela.data)
 *(.rela.data.*)
 *(.rela.gnu.linkonce.d*)

.rel.ctors
 *(.rel.ctors)

.rela.ctors
 *(.rela.ctors)

.rel.dtors
 *(.rel.dtors)

.rela.dtors
 *(.rela.dtors)

.rel.got
 *(.rel.got)

.rela.got
 *(.rela.got)

.rel.bss
 *(.rel.bss)

.rela.bss
 *(.rela.bss)

.rel.plt
 *(.rel.plt)

.rela.plt
 *(.rela.plt)

.text           0x0000000000000000      0x10e
 *(.vectors)
 .vectors       0x0000000000000000       0x90 C:/Users/c52467/.mchp_packs/Microchip/AVR-Dx_DFP/2.5.294/xc8/avr/lib/avrxmega2/memx-const/mapped/crtavr64dd32.o
                0x0000000000000000                __vector_default
                0x0000000000000000                __vectors
 *(.vectors)
 *(.progmem.gcc*)
 *(.dinit)
 .dinit         0x0000000000000090       0x18 data_init
                0x00000000000000a8                . = ALIGN (0x2)
                0x00000000000000a8                __trampolines_start = .
 *(.trampolines)
 .trampolines   0x00000000000000a8        0x0 linker stubs
 *(.trampolines*)
                0x00000000000000a8                __trampolines_end = .
 *libprintf_flt.a:*(.progmem.data)
 *libc.a:*(.progmem.data)
                0x00000000000000a8                . = ALIGN (0x2)
 *(.jumptables)
 *(.jumptables*)
 *(.lowtext)
 *(.lowtext*)
                0x00000000000000a8                __ctors_start = .
 *(.ctors)
                0x00000000000000a8                __ctors_end = .
                0x00000000000000a8                __dtors_start = .
 *(.dtors)
                0x00000000000000a8                __dtors_end = .
 SORT(*)(.ctors)
 SORT(*)(.dtors)
 *(.init0)
 .init0         0x00000000000000a8        0x0 C:/Users/c52467/.mchp_packs/Microchip/AVR-Dx_DFP/2.5.294/xc8/avr/lib/avrxmega2/memx-const/mapped/crtavr64dd32.o
                0x00000000000000a8                __init
 *(.init0)
 *(.init1)
 .init1         0x00000000000000a8       0x12 C:/Users/c52467/.mchp_packs/Microchip/AVR-Dx_DFP/2.5.294/xc8/avr/lib/avrxmega2/memx-const/mapped/crtavr64dd32.o
 *(.init1)
 *(.init2)
 .init2         0x00000000000000ba        0xc C:/Users/c52467/.mchp_packs/Microchip/AVR-Dx_DFP/2.5.294/xc8/avr/lib/avrxmega2/memx-const/mapped/crtavr64dd32.o
 *(.init2)
 *(.init3)
 *(.init3)
 *(.init4)
 .init4         0x00000000000000c6       0x3c c:/program files/microchip/xc8/v2.46/avr/bin/../lib/gcc/avr/5.4.0/avrxmega2/memx-const/mapped\libgcc.a(_copy_data.o)
                0x00000000000000c6                __do_copy_data
                0x00000000000000f4                __do_clear_bss
 *(.init4)
 *(.init5)
 *(.init5)
 *(.init6)
 *(.init6)
 *(.init7)
 *(.init7)
 *(.init8)
 *(.init8)
 *(.init9)
 .init9         0x0000000000000102        0x8 C:/Users/c52467/.mchp_packs/Microchip/AVR-Dx_DFP/2.5.294/xc8/avr/lib/avrxmega2/memx-const/mapped/crtavr64dd32.o
 *(.init9)
                0x000000000000010a                . = ALIGN (0x2)
 *(.fini9)
 .fini9         0x000000000000010a        0x0 c:/program files/microchip/xc8/v2.46/avr/bin/../lib/gcc/avr/5.4.0/avrxmega2/memx-const/mapped\libgcc.a(_exit.o)
                0x000000000000010a                _exit
 *(.fini9)
 *(.fini8)
 *(.fini8)
 *(.fini7)
 *(.fini7)
 *(.fini6)
 *(.fini6)
 *(.fini5)
 *(.fini5)
 *(.fini4)
 *(.fini4)
 *(.fini3)
 *(.fini3)
 *(.fini2)
 *(.fini2)
 *(.fini1)
 *(.fini1)
 *(.fini0)
 .fini0         0x000000000000010a        0x4 c:/program files/microchip/xc8/v2.46/avr/bin/../lib/gcc/avr/5.4.0/avrxmega2/memx-const/mapped\libgcc.a(_exit.o)
 *(.fini0)
                0x000000000000010e                _etext = .

.data           0x0000000000806000        0x0 load address 0x000000000000010e
                [!provide]                        PROVIDE (__data_start, .)
 *(.gnu.linkonce.d*)
 *(.gnu.linkonce.r*)
                0x0000000000806000                . = ALIGN (0x2)
                0x0000000000806000                _edata = .
                [!provide]                        PROVIDE (__data_end, .)

.bss            0x0000000000806000        0x0
                [!provide]                        PROVIDE (__bss_start, .)
 *(COMMON)
                [!provide]                        PROVIDE (__bss_end, .)
                0x000000000000010e                __data_load_start = LOADADDR (.data)
                0x000000000000010e                __data_load_end = (__data_load_start + SIZEOF (.data))

.noinit         0x0000000000806000        0x0
                [!provide]                        PROVIDE (__noinit_start, .)
 *(.noinit*)
                [!provide]                        PROVIDE (__noinit_end, .)
                0x0000000000806000                _end = .

.eeprom         0x0000000000810000        0x0
 *(.eeprom*)
                0x0000000000810000                __eeprom_end = .

.fuse
 *(.fuse)
 *(.lfuse)
 *(.hfuse)
 *(.efuse)

.lock
 *(.lock*)

.signature
 *(.signature*)

.user_signatures
 *(.user_signatures*)

.bootrow
 *(.bootrow*)

.stab
 *(.stab)

.stabstr
 *(.stabstr)

.stab.excl
 *(.stab.excl)

.stab.exclstr
 *(.stab.exclstr)

.stab.index
 *(.stab.index)

.stab.indexstr
 *(.stab.indexstr)

.comment        0x0000000000000000       0x5b
 *(.comment)
 .comment       0x0000000000000000       0x2f build/default/production/main.o
                                         0x30 (size before relaxing)
 .comment       0x000000000000002f       0x30 build/default/production/main_clk_ctrl.o
 .comment       0x000000000000002f       0x30 build/default/production/usart0_tx.o
 .comment       0x000000000000002f       0x30 build/default/production/spi0.o
 .comment       0x000000000000002f       0x30 build/default/production/adc.o
 .comment       0x000000000000002f       0x30 build/default/production/ports.o
 .comment       0x000000000000002f       0x30 build/default/production/sleep.o
 .comment       0x000000000000002f       0x2c c:/program files/microchip/xc8/v2.46/avr/bin/../lib/gcc/avr/5.4.0/../../../../avr/lib/avrxmega2/memx-const/mapped\libc.a(exit.o)
                                         0x2d (size before relaxing)
 .comment       0x000000000000005b       0x2d c:/program files/microchip/xc8/v2.46/avr/bin/../lib/gcc/avr/5.4.0/../../../../avr/lib/avrxmega2/memx-const/mapped\libc.a(stdout.o)
 .comment       0x000000000000005b       0x2d c:/program files/microchip/xc8/v2.46/avr/bin/../lib/gcc/avr/5.4.0/../../../../avr/lib/avrxmega2/memx-const/mapped\libc.a(_Exit.o)

.stack.descriptors.hdr
                0x0000000000000000       0x70
 .stack.descriptors.hdr
                0x0000000000000000        0xe c:/program files/microchip/xc8/v2.46/avr/bin/../lib/gcc/avr/5.4.0/avrxmega2/memx-const/mapped\libgcc.a(_umulhisi3.o)
 .stack.descriptors.hdr
                0x000000000000000e        0xe c:/program files/microchip/xc8/v2.46/avr/bin/../lib/gcc/avr/5.4.0/avrxmega2/memx-const/mapped\libgcc.a(_umulsidi3.o)
 .stack.descriptors.hdr
                0x000000000000001c        0xe c:/program files/microchip/xc8/v2.46/avr/bin/../lib/gcc/avr/5.4.0/avrxmega2/memx-const/mapped\libgcc.a(_ashrdi3.o)
 .stack.descriptors.hdr
                0x000000000000002a        0xe c:/program files/microchip/xc8/v2.46/avr/bin/../lib/gcc/avr/5.4.0/avrxmega2/memx-const/mapped\libgcc.a(_muldi3_6.o)
 .stack.descriptors.hdr
                0x0000000000000038        0xe c:/program files/microchip/xc8/v2.46/avr/bin/../lib/gcc/avr/5.4.0/../../../../avr/lib/avrxmega2/memx-const/mapped\libc.a(exit.o)
 .stack.descriptors.hdr
                0x0000000000000046        0xe c:/program files/microchip/xc8/v2.46/avr/bin/../lib/gcc/avr/5.4.0/../../../../avr/lib/avrxmega2/memx-const/mapped\libc.a(stdout.o)
 .stack.descriptors.hdr
                0x0000000000000054        0xe c:/program files/microchip/xc8/v2.46/avr/bin/../lib/gcc/avr/5.4.0/../../../../avr/lib/avrxmega2/memx-const/mapped\libc.a(_Exit.o)
 .stack.descriptors.hdr
                0x0000000000000062        0xe c:/program files/microchip/xc8/v2.46/avr/bin/../lib/gcc/avr/5.4.0/avrxmega2/memx-const/mapped\libgcc.a(_exit.o)

.note.GNU-stack
                0x0000000000000000        0x0
 .note.GNU-stack
                0x0000000000000000        0x0 c:/program files/microchip/xc8/v2.46/avr/bin/../lib/gcc/avr/5.4.0/../../../../avr/lib/avrxmega2/memx-const/mapped\libc.a(exit.o)
 .note.GNU-stack
                0x0000000000000000        0x0 c:/program files/microchip/xc8/v2.46/avr/bin/../lib/gcc/avr/5.4.0/../../../../avr/lib/avrxmega2/memx-const/mapped\libc.a(stdout.o)
 .note.GNU-stack
                0x0000000000000000        0x0 c:/program files/microchip/xc8/v2.46/avr/bin/../lib/gcc/avr/5.4.0/../../../../avr/lib/avrxmega2/memx-const/mapped\libc.a(_Exit.o)

.note.gnu.build-id
 *(.note.gnu.build-id)

.debug
 *(.debug)

.line
 *(.line)

.debug_srcinfo
 *(.debug_srcinfo)

.debug_sfnames
 *(.debug_sfnames)

.debug_aranges  0x0000000000000000      0x1c0
 *(.debug_aranges)
 .debug_aranges
                0x0000000000000000       0x28 build/default/production/main.o
 .debug_aranges
                0x0000000000000028       0x28 build/default/production/main_clk_ctrl.o
 .debug_aranges
                0x0000000000000050       0x30 build/default/production/usart0_tx.o
 .debug_aranges
                0x0000000000000080       0x60 build/default/production/spi0.o
 .debug_aranges
                0x00000000000000e0       0x80 build/default/production/adc.o
 .debug_aranges
                0x0000000000000160       0x40 build/default/production/ports.o
 .debug_aranges
                0x00000000000001a0       0x20 build/default/production/sleep.o

.debug_pubnames
 *(.debug_pubnames)

.debug_info     0x0000000000000000     0x7e97
 *(.debug_info .gnu.linkonce.wi.*)
 .debug_info    0x0000000000000000     0x22a4 C:/Users/c52467/.mchp_packs/Microchip/AVR-Dx_DFP/2.5.294/xc8/avr/lib/avrxmega2/memx-const/mapped/crtavr64dd32.o
 .debug_info    0x00000000000022a4     0x16ad build/default/production/main.o
 .debug_info    0x0000000000003951      0xab3 build/default/production/main_clk_ctrl.o
 .debug_info    0x0000000000004404      0xc9a build/default/production/usart0_tx.o
 .debug_info    0x000000000000509e      0x9ae build/default/production/spi0.o
 .debug_info    0x0000000000005a4c     0x176d build/default/production/adc.o
 .debug_info    0x00000000000071b9      0x62e build/default/production/ports.o
 .debug_info    0x00000000000077e7      0x6b0 build/default/production/sleep.o

.debug_abbrev   0x0000000000000000     0x2978
 *(.debug_abbrev)
 .debug_abbrev  0x0000000000000000     0x20ce C:/Users/c52467/.mchp_packs/Microchip/AVR-Dx_DFP/2.5.294/xc8/avr/lib/avrxmega2/memx-const/mapped/crtavr64dd32.o
 .debug_abbrev  0x00000000000020ce      0x199 build/default/production/main.o
 .debug_abbrev  0x0000000000002267      0x109 build/default/production/main_clk_ctrl.o
 .debug_abbrev  0x0000000000002370      0x1d1 build/default/production/usart0_tx.o
 .debug_abbrev  0x0000000000002541      0x103 build/default/production/spi0.o
 .debug_abbrev  0x0000000000002644      0x1a3 build/default/production/adc.o
 .debug_abbrev  0x00000000000027e7       0xcf build/default/production/ports.o
 .debug_abbrev  0x00000000000028b6       0xc2 build/default/production/sleep.o

.debug_line     0x0000000000000000      0xe89
 *(.debug_line .debug_line.* .debug_line_end)
 .debug_line    0x0000000000000000      0x1aa C:/Users/c52467/.mchp_packs/Microchip/AVR-Dx_DFP/2.5.294/xc8/avr/lib/avrxmega2/memx-const/mapped/crtavr64dd32.o
 .debug_line    0x00000000000001aa      0x295 build/default/production/main.o
 .debug_line    0x000000000000043f      0x14b build/default/production/main_clk_ctrl.o
 .debug_line    0x000000000000058a      0x195 build/default/production/usart0_tx.o
 .debug_line    0x000000000000071f      0x210 build/default/production/spi0.o
 .debug_line    0x000000000000092f      0x2a8 build/default/production/adc.o
 .debug_line    0x0000000000000bd7      0x1c1 build/default/production/ports.o
 .debug_line    0x0000000000000d98       0xf1 build/default/production/sleep.o

.debug_frame    0x0000000000000000      0x36c
 *(.debug_frame)
 .debug_frame   0x0000000000000000       0x88 build/default/production/main.o
 .debug_frame   0x0000000000000088       0x44 build/default/production/main_clk_ctrl.o
 .debug_frame   0x00000000000000cc       0x44 build/default/production/usart0_tx.o
 .debug_frame   0x0000000000000110       0xa4 build/default/production/spi0.o
 .debug_frame   0x00000000000001b4      0x124 build/default/production/adc.o
 .debug_frame   0x00000000000002d8       0x70 build/default/production/ports.o
 .debug_frame   0x0000000000000348       0x24 build/default/production/sleep.o

.debug_str      0x0000000000000000      0xf76
 *(.debug_str)
 .debug_str     0x0000000000000000      0xefb C:/Users/c52467/.mchp_packs/Microchip/AVR-Dx_DFP/2.5.294/xc8/avr/lib/avrxmega2/memx-const/mapped/crtavr64dd32.o
 .debug_str     0x0000000000000efb        0x0 build/default/production/main.o
 .debug_str     0x0000000000000efb       0x27 build/default/production/main_clk_ctrl.o
 .debug_str     0x0000000000000f22       0x16 build/default/production/usart0_tx.o
 .debug_str     0x0000000000000f38       0x1f build/default/production/spi0.o
 .debug_str     0x0000000000000f57       0x1f build/default/production/adc.o
 .debug_str     0x0000000000000f76        0x0 build/default/production/ports.o
 .debug_str     0x0000000000000f76        0x0 build/default/production/sleep.o

.debug_loc      0x0000000000000000      0x5d4
 *(.debug_loc)
 .debug_loc     0x0000000000000000       0x4a build/default/production/main.o
 .debug_loc     0x000000000000004a      0x121 build/default/production/main_clk_ctrl.o
 .debug_loc     0x000000000000016b      0x101 build/default/production/usart0_tx.o
 .debug_loc     0x000000000000026c      0x101 build/default/production/spi0.o
 .debug_loc     0x000000000000036d      0x246 build/default/production/adc.o
 .debug_loc     0x00000000000005b3       0x21 build/default/production/sleep.o

.debug_macinfo
 *(.debug_macinfo)

.debug_weaknames
 *(.debug_weaknames)

.debug_funcnames
 *(.debug_funcnames)

.debug_typenames
 *(.debug_typenames)

.debug_varnames
 *(.debug_varnames)

.debug_pubtypes
 *(.debug_pubtypes)

.debug_ranges   0x0000000000000000      0x168
 *(.debug_ranges)
 .debug_ranges  0x0000000000000000       0x30 build/default/production/main.o
 .debug_ranges  0x0000000000000030       0x18 build/default/production/main_clk_ctrl.o
 .debug_ranges  0x0000000000000048       0x20 build/default/production/usart0_tx.o
 .debug_ranges  0x0000000000000068       0x50 build/default/production/spi0.o
 .debug_ranges  0x00000000000000b8       0x70 build/default/production/adc.o
 .debug_ranges  0x0000000000000128       0x30 build/default/production/ports.o
 .debug_ranges  0x0000000000000158       0x10 build/default/production/sleep.o

.debug_macro
 *(.debug_macro)
OUTPUT(dist/default/production/AVR-DD_Final_Project_Host.X.production.elf elf32-avr)
LOAD linker stubs
LOAD data_init

.note.gnu.avr.deviceinfo
                0x0000000000000000       0x3c
 .note.gnu.avr.deviceinfo
                0x0000000000000000       0x3c C:/Users/c52467/.mchp_packs/Microchip/AVR-Dx_DFP/2.5.294/xc8/avr/lib/avrxmega2/memx-const/mapped/crtavr64dd32.o

.bss.data_array
                0x0000000000806010        0x2
 .bss.data_array
                0x0000000000806010        0x2 build/default/production/main.o
                0x0000000000806010                data_array

.bss.window_satisfied
                0x0000000000806016        0x1
 .bss.window_satisfied
                0x0000000000806016        0x1 build/default/production/adc.o
                0x0000000000806016                window_satisfied

.bss.button_pressed
                0x0000000000806017        0x1
 .bss.button_pressed
                0x0000000000806017        0x1 build/default/production/ports.o
                0x0000000000806017                button_pressed

.bss.__stdout   0x0000000000806014        0x2
 .bss.__stdout  0x0000000000806014        0x2 c:/program files/microchip/xc8/v2.46/avr/bin/../lib/gcc/avr/5.4.0/../../../../avr/lib/avrxmega2/memx-const/mapped\libc.a(stdout.o)

.text.main      0x000000000000010e      0x17e
 .text.main     0x000000000000010e      0x17e build/default/production/main.o
                0x000000000000010e                main

.text.ADC_Init  0x000000000000028c       0xb0
 .text.ADC_Init
                0x000000000000028c       0xb0 build/default/production/adc.o
                0x000000000000028c                ADC_Init

.text.Spin_Lock
                0x000000000000033c       0x6e
 .text.Spin_Lock
                0x000000000000033c       0x6e build/default/production/main.o
                0x000000000000033c                Spin_Lock

.text.PORT_Init
                0x00000000000003aa       0x68
 .text.PORT_Init
                0x00000000000003aa       0x68 build/default/production/ports.o
                0x00000000000003aa                PORT_Init

.text.libgcc.mul
                0x0000000000000412       0x56
 .text.libgcc.mul
                0x0000000000000412       0x56 c:/program files/microchip/xc8/v2.46/avr/bin/../lib/gcc/avr/5.4.0/avrxmega2/memx-const/mapped\libgcc.a(_umulsidi3.o)
                0x0000000000000412                __umulsidi3
                0x0000000000000414                __umulsidi3_helper

.text.USART_Init
                0x0000000000000468       0x4e
 .text.USART_Init
                0x0000000000000468       0x4e build/default/production/usart0_tx.o
                0x0000000000000468                USART_Init

.text.MainClkCtrl
                0x00000000000004b6       0x48
 .text.MainClkCtrl
                0x00000000000004b6       0x48 build/default/production/main_clk_ctrl.o
                0x00000000000004b6                MainClkCtrl

.text.libgcc.builtins
                0x00000000000004fe       0x3c
 .text.libgcc.builtins
                0x00000000000004fe       0x3c c:/program files/microchip/xc8/v2.46/avr/bin/../lib/gcc/avr/5.4.0/avrxmega2/memx-const/mapped\libgcc.a(_ashrdi3.o)
                0x00000000000004fe                __ashrdi3
                0x0000000000000502                __lshrdi3

.text.LowPowerClkCtrl
                0x000000000000053a       0x3a
 .text.LowPowerClkCtrl
                0x000000000000053a       0x3a build/default/production/main_clk_ctrl.o
                0x000000000000053a                LowPowerClkCtrl

.text.SPI_Host_Init
                0x0000000000000574       0x3a
 .text.SPI_Host_Init
                0x0000000000000574       0x3a build/default/production/spi0.o
                0x0000000000000574                SPI_Host_Init

.text.SPI0_WriteBlock
                0x00000000000005ae       0x24
 .text.SPI0_WriteBlock
                0x00000000000005ae       0x24 build/default/production/spi0.o
                0x00000000000005ae                SPI0_WriteBlock

.text.SLEEP_Init
                0x00000000000005d2       0x22
 .text.SLEEP_Init
                0x00000000000005d2       0x22 build/default/production/sleep.o
                0x00000000000005d2                SLEEP_Init

.text.libgcc.mul
                0x00000000000005f4       0x1e
 .text.libgcc.mul
                0x00000000000005f4       0x1e c:/program files/microchip/xc8/v2.46/avr/bin/../lib/gcc/avr/5.4.0/avrxmega2/memx-const/mapped\libgcc.a(_umulhisi3.o)
                0x00000000000005f4                __umulhisi3

.text.__vector_34
                0x0000000000000612       0x1a
 .text.__vector_34
                0x0000000000000612       0x1a build/default/production/ports.o
                0x0000000000000612                __vector_34

.text.exit      0x000000000000062c       0x16
 .text.exit     0x000000000000062c       0x16 c:/program files/microchip/xc8/v2.46/avr/bin/../lib/gcc/avr/5.4.0/../../../../avr/lib/avrxmega2/memx-const/mapped\libc.a(exit.o)
                0x000000000000062c                exit

.text.ADC_Disable_Power_Rails_After_Conversion
                0x0000000000000642       0x12
 .text.ADC_Disable_Power_Rails_After_Conversion
                0x0000000000000642       0x12 build/default/production/adc.o
                0x0000000000000642                ADC_Disable_Power_Rails_After_Conversion

.text.libgcc.mul
                0x0000000000000654       0x12
 .text.libgcc.mul
                0x0000000000000654       0x12 c:/program files/microchip/xc8/v2.46/avr/bin/../lib/gcc/avr/5.4.0/avrxmega2/memx-const/mapped\libgcc.a(_muldi3_6.o)
                0x0000000000000654                __muldi3_6

.text.USART0_sendChar
                0x0000000000000666       0x10
 .text.USART0_sendChar
                0x0000000000000666       0x10 build/default/production/usart0_tx.o
                0x0000000000000666                USART0_sendChar

.text.SPI_Disable_Pins
                0x0000000000000676       0x10
 .text.SPI_Disable_Pins
                0x0000000000000676       0x10 build/default/production/spi0.o
                0x0000000000000676                SPI_Disable_Pins

.text.__vector_27
                0x0000000000000686       0x10
 .text.__vector_27
                0x0000000000000686       0x10 build/default/production/adc.o
                0x0000000000000686                __vector_27

.text.ADC_Enable_Power_Rails_Before_Conversion
                0x0000000000000696        0xe
 .text.ADC_Enable_Power_Rails_Before_Conversion
                0x0000000000000696        0xe build/default/production/adc.o
                0x0000000000000696                ADC_Enable_Power_Rails_Before_Conversion

.text.TurnOffUnusedPinsBeforeSleep
                0x00000000000006a4        0xe
 .text.TurnOffUnusedPinsBeforeSleep
                0x00000000000006a4        0xe build/default/production/ports.o
                0x00000000000006a4                TurnOffUnusedPinsBeforeSleep

.text.SPI_Disable
                0x00000000000006b2        0xc
 .text.SPI_Disable
                0x00000000000006b2        0xc build/default/production/spi0.o
                0x00000000000006b2                SPI_Disable

.text.ADC_Enable
                0x00000000000006be        0xc
 .text.ADC_Enable
                0x00000000000006be        0xc build/default/production/adc.o
                0x00000000000006be                ADC_Enable

.text.ADC_Disable
                0x00000000000006ca        0xc
 .text.ADC_Disable
                0x00000000000006ca        0xc build/default/production/adc.o
                0x00000000000006ca                ADC_Disable

.text.ADC_Start_Conversion
                0x00000000000006d6        0xc
 .text.ADC_Start_Conversion
                0x00000000000006d6        0xc build/default/production/adc.o
                0x00000000000006d6                ADC_Start_Conversion

.text.USART0_printChar
                0x00000000000006e2        0xa
 .text.USART0_printChar
                0x00000000000006e2        0xa build/default/production/usart0_tx.o
                0x00000000000006e2                USART0_printChar

.text.ADC_Is_Window_Satisfied
                0x00000000000006ec        0xa
 .text.ADC_Is_Window_Satisfied
                0x00000000000006ec        0xa build/default/production/adc.o
                0x00000000000006ec                ADC_Is_Window_Satisfied

.text.ADC_Get_Result
                0x00000000000006f6        0xa
 .text.ADC_Get_Result
                0x00000000000006f6        0xa build/default/production/adc.o
                0x00000000000006f6                ADC_Get_Result

.text.SPI_Select_Client
                0x0000000000000700        0x8
 .text.SPI_Select_Client
                0x0000000000000700        0x8 build/default/production/spi0.o
                0x0000000000000700                SPI_Select_Client

.text.SPI_Deselect_Client
                0x0000000000000708        0x8
 .text.SPI_Deselect_Client
                0x0000000000000708        0x8 build/default/production/spi0.o
                0x0000000000000708                SPI_Deselect_Client

.text.ADC_Is_Conversion_Done
                0x0000000000000710        0x8
 .text.ADC_Is_Conversion_Done
                0x0000000000000710        0x8 build/default/production/adc.o
                0x0000000000000710                ADC_Is_Conversion_Done

.text.GetButtonPressedStatus
                0x0000000000000718        0x6
 .text.GetButtonPressedStatus
                0x0000000000000718        0x6 build/default/production/ports.o
                0x0000000000000718                GetButtonPressedStatus

.text.ClrButtonPressedStatus
                0x000000000000071e        0x6
 .text.ClrButtonPressedStatus
                0x000000000000071e        0x6 build/default/production/ports.o
                0x000000000000071e                ClrButtonPressedStatus

.text           0x0000000000000724        0x4
 .text          0x0000000000000724        0x4 C:/Users/c52467/.mchp_packs/Microchip/AVR-Dx_DFP/2.5.294/xc8/avr/lib/avrxmega2/memx-const/mapped/crtavr64dd32.o
                0x0000000000000724                __vector_22
                0x0000000000000724                __vector_28
                0x0000000000000724                __vector_1
                0x0000000000000724                __vector_32
                0x0000000000000724                __vector_24
                0x0000000000000724                __vector_12
                0x0000000000000724                __bad_interrupt
                0x0000000000000724                __vector_6
                0x0000000000000724                __vector_31
                0x0000000000000724                __vector_35
                0x0000000000000724                __vector_3
                0x0000000000000724                __vector_23
                0x0000000000000724                __vector_30
                0x0000000000000724                __vector_25
                0x0000000000000724                __vector_11
                0x0000000000000724                __vector_13
                0x0000000000000724                __vector_17
                0x0000000000000724                __vector_19
                0x0000000000000724                __vector_7
                0x0000000000000724                __vector_5
                0x0000000000000724                __vector_33
                0x0000000000000724                __vector_4
                0x0000000000000724                __vector_9
                0x0000000000000724                __vector_2
                0x0000000000000724                __vector_21
                0x0000000000000724                __vector_15
                0x0000000000000724                __vector_29
                0x0000000000000724                __vector_8
                0x0000000000000724                __vector_26
                0x0000000000000724                __vector_14
                0x0000000000000724                __vector_10
                0x0000000000000724                __vector_16
                0x0000000000000724                __vector_18
                0x0000000000000724                __vector_20

.text._Exit     0x0000000000000728        0x4
 .text._Exit    0x0000000000000728        0x4 c:/program files/microchip/xc8/v2.46/avr/bin/../lib/gcc/avr/5.4.0/../../../../avr/lib/avrxmega2/memx-const/mapped\libc.a(_Exit.o)
                0x0000000000000728                _Exit

.text.__dummy_fini
                0x000000000000072c        0x2
 .text.__dummy_fini
                0x000000000000072c        0x2 c:/program files/microchip/xc8/v2.46/avr/bin/../lib/gcc/avr/5.4.0/../../../../avr/lib/avrxmega2/memx-const/mapped\libc.a(exit.o)
                0x000000000000072c                _fini

.text.__dummy_funcs_on_exit
                0x000000000000072e        0x2
 .text.__dummy_funcs_on_exit
                0x000000000000072e        0x2 c:/program files/microchip/xc8/v2.46/avr/bin/../lib/gcc/avr/5.4.0/../../../../avr/lib/avrxmega2/memx-const/mapped\libc.a(exit.o)
                0x000000000000072e                __funcs_on_exit

.text.__dummy_simulator_exit
                0x0000000000000730        0x2
 .text.__dummy_simulator_exit
                0x0000000000000730        0x2 c:/program files/microchip/xc8/v2.46/avr/bin/../lib/gcc/avr/5.4.0/../../../../avr/lib/avrxmega2/memx-const/mapped\libc.a(exit.o)
                0x0000000000000730                __simulator_exit

.data.USART_stream
                0x0000000000806000       0x10 load address 0x0000000000000732
 .data.USART_stream
                0x0000000000806000       0x10 build/default/production/usart0_tx.o
                0x0000000000806000                USART_stream

.data._stdout   0x0000000000806012        0x2 load address 0x0000000000000742
 .data._stdout  0x0000000000806012        0x2 c:/program files/microchip/xc8/v2.46/avr/bin/../lib/gcc/avr/5.4.0/../../../../avr/lib/avrxmega2/memx-const/mapped\libc.a(stdout.o)
                0x0000000000806012                _stdout
