Archive member included to satisfy reference by file (symbol)

c:/program files/microchip/xc8/v2.40/avr/bin/../lib/gcc/avr/5.4.0/avrxmega2\libgcc.a(_copy_data.o)
                              build/default/debug/main.o (__do_copy_data)
c:/program files/microchip/xc8/v2.40/avr/bin/../lib/gcc/avr/5.4.0/../../../../avr/lib/avrxmega2\libc.a(exit.o)
                              C:/Users/c52467/.mchp_packs/Microchip/AVR-Dx_DFP/2.1.152/xc8/avr/lib/avrxmega2/crtavr64dd32.o (exit)
c:/program files/microchip/xc8/v2.40/avr/bin/../lib/gcc/avr/5.4.0/../../../../avr/lib/avrxmega2\libc.a(puts.o)
                              build/default/debug/main.o (puts)
c:/program files/microchip/xc8/v2.40/avr/bin/../lib/gcc/avr/5.4.0/../../../../avr/lib/avrxmega2\libc.a(stdout.o)
                              build/default/debug/usart0_tx.o (_stdout)
c:/program files/microchip/xc8/v2.40/avr/bin/../lib/gcc/avr/5.4.0/../../../../avr/lib/avrxmega2\libc.a(_Exit.o)
                              c:/program files/microchip/xc8/v2.40/avr/bin/../lib/gcc/avr/5.4.0/../../../../avr/lib/avrxmega2\libc.a(exit.o) (_Exit)
c:/program files/microchip/xc8/v2.40/avr/bin/../lib/gcc/avr/5.4.0/../../../../avr/lib/avrxmega2\libc.a(fputs.o)
                              c:/program files/microchip/xc8/v2.40/avr/bin/../lib/gcc/avr/5.4.0/../../../../avr/lib/avrxmega2\libc.a(puts.o) (fputs)
c:/program files/microchip/xc8/v2.40/avr/bin/../lib/gcc/avr/5.4.0/avrxmega2\libgcc.a(_exit.o)
                              c:/program files/microchip/xc8/v2.40/avr/bin/../lib/gcc/avr/5.4.0/../../../../avr/lib/avrxmega2\libc.a(_Exit.o) (_exit)

Allocating common symbols
Common symbol       size              file

__stdout_used       0x2               c:/program files/microchip/xc8/v2.40/avr/bin/../lib/gcc/avr/5.4.0/../../../../avr/lib/avrxmega2\libc.a(stdout.o)

Discarded input sections

 .data          0x0000000000000000        0x0 C:/Users/c52467/.mchp_packs/Microchip/AVR-Dx_DFP/2.1.152/xc8/avr/lib/avrxmega2/crtavr64dd32.o
 .bss           0x0000000000000000        0x0 C:/Users/c52467/.mchp_packs/Microchip/AVR-Dx_DFP/2.1.152/xc8/avr/lib/avrxmega2/crtavr64dd32.o
 .text          0x0000000000000000        0x0 build/default/debug/main.o
 .data          0x0000000000000000        0x0 build/default/debug/main.o
 .bss           0x0000000000000000        0x0 build/default/debug/main.o
 .text          0x0000000000000000        0x0 build/default/debug/usart0_tx.o
 .data          0x0000000000000000        0x0 build/default/debug/usart0_tx.o
 .bss           0x0000000000000000        0x0 build/default/debug/usart0_tx.o
 .text          0x0000000000000000        0x0 build/default/debug/main_clk_ctrl.o
 .data          0x0000000000000000        0x0 build/default/debug/main_clk_ctrl.o
 .bss           0x0000000000000000        0x0 build/default/debug/main_clk_ctrl.o
 .text          0x0000000000000000        0x0 c:/program files/microchip/xc8/v2.40/avr/bin/../lib/gcc/avr/5.4.0/avrxmega2\libgcc.a(_copy_data.o)
 .data          0x0000000000000000        0x0 c:/program files/microchip/xc8/v2.40/avr/bin/../lib/gcc/avr/5.4.0/avrxmega2\libgcc.a(_copy_data.o)
 .bss           0x0000000000000000        0x0 c:/program files/microchip/xc8/v2.40/avr/bin/../lib/gcc/avr/5.4.0/avrxmega2\libgcc.a(_copy_data.o)
 .text.libgcc.mul
                0x0000000000000000        0x0 c:/program files/microchip/xc8/v2.40/avr/bin/../lib/gcc/avr/5.4.0/avrxmega2\libgcc.a(_copy_data.o)
 .text.libgcc.div
                0x0000000000000000        0x0 c:/program files/microchip/xc8/v2.40/avr/bin/../lib/gcc/avr/5.4.0/avrxmega2\libgcc.a(_copy_data.o)
 .text.libgcc   0x0000000000000000        0x0 c:/program files/microchip/xc8/v2.40/avr/bin/../lib/gcc/avr/5.4.0/avrxmega2\libgcc.a(_copy_data.o)
 .text.libgcc.prologue
                0x0000000000000000        0x0 c:/program files/microchip/xc8/v2.40/avr/bin/../lib/gcc/avr/5.4.0/avrxmega2\libgcc.a(_copy_data.o)
 .text.libgcc.builtins
                0x0000000000000000        0x0 c:/program files/microchip/xc8/v2.40/avr/bin/../lib/gcc/avr/5.4.0/avrxmega2\libgcc.a(_copy_data.o)
 .text.libgcc.fmul
                0x0000000000000000        0x0 c:/program files/microchip/xc8/v2.40/avr/bin/../lib/gcc/avr/5.4.0/avrxmega2\libgcc.a(_copy_data.o)
 .text.libgcc.fixed
                0x0000000000000000        0x0 c:/program files/microchip/xc8/v2.40/avr/bin/../lib/gcc/avr/5.4.0/avrxmega2\libgcc.a(_copy_data.o)
 .text          0x0000000000000000        0x0 c:/program files/microchip/xc8/v2.40/avr/bin/../lib/gcc/avr/5.4.0/../../../../avr/lib/avrxmega2\libc.a(exit.o)
 .data          0x0000000000000000        0x0 c:/program files/microchip/xc8/v2.40/avr/bin/../lib/gcc/avr/5.4.0/../../../../avr/lib/avrxmega2\libc.a(exit.o)
 .bss           0x0000000000000000        0x0 c:/program files/microchip/xc8/v2.40/avr/bin/../lib/gcc/avr/5.4.0/../../../../avr/lib/avrxmega2\libc.a(exit.o)
 .text          0x0000000000000000        0x0 c:/program files/microchip/xc8/v2.40/avr/bin/../lib/gcc/avr/5.4.0/../../../../avr/lib/avrxmega2\libc.a(puts.o)
 .data          0x0000000000000000        0x0 c:/program files/microchip/xc8/v2.40/avr/bin/../lib/gcc/avr/5.4.0/../../../../avr/lib/avrxmega2\libc.a(puts.o)
 .bss           0x0000000000000000        0x0 c:/program files/microchip/xc8/v2.40/avr/bin/../lib/gcc/avr/5.4.0/../../../../avr/lib/avrxmega2\libc.a(puts.o)
 .text          0x0000000000000000        0x0 c:/program files/microchip/xc8/v2.40/avr/bin/../lib/gcc/avr/5.4.0/../../../../avr/lib/avrxmega2\libc.a(stdout.o)
 .data          0x0000000000000000        0x0 c:/program files/microchip/xc8/v2.40/avr/bin/../lib/gcc/avr/5.4.0/../../../../avr/lib/avrxmega2\libc.a(stdout.o)
 .bss           0x0000000000000000        0x0 c:/program files/microchip/xc8/v2.40/avr/bin/../lib/gcc/avr/5.4.0/../../../../avr/lib/avrxmega2\libc.a(stdout.o)
 .text.__init_stdout
                0x0000000000000000       0x1e c:/program files/microchip/xc8/v2.40/avr/bin/../lib/gcc/avr/5.4.0/../../../../avr/lib/avrxmega2\libc.a(stdout.o)
 .data.f        0x0000000000000000       0x10 c:/program files/microchip/xc8/v2.40/avr/bin/../lib/gcc/avr/5.4.0/../../../../avr/lib/avrxmega2\libc.a(stdout.o)
 COMMON         0x0000000000000000        0x2 c:/program files/microchip/xc8/v2.40/avr/bin/../lib/gcc/avr/5.4.0/../../../../avr/lib/avrxmega2\libc.a(stdout.o)
 .text          0x0000000000000000        0x0 c:/program files/microchip/xc8/v2.40/avr/bin/../lib/gcc/avr/5.4.0/../../../../avr/lib/avrxmega2\libc.a(_Exit.o)
 .data          0x0000000000000000        0x0 c:/program files/microchip/xc8/v2.40/avr/bin/../lib/gcc/avr/5.4.0/../../../../avr/lib/avrxmega2\libc.a(_Exit.o)
 .bss           0x0000000000000000        0x0 c:/program files/microchip/xc8/v2.40/avr/bin/../lib/gcc/avr/5.4.0/../../../../avr/lib/avrxmega2\libc.a(_Exit.o)
 .text          0x0000000000000000        0x0 c:/program files/microchip/xc8/v2.40/avr/bin/../lib/gcc/avr/5.4.0/../../../../avr/lib/avrxmega2\libc.a(fputs.o)
 .data          0x0000000000000000        0x0 c:/program files/microchip/xc8/v2.40/avr/bin/../lib/gcc/avr/5.4.0/../../../../avr/lib/avrxmega2\libc.a(fputs.o)
 .bss           0x0000000000000000        0x0 c:/program files/microchip/xc8/v2.40/avr/bin/../lib/gcc/avr/5.4.0/../../../../avr/lib/avrxmega2\libc.a(fputs.o)
 .text          0x0000000000000000        0x0 c:/program files/microchip/xc8/v2.40/avr/bin/../lib/gcc/avr/5.4.0/avrxmega2\libgcc.a(_exit.o)
 .data          0x0000000000000000        0x0 c:/program files/microchip/xc8/v2.40/avr/bin/../lib/gcc/avr/5.4.0/avrxmega2\libgcc.a(_exit.o)
 .bss           0x0000000000000000        0x0 c:/program files/microchip/xc8/v2.40/avr/bin/../lib/gcc/avr/5.4.0/avrxmega2\libgcc.a(_exit.o)
 .text.libgcc.mul
                0x0000000000000000        0x0 c:/program files/microchip/xc8/v2.40/avr/bin/../lib/gcc/avr/5.4.0/avrxmega2\libgcc.a(_exit.o)
 .text.libgcc.div
                0x0000000000000000        0x0 c:/program files/microchip/xc8/v2.40/avr/bin/../lib/gcc/avr/5.4.0/avrxmega2\libgcc.a(_exit.o)
 .text.libgcc   0x0000000000000000        0x0 c:/program files/microchip/xc8/v2.40/avr/bin/../lib/gcc/avr/5.4.0/avrxmega2\libgcc.a(_exit.o)
 .text.libgcc.prologue
                0x0000000000000000        0x0 c:/program files/microchip/xc8/v2.40/avr/bin/../lib/gcc/avr/5.4.0/avrxmega2\libgcc.a(_exit.o)
 .stack.descriptors
                0x0000000000000000       0x13 c:/program files/microchip/xc8/v2.40/avr/bin/../lib/gcc/avr/5.4.0/avrxmega2\libgcc.a(_exit.o)
 .text.libgcc.builtins
                0x0000000000000000        0x0 c:/program files/microchip/xc8/v2.40/avr/bin/../lib/gcc/avr/5.4.0/avrxmega2\libgcc.a(_exit.o)
 .text.libgcc.fmul
                0x0000000000000000        0x0 c:/program files/microchip/xc8/v2.40/avr/bin/../lib/gcc/avr/5.4.0/avrxmega2\libgcc.a(_exit.o)
 .text.libgcc.fixed
                0x0000000000000000        0x0 c:/program files/microchip/xc8/v2.40/avr/bin/../lib/gcc/avr/5.4.0/avrxmega2\libgcc.a(_exit.o)

Memory Configuration

Name             Origin             Length             Attributes
text             0x0000000000000000 0x0000000000010000 xr
data             0x0000000000806000 0x0000000000002000 rw !x
eeprom           0x0000000000810000 0x0000000000000100 rw !x
fuse             0x0000000000820000 0x0000000000000010 rw !x
lock             0x0000000000830000 0x0000000000000400 rw !x
signature        0x0000000000840000 0x0000000000000400 rw !x
user_signatures  0x0000000000850000 0x0000000000000400 rw !x
*default*        0x0000000000000000 0xffffffffffffffff

Linker script and memory map

Address of section .data set to 0x806000
                0x0000000000008000                __RODATA_PM_OFFSET__ = 0x8000
LOAD C:/Users/c52467/.mchp_packs/Microchip/AVR-Dx_DFP/2.1.152/xc8/avr/lib/avrxmega2/crtavr64dd32.o
                0x0000000000000001                __MPLAB_BUILD = 0x1
LOAD build/default/debug/main.o
LOAD build/default/debug/usart0_tx.o
LOAD build/default/debug/main_clk_ctrl.o
START GROUP
LOAD c:/program files/microchip/xc8/v2.40/avr/bin/../lib/gcc/avr/5.4.0/../../../../avr/lib/avrxmega2\libm.a
END GROUP
                0x0000000000000001                __MPLAB_DEBUG = 0x1
                0x0000000000000001                __DEBUG = 0x1
START GROUP
LOAD c:/program files/microchip/xc8/v2.40/avr/bin/../lib/gcc/avr/5.4.0/avrxmega2\libgcc.a
LOAD c:/program files/microchip/xc8/v2.40/avr/bin/../lib/gcc/avr/5.4.0/../../../../avr/lib/avrxmega2\libm.a
LOAD c:/program files/microchip/xc8/v2.40/avr/bin/../lib/gcc/avr/5.4.0/../../../../avr/lib/avrxmega2\libc.a
LOAD C:/Users/c52467/.mchp_packs/Microchip/AVR-Dx_DFP/2.1.152/xc8/avr/lib/avrxmega2\libavr64dd32.a
END GROUP
                [0x0000000000000000]                __TEXT_REGION_ORIGIN__ = DEFINED (__TEXT_REGION_ORIGIN__)?__TEXT_REGION_ORIGIN__:0x0
                [0x0000000000806000]                __DATA_REGION_ORIGIN__ = DEFINED (__DATA_REGION_ORIGIN__)?__DATA_REGION_ORIGIN__:0x802000
                [0x0000000000010000]                __TEXT_REGION_LENGTH__ = DEFINED (__TEXT_REGION_LENGTH__)?__TEXT_REGION_LENGTH__:0x100000
                [0x0000000000002000]                __DATA_REGION_LENGTH__ = DEFINED (__DATA_REGION_LENGTH__)?__DATA_REGION_LENGTH__:0xffa0
                [0x0000000000000100]                __EEPROM_REGION_LENGTH__ = DEFINED (__EEPROM_REGION_LENGTH__)?__EEPROM_REGION_LENGTH__:0x10000
                [0x0000000000000010]                __FUSE_REGION_LENGTH__ = DEFINED (__FUSE_REGION_LENGTH__)?__FUSE_REGION_LENGTH__:0x400
                0x0000000000000400                __LOCK_REGION_LENGTH__ = DEFINED (__LOCK_REGION_LENGTH__)?__LOCK_REGION_LENGTH__:0x400
                0x0000000000000400                __SIGNATURE_REGION_LENGTH__ = DEFINED (__SIGNATURE_REGION_LENGTH__)?__SIGNATURE_REGION_LENGTH__:0x400
                0x0000000000000400                __USER_SIGNATURE_REGION_LENGTH__ = DEFINED (__USER_SIGNATURE_REGION_LENGTH__)?__USER_SIGNATURE_REGION_LENGTH__:0x400

.hash
 *(.hash)

.dynsym
 *(.dynsym)

.dynstr
 *(.dynstr)

.gnu.version
 *(.gnu.version)

.gnu.version_d
 *(.gnu.version_d)

.gnu.version_r
 *(.gnu.version_r)

.rel.init
 *(.rel.init)

.rela.init
 *(.rela.init)

.rel.text
 *(.rel.text)
 *(.rel.text.*)
 *(.rel.gnu.linkonce.t*)

.rela.text
 *(.rela.text)
 *(.rela.text.*)
 *(.rela.gnu.linkonce.t*)

.rel.fini
 *(.rel.fini)

.rela.fini
 *(.rela.fini)

.rel.rodata
 *(.rel.rodata)
 *(.rel.rodata.*)
 *(.rel.gnu.linkonce.r*)

.rela.rodata
 *(.rela.rodata)
 *(.rela.rodata.*)
 *(.rela.gnu.linkonce.r*)

.rel.data
 *(.rel.data)
 *(.rel.data.*)
 *(.rel.gnu.linkonce.d*)

.rela.data
 *(.rela.data)
 *(.rela.data.*)
 *(.rela.gnu.linkonce.d*)

.rel.ctors
 *(.rel.ctors)

.rela.ctors
 *(.rela.ctors)

.rel.dtors
 *(.rel.dtors)

.rela.dtors
 *(.rela.dtors)

.rel.got
 *(.rel.got)

.rela.got
 *(.rela.got)

.rel.bss
 *(.rel.bss)

.rela.bss
 *(.rela.bss)

.rel.plt
 *(.rel.plt)

.rela.plt
 *(.rela.plt)

.text           0x0000000000000000       0xf0
 *(.vectors)
 .vectors       0x0000000000000000       0x90 C:/Users/c52467/.mchp_packs/Microchip/AVR-Dx_DFP/2.1.152/xc8/avr/lib/avrxmega2/crtavr64dd32.o
                0x0000000000000000                __vector_default
                0x0000000000000000                __vectors
 *(.vectors)
 *(.progmem.gcc*)
 *(.dinit)
 .dinit         0x0000000000000090        0xc data_init
                0x000000000000009c                . = ALIGN (0x2)
                0x000000000000009c                __trampolines_start = .
 *(.trampolines)
 .trampolines   0x000000000000009c        0x0 linker stubs
 *(.trampolines*)
                0x000000000000009c                __trampolines_end = .
 *libprintf_flt.a:*(.progmem.data)
 *libc.a:*(.progmem.data)
                0x000000000000009c                . = ALIGN (0x2)
 *(.jumptables)
 *(.jumptables*)
 *(.lowtext)
 *(.lowtext*)
                0x000000000000009c                __ctors_start = .
 *(.ctors)
                0x000000000000009c                __ctors_end = .
                0x000000000000009c                __dtors_start = .
 *(.dtors)
                0x000000000000009c                __dtors_end = .
 SORT(*)(.ctors)
 SORT(*)(.dtors)
 *(.init0)
 .init0         0x000000000000009c        0x0 C:/Users/c52467/.mchp_packs/Microchip/AVR-Dx_DFP/2.1.152/xc8/avr/lib/avrxmega2/crtavr64dd32.o
                0x000000000000009c                __init
 *(.init0)
 *(.init1)
 *(.init1)
 *(.init2)
 .init2         0x000000000000009c        0xc C:/Users/c52467/.mchp_packs/Microchip/AVR-Dx_DFP/2.1.152/xc8/avr/lib/avrxmega2/crtavr64dd32.o
 *(.init2)
 *(.init3)
 *(.init3)
 *(.init4)
 .init4         0x00000000000000a8       0x3c c:/program files/microchip/xc8/v2.40/avr/bin/../lib/gcc/avr/5.4.0/avrxmega2\libgcc.a(_copy_data.o)
                0x00000000000000a8                __do_copy_data
                0x00000000000000d6                __do_clear_bss
 *(.init4)
 *(.init5)
 *(.init5)
 *(.init6)
 *(.init6)
 *(.init7)
 *(.init7)
 *(.init8)
 *(.init8)
 *(.init9)
 .init9         0x00000000000000e4        0x8 C:/Users/c52467/.mchp_packs/Microchip/AVR-Dx_DFP/2.1.152/xc8/avr/lib/avrxmega2/crtavr64dd32.o
 *(.init9)
                0x00000000000000ec                . = ALIGN (0x2)
 *(.fini9)
 .fini9         0x00000000000000ec        0x0 c:/program files/microchip/xc8/v2.40/avr/bin/../lib/gcc/avr/5.4.0/avrxmega2\libgcc.a(_exit.o)
                0x00000000000000ec                _exit
 *(.fini9)
 *(.fini8)
 *(.fini8)
 *(.fini7)
 *(.fini7)
 *(.fini6)
 *(.fini6)
 *(.fini5)
 *(.fini5)
 *(.fini4)
 *(.fini4)
 *(.fini3)
 *(.fini3)
 *(.fini2)
 *(.fini2)
 *(.fini1)
 *(.fini1)
 *(.fini0)
 .fini0         0x00000000000000ec        0x4 c:/program files/microchip/xc8/v2.40/avr/bin/../lib/gcc/avr/5.4.0/avrxmega2\libgcc.a(_exit.o)
 *(.fini0)
                0x00000000000000f0                _etext = .

.data           0x0000000000806000        0x0 load address 0x00000000000000f0
                [!provide]                        PROVIDE (__data_start, .)
 *(.gnu.linkonce.d*)
 *(.gnu.linkonce.r*)
                0x0000000000806000                . = ALIGN (0x2)
                0x0000000000806000                _edata = .
                [!provide]                        PROVIDE (__data_end, .)

.bss            0x0000000000806000        0x0
                [!provide]                        PROVIDE (__bss_start, .)
 *(COMMON)
                [!provide]                        PROVIDE (__bss_end, .)
                0x00000000000000f0                __data_load_start = LOADADDR (.data)
                0x00000000000000f0                __data_load_end = (__data_load_start + SIZEOF (.data))

.noinit         0x0000000000806000        0x0
                [!provide]                        PROVIDE (__noinit_start, .)
 *(.noinit*)
                [!provide]                        PROVIDE (__noinit_end, .)
                0x0000000000806000                _end = .

.eeprom         0x0000000000810000        0x0
 *(.eeprom*)
                0x0000000000810000                __eeprom_end = .

.fuse
 *(.fuse)
 *(.lfuse)
 *(.hfuse)
 *(.efuse)

.lock
 *(.lock*)

.signature
 *(.signature*)

.user_signatures
 *(.user_signatures*)

.stab
 *(.stab)

.stabstr
 *(.stabstr)

.stab.excl
 *(.stab.excl)

.stab.exclstr
 *(.stab.exclstr)

.stab.index
 *(.stab.index)

.stab.indexstr
 *(.stab.indexstr)

.comment        0x0000000000000000       0x2f
 *(.comment)
 .comment       0x0000000000000000       0x2f build/default/debug/main.o
                                         0x30 (size before relaxing)
 .comment       0x000000000000002f       0x30 build/default/debug/usart0_tx.o
 .comment       0x000000000000002f       0x30 build/default/debug/main_clk_ctrl.o
 .comment       0x000000000000002f       0x30 c:/program files/microchip/xc8/v2.40/avr/bin/../lib/gcc/avr/5.4.0/../../../../avr/lib/avrxmega2\libc.a(exit.o)
 .comment       0x000000000000002f       0x30 c:/program files/microchip/xc8/v2.40/avr/bin/../lib/gcc/avr/5.4.0/../../../../avr/lib/avrxmega2\libc.a(puts.o)
 .comment       0x000000000000002f       0x30 c:/program files/microchip/xc8/v2.40/avr/bin/../lib/gcc/avr/5.4.0/../../../../avr/lib/avrxmega2\libc.a(stdout.o)
 .comment       0x000000000000002f       0x30 c:/program files/microchip/xc8/v2.40/avr/bin/../lib/gcc/avr/5.4.0/../../../../avr/lib/avrxmega2\libc.a(_Exit.o)
 .comment       0x000000000000002f       0x30 c:/program files/microchip/xc8/v2.40/avr/bin/../lib/gcc/avr/5.4.0/../../../../avr/lib/avrxmega2\libc.a(fputs.o)

.note.GNU-stack
                0x0000000000000000        0x0
 .note.GNU-stack
                0x0000000000000000        0x0 c:/program files/microchip/xc8/v2.40/avr/bin/../lib/gcc/avr/5.4.0/../../../../avr/lib/avrxmega2\libc.a(exit.o)
 .note.GNU-stack
                0x0000000000000000        0x0 c:/program files/microchip/xc8/v2.40/avr/bin/../lib/gcc/avr/5.4.0/../../../../avr/lib/avrxmega2\libc.a(puts.o)
 .note.GNU-stack
                0x0000000000000000        0x0 c:/program files/microchip/xc8/v2.40/avr/bin/../lib/gcc/avr/5.4.0/../../../../avr/lib/avrxmega2\libc.a(stdout.o)
 .note.GNU-stack
                0x0000000000000000        0x0 c:/program files/microchip/xc8/v2.40/avr/bin/../lib/gcc/avr/5.4.0/../../../../avr/lib/avrxmega2\libc.a(_Exit.o)
 .note.GNU-stack
                0x0000000000000000        0x0 c:/program files/microchip/xc8/v2.40/avr/bin/../lib/gcc/avr/5.4.0/../../../../avr/lib/avrxmega2\libc.a(fputs.o)

.stack.descriptors.hdr
                0x0000000000000000        0xe
 .stack.descriptors.hdr
                0x0000000000000000        0xe c:/program files/microchip/xc8/v2.40/avr/bin/../lib/gcc/avr/5.4.0/avrxmega2\libgcc.a(_exit.o)

.note.gnu.build-id
 *(.note.gnu.build-id)

.debug
 *(.debug)

.line
 *(.line)

.debug_srcinfo
 *(.debug_srcinfo)

.debug_sfnames
 *(.debug_sfnames)

.debug_aranges  0x0000000000000000       0x70
 *(.debug_aranges)
 .debug_aranges
                0x0000000000000000       0x20 build/default/debug/main.o
 .debug_aranges
                0x0000000000000020       0x30 build/default/debug/usart0_tx.o
 .debug_aranges
                0x0000000000000050       0x20 build/default/debug/main_clk_ctrl.o

.debug_pubnames
 *(.debug_pubnames)

.debug_info     0x0000000000000000     0x3eda
 *(.debug_info .gnu.linkonce.wi.*)
 .debug_info    0x0000000000000000     0x22a4 C:/Users/c52467/.mchp_packs/Microchip/AVR-Dx_DFP/2.1.152/xc8/avr/lib/avrxmega2/crtavr64dd32.o
 .debug_info    0x00000000000022a4      0x5a8 build/default/debug/main.o
 .debug_info    0x000000000000284c      0xc77 build/default/debug/usart0_tx.o
 .debug_info    0x00000000000034c3      0xa17 build/default/debug/main_clk_ctrl.o

.debug_abbrev   0x0000000000000000     0x2415
 *(.debug_abbrev)
 .debug_abbrev  0x0000000000000000     0x20ce C:/Users/c52467/.mchp_packs/Microchip/AVR-Dx_DFP/2.1.152/xc8/avr/lib/avrxmega2/crtavr64dd32.o
 .debug_abbrev  0x00000000000020ce       0xa5 build/default/debug/main.o
 .debug_abbrev  0x0000000000002173      0x1d1 build/default/debug/usart0_tx.o
 .debug_abbrev  0x0000000000002344       0xd1 build/default/debug/main_clk_ctrl.o

.debug_line     0x0000000000000000      0x4ef
 *(.debug_line .debug_line.* .debug_line_end)
 .debug_line    0x0000000000000000      0x16f C:/Users/c52467/.mchp_packs/Microchip/AVR-Dx_DFP/2.1.152/xc8/avr/lib/avrxmega2/crtavr64dd32.o
 .debug_line    0x000000000000016f       0xd4 build/default/debug/main.o
 .debug_line    0x0000000000000243      0x195 build/default/debug/usart0_tx.o
 .debug_line    0x00000000000003d8      0x117 build/default/debug/main_clk_ctrl.o

.debug_frame    0x0000000000000000       0x94
 *(.debug_frame)
 .debug_frame   0x0000000000000000       0x24 build/default/debug/main.o
 .debug_frame   0x0000000000000024       0x44 build/default/debug/usart0_tx.o
 .debug_frame   0x0000000000000068       0x2c build/default/debug/main_clk_ctrl.o

.debug_str      0x0000000000000000      0xf3e
 *(.debug_str)
 .debug_str     0x0000000000000000      0xefb C:/Users/c52467/.mchp_packs/Microchip/AVR-Dx_DFP/2.1.152/xc8/avr/lib/avrxmega2/crtavr64dd32.o
 .debug_str     0x0000000000000efb       0x17 build/default/debug/main.o
 .debug_str     0x0000000000000f12       0x16 build/default/debug/usart0_tx.o
 .debug_str     0x0000000000000f28       0x16 build/default/debug/main_clk_ctrl.o

.debug_loc      0x0000000000000000      0x17b
 *(.debug_loc)
 .debug_loc     0x0000000000000000       0xff build/default/debug/usart0_tx.o
 .debug_loc     0x00000000000000ff       0x7c build/default/debug/main_clk_ctrl.o

.debug_macinfo
 *(.debug_macinfo)

.debug_weaknames
 *(.debug_weaknames)

.debug_funcnames
 *(.debug_funcnames)

.debug_typenames
 *(.debug_typenames)

.debug_varnames
 *(.debug_varnames)

.debug_pubtypes
 *(.debug_pubtypes)

.debug_ranges   0x0000000000000000       0x40
 *(.debug_ranges)
 .debug_ranges  0x0000000000000000       0x10 build/default/debug/main.o
 .debug_ranges  0x0000000000000010       0x20 build/default/debug/usart0_tx.o
 .debug_ranges  0x0000000000000030       0x10 build/default/debug/main_clk_ctrl.o

.debug_macro
 *(.debug_macro)
OUTPUT(dist/default/debug/AVR-DD-BM-EP9.X.debug.elf elf32-avr)
LOAD linker stubs
LOAD data_init

.note.gnu.avr.deviceinfo
                0x0000000000000000       0x3c
 .note.gnu.avr.deviceinfo
                0x0000000000000000       0x3c C:/Users/c52467/.mchp_packs/Microchip/AVR-Dx_DFP/2.1.152/xc8/avr/lib/avrxmega2/crtavr64dd32.o

.bss.__stdout   0x0000000000806031        0x2
 .bss.__stdout  0x0000000000806031        0x2 c:/program files/microchip/xc8/v2.40/avr/bin/../lib/gcc/avr/5.4.0/../../../../avr/lib/avrxmega2\libc.a(stdout.o)

.text.fputs     0x00000000000000f0       0x5e
 .text.fputs    0x00000000000000f0       0x5e c:/program files/microchip/xc8/v2.40/avr/bin/../lib/gcc/avr/5.4.0/../../../../avr/lib/avrxmega2\libc.a(fputs.o)
                0x00000000000000f0                fputs
                0x00000000000000f0                fputs_unlocked

.text.USART_Init
                0x000000000000014e       0x4e
 .text.USART_Init
                0x000000000000014e       0x4e build/default/debug/usart0_tx.o
                0x000000000000014e                USART_Init

.text.MainClkCtrl
                0x000000000000019c       0x48
 .text.MainClkCtrl
                0x000000000000019c       0x48 build/default/debug/main_clk_ctrl.o
                0x000000000000019c                MainClkCtrl

.text.main      0x00000000000001e4       0x24
 .text.main     0x00000000000001e4       0x24 build/default/debug/main.o
                0x00000000000001e4                main

.text.exit      0x0000000000000208       0x16
 .text.exit     0x0000000000000208       0x16 c:/program files/microchip/xc8/v2.40/avr/bin/../lib/gcc/avr/5.4.0/../../../../avr/lib/avrxmega2\libc.a(exit.o)
                0x0000000000000208                exit

.text.puts      0x000000000000021e       0x12
 .text.puts     0x000000000000021e       0x12 c:/program files/microchip/xc8/v2.40/avr/bin/../lib/gcc/avr/5.4.0/../../../../avr/lib/avrxmega2\libc.a(puts.o)
                0x000000000000021e                puts

.text.USART0_sendChar
                0x0000000000000230       0x10
 .text.USART0_sendChar
                0x0000000000000230       0x10 build/default/debug/usart0_tx.o
                0x0000000000000230                USART0_sendChar

.text.USART0_printChar
                0x0000000000000240        0xa
 .text.USART0_printChar
                0x0000000000000240        0xa build/default/debug/usart0_tx.o
                0x0000000000000240                USART0_printChar

.text           0x000000000000024a        0x4
 .text          0x000000000000024a        0x4 C:/Users/c52467/.mchp_packs/Microchip/AVR-Dx_DFP/2.1.152/xc8/avr/lib/avrxmega2/crtavr64dd32.o
                0x000000000000024a                __vector_22
                0x000000000000024a                __vector_28
                0x000000000000024a                __vector_1
                0x000000000000024a                __vector_32
                0x000000000000024a                __vector_34
                0x000000000000024a                __vector_24
                0x000000000000024a                __vector_12
                0x000000000000024a                __bad_interrupt
                0x000000000000024a                __vector_6
                0x000000000000024a                __vector_31
                0x000000000000024a                __vector_35
                0x000000000000024a                __vector_3
                0x000000000000024a                __vector_23
                0x000000000000024a                __vector_30
                0x000000000000024a                __vector_25
                0x000000000000024a                __vector_11
                0x000000000000024a                __vector_13
                0x000000000000024a                __vector_17
                0x000000000000024a                __vector_19
                0x000000000000024a                __vector_7
                0x000000000000024a                __vector_27
                0x000000000000024a                __vector_5
                0x000000000000024a                __vector_33
                0x000000000000024a                __vector_4
                0x000000000000024a                __vector_9
                0x000000000000024a                __vector_2
                0x000000000000024a                __vector_21
                0x000000000000024a                __vector_15
                0x000000000000024a                __vector_29
                0x000000000000024a                __vector_8
                0x000000000000024a                __vector_26
                0x000000000000024a                __vector_14
                0x000000000000024a                __vector_10
                0x000000000000024a                __vector_16
                0x000000000000024a                __vector_18
                0x000000000000024a                __vector_20

.text._Exit     0x000000000000024e        0x4
 .text._Exit    0x000000000000024e        0x4 c:/program files/microchip/xc8/v2.40/avr/bin/../lib/gcc/avr/5.4.0/../../../../avr/lib/avrxmega2\libc.a(_Exit.o)
                0x000000000000024e                _Exit

.text.__dummy_fini
                0x0000000000000252        0x2
 .text.__dummy_fini
                0x0000000000000252        0x2 c:/program files/microchip/xc8/v2.40/avr/bin/../lib/gcc/avr/5.4.0/../../../../avr/lib/avrxmega2\libc.a(exit.o)
                0x0000000000000252                _fini

.text.__dummy_funcs_on_exit
                0x0000000000000254        0x2
 .text.__dummy_funcs_on_exit
                0x0000000000000254        0x2 c:/program files/microchip/xc8/v2.40/avr/bin/../lib/gcc/avr/5.4.0/../../../../avr/lib/avrxmega2\libc.a(exit.o)
                0x0000000000000254                __funcs_on_exit

.text.__dummy_simulator_exit
                0x0000000000000256        0x2
 .text.__dummy_simulator_exit
                0x0000000000000256        0x2 c:/program files/microchip/xc8/v2.40/avr/bin/../lib/gcc/avr/5.4.0/../../../../avr/lib/avrxmega2\libc.a(exit.o)
                0x0000000000000256                __simulator_exit

.rodata         0x0000000000806000       0x1f load address 0x0000000000000258
 .rodata        0x0000000000806000       0x1f build/default/debug/main.o

.data.USART_stream
                0x000000000080601f       0x10 load address 0x0000000000000277
 .data.USART_stream
                0x000000000080601f       0x10 build/default/debug/usart0_tx.o
                0x000000000080601f                USART_stream

.data._stdout   0x000000000080602f        0x2 load address 0x0000000000000287
 .data._stdout  0x000000000080602f        0x2 c:/program files/microchip/xc8/v2.40/avr/bin/../lib/gcc/avr/5.4.0/../../../../avr/lib/avrxmega2\libc.a(stdout.o)
                0x000000000080602f                _stdout
