Archive member included to satisfy reference by file (symbol)

c:/program files/microchip/xc8/v2.40/avr/bin/../lib/gcc/avr/5.4.0/avrxmega2\libgcc.a(_copy_data.o)
                              build/default/production/main.o (__do_copy_data)
c:/program files/microchip/xc8/v2.40/avr/bin/../lib/gcc/avr/5.4.0/../../../../avr/lib/avrxmega2\libc.a(exit.o)
                              C:/Users/c52467/.mchp_packs/Microchip/AVR-Dx_DFP/2.1.152/xc8/avr/lib/avrxmega2/crtavr64dd32.o (exit)
c:/program files/microchip/xc8/v2.40/avr/bin/../lib/gcc/avr/5.4.0/../../../../avr/lib/avrxmega2\libc.a(__sio_printf_doux.o)
                              build/default/production/main.o (_printf_cdopuxX)
c:/program files/microchip/xc8/v2.40/avr/bin/../lib/gcc/avr/5.4.0/../../../../avr/lib/avrxmega2\libc.a(__fmt_d.o)
                              c:/program files/microchip/xc8/v2.40/avr/bin/../lib/gcc/avr/5.4.0/../../../../avr/lib/avrxmega2\libc.a(__sio_printf_doux.o) (__fmt_d_needed)
c:/program files/microchip/xc8/v2.40/avr/bin/../lib/gcc/avr/5.4.0/../../../../avr/lib/avrxmega2\libc.a(__fmt_o.o)
                              c:/program files/microchip/xc8/v2.40/avr/bin/../lib/gcc/avr/5.4.0/../../../../avr/lib/avrxmega2\libc.a(__sio_printf_doux.o) (__fmt_o_needed)
c:/program files/microchip/xc8/v2.40/avr/bin/../lib/gcc/avr/5.4.0/../../../../avr/lib/avrxmega2\libc.a(__fmt_s.o)
                              c:/program files/microchip/xc8/v2.40/avr/bin/../lib/gcc/avr/5.4.0/../../../../avr/lib/avrxmega2\libc.a(__sio_printf_doux.o) (__fmt_s_needed)
c:/program files/microchip/xc8/v2.40/avr/bin/../lib/gcc/avr/5.4.0/../../../../avr/lib/avrxmega2\libc.a(__fmt_u.o)
                              c:/program files/microchip/xc8/v2.40/avr/bin/../lib/gcc/avr/5.4.0/../../../../avr/lib/avrxmega2\libc.a(__fmt_d.o) (__cvt_u)
c:/program files/microchip/xc8/v2.40/avr/bin/../lib/gcc/avr/5.4.0/../../../../avr/lib/avrxmega2\libc.a(__fmt_x.o)
                              c:/program files/microchip/xc8/v2.40/avr/bin/../lib/gcc/avr/5.4.0/../../../../avr/lib/avrxmega2\libc.a(__sio_printf_doux.o) (__fmt_x_needed)
c:/program files/microchip/xc8/v2.40/avr/bin/../lib/gcc/avr/5.4.0/../../../../avr/lib/avrxmega2\libc.a(__pop_int.o)
                              c:/program files/microchip/xc8/v2.40/avr/bin/../lib/gcc/avr/5.4.0/../../../../avr/lib/avrxmega2\libc.a(__sio_printf_doux.o) (__pop_int_needed)
c:/program files/microchip/xc8/v2.40/avr/bin/../lib/gcc/avr/5.4.0/../../../../avr/lib/avrxmega2\libc.a(__printf_core.o)
                              c:/program files/microchip/xc8/v2.40/avr/bin/../lib/gcc/avr/5.4.0/../../../../avr/lib/avrxmega2\libc.a(__fmt_d.o) (__pad)
c:/program files/microchip/xc8/v2.40/avr/bin/../lib/gcc/avr/5.4.0/../../../../avr/lib/avrxmega2\libc.a(fputc.o)
                              c:/program files/microchip/xc8/v2.40/avr/bin/../lib/gcc/avr/5.4.0/../../../../avr/lib/avrxmega2\libc.a(__printf_core.o) (fputc)
c:/program files/microchip/xc8/v2.40/avr/bin/../lib/gcc/avr/5.4.0/../../../../avr/lib/avrxmega2\libc.a(stdout.o)
                              build/default/production/main.o (_stdout)
c:/program files/microchip/xc8/v2.40/avr/bin/../lib/gcc/avr/5.4.0/../../../../avr/lib/avrxmega2\libc.a(strlen.o)
                              c:/program files/microchip/xc8/v2.40/avr/bin/../lib/gcc/avr/5.4.0/../../../../avr/lib/avrxmega2\libc.a(__fmt_s.o) (strlen)
c:/program files/microchip/xc8/v2.40/avr/bin/../lib/gcc/avr/5.4.0/../../../../avr/lib/avrxmega2\libc.a(tolower.o)
                              c:/program files/microchip/xc8/v2.40/avr/bin/../lib/gcc/avr/5.4.0/../../../../avr/lib/avrxmega2\libc.a(__printf_core.o) (tolower)
c:/program files/microchip/xc8/v2.40/avr/bin/../lib/gcc/avr/5.4.0/../../../../avr/lib/avrxmega2\libc.a(toupper.o)
                              c:/program files/microchip/xc8/v2.40/avr/bin/../lib/gcc/avr/5.4.0/../../../../avr/lib/avrxmega2\libc.a(__fmt_x.o) (toupper)
c:/program files/microchip/xc8/v2.40/avr/bin/../lib/gcc/avr/5.4.0/../../../../avr/lib/avrxmega2\libc.a(errno.o)
                              c:/program files/microchip/xc8/v2.40/avr/bin/../lib/gcc/avr/5.4.0/../../../../avr/lib/avrxmega2\libc.a(__printf_core.o) (__errno_val)
c:/program files/microchip/xc8/v2.40/avr/bin/../lib/gcc/avr/5.4.0/../../../../avr/lib/avrxmega2\libc.a(_Exit.o)
                              c:/program files/microchip/xc8/v2.40/avr/bin/../lib/gcc/avr/5.4.0/../../../../avr/lib/avrxmega2\libc.a(exit.o) (_Exit)
c:/program files/microchip/xc8/v2.40/avr/bin/../lib/gcc/avr/5.4.0/../../../../avr/lib/avrxmega2\libc.a(__int_vfprintf.o)
                              c:/program files/microchip/xc8/v2.40/avr/bin/../lib/gcc/avr/5.4.0/../../../../avr/lib/avrxmega2\libc.a(__sio_printf_doux.o) (__vfprintf)
c:/program files/microchip/xc8/v2.40/avr/bin/../lib/gcc/avr/5.4.0/avrxmega2\libgcc.a(_udivmodsi4.o)
                              c:/program files/microchip/xc8/v2.40/avr/bin/../lib/gcc/avr/5.4.0/../../../../avr/lib/avrxmega2\libc.a(__fmt_u.o) (__udivmodsi4)
c:/program files/microchip/xc8/v2.40/avr/bin/../lib/gcc/avr/5.4.0/avrxmega2\libgcc.a(_exit.o)
                              c:/program files/microchip/xc8/v2.40/avr/bin/../lib/gcc/avr/5.4.0/../../../../avr/lib/avrxmega2\libc.a(_Exit.o) (_exit)
c:/program files/microchip/xc8/v2.40/avr/bin/../lib/gcc/avr/5.4.0/avrxmega2\libgcc.a(_prologue.o)
                              c:/program files/microchip/xc8/v2.40/avr/bin/../lib/gcc/avr/5.4.0/../../../../avr/lib/avrxmega2\libc.a(__sio_printf_doux.o) (__prologue_saves__)
c:/program files/microchip/xc8/v2.40/avr/bin/../lib/gcc/avr/5.4.0/avrxmega2\libgcc.a(_epilogue.o)
                              c:/program files/microchip/xc8/v2.40/avr/bin/../lib/gcc/avr/5.4.0/../../../../avr/lib/avrxmega2\libc.a(__sio_printf_doux.o) (__epilogue_restores__)

Allocating common symbols
Common symbol       size              file

__stdout_used       0x2               c:/program files/microchip/xc8/v2.40/avr/bin/../lib/gcc/avr/5.4.0/../../../../avr/lib/avrxmega2\libc.a(stdout.o)
__errno_val         0x2               c:/program files/microchip/xc8/v2.40/avr/bin/../lib/gcc/avr/5.4.0/../../../../avr/lib/avrxmega2\libc.a(errno.o)

Discarded input sections

 .data          0x0000000000000000        0x0 C:/Users/c52467/.mchp_packs/Microchip/AVR-Dx_DFP/2.1.152/xc8/avr/lib/avrxmega2/crtavr64dd32.o
 .bss           0x0000000000000000        0x0 C:/Users/c52467/.mchp_packs/Microchip/AVR-Dx_DFP/2.1.152/xc8/avr/lib/avrxmega2/crtavr64dd32.o
 .text          0x0000000000000000        0x0 build/default/production/main.o
 .data          0x0000000000000000        0x0 build/default/production/main.o
 .bss           0x0000000000000000        0x0 build/default/production/main.o
 .text          0x0000000000000000        0x0 c:/program files/microchip/xc8/v2.40/avr/bin/../lib/gcc/avr/5.4.0/avrxmega2\libgcc.a(_copy_data.o)
 .data          0x0000000000000000        0x0 c:/program files/microchip/xc8/v2.40/avr/bin/../lib/gcc/avr/5.4.0/avrxmega2\libgcc.a(_copy_data.o)
 .bss           0x0000000000000000        0x0 c:/program files/microchip/xc8/v2.40/avr/bin/../lib/gcc/avr/5.4.0/avrxmega2\libgcc.a(_copy_data.o)
 .text.libgcc.mul
                0x0000000000000000        0x0 c:/program files/microchip/xc8/v2.40/avr/bin/../lib/gcc/avr/5.4.0/avrxmega2\libgcc.a(_copy_data.o)
 .text.libgcc.div
                0x0000000000000000        0x0 c:/program files/microchip/xc8/v2.40/avr/bin/../lib/gcc/avr/5.4.0/avrxmega2\libgcc.a(_copy_data.o)
 .text.libgcc   0x0000000000000000        0x0 c:/program files/microchip/xc8/v2.40/avr/bin/../lib/gcc/avr/5.4.0/avrxmega2\libgcc.a(_copy_data.o)
 .text.libgcc.prologue
                0x0000000000000000        0x0 c:/program files/microchip/xc8/v2.40/avr/bin/../lib/gcc/avr/5.4.0/avrxmega2\libgcc.a(_copy_data.o)
 .text.libgcc.builtins
                0x0000000000000000        0x0 c:/program files/microchip/xc8/v2.40/avr/bin/../lib/gcc/avr/5.4.0/avrxmega2\libgcc.a(_copy_data.o)
 .text.libgcc.fmul
                0x0000000000000000        0x0 c:/program files/microchip/xc8/v2.40/avr/bin/../lib/gcc/avr/5.4.0/avrxmega2\libgcc.a(_copy_data.o)
 .text.libgcc.fixed
                0x0000000000000000        0x0 c:/program files/microchip/xc8/v2.40/avr/bin/../lib/gcc/avr/5.4.0/avrxmega2\libgcc.a(_copy_data.o)
 .text          0x0000000000000000        0x0 c:/program files/microchip/xc8/v2.40/avr/bin/../lib/gcc/avr/5.4.0/../../../../avr/lib/avrxmega2\libc.a(exit.o)
 .data          0x0000000000000000        0x0 c:/program files/microchip/xc8/v2.40/avr/bin/../lib/gcc/avr/5.4.0/../../../../avr/lib/avrxmega2\libc.a(exit.o)
 .bss           0x0000000000000000        0x0 c:/program files/microchip/xc8/v2.40/avr/bin/../lib/gcc/avr/5.4.0/../../../../avr/lib/avrxmega2\libc.a(exit.o)
 .text          0x0000000000000000        0x0 c:/program files/microchip/xc8/v2.40/avr/bin/../lib/gcc/avr/5.4.0/../../../../avr/lib/avrxmega2\libc.a(__sio_printf_doux.o)
 .data          0x0000000000000000        0x0 c:/program files/microchip/xc8/v2.40/avr/bin/../lib/gcc/avr/5.4.0/../../../../avr/lib/avrxmega2\libc.a(__sio_printf_doux.o)
 .bss           0x0000000000000000        0x0 c:/program files/microchip/xc8/v2.40/avr/bin/../lib/gcc/avr/5.4.0/../../../../avr/lib/avrxmega2\libc.a(__sio_printf_doux.o)
 .text.__sio_printf_doux
                0x0000000000000000       0x1a c:/program files/microchip/xc8/v2.40/avr/bin/../lib/gcc/avr/5.4.0/../../../../avr/lib/avrxmega2\libc.a(__sio_printf_doux.o)
 .text          0x0000000000000000        0x0 c:/program files/microchip/xc8/v2.40/avr/bin/../lib/gcc/avr/5.4.0/../../../../avr/lib/avrxmega2\libc.a(__fmt_d.o)
 .data          0x0000000000000000        0x0 c:/program files/microchip/xc8/v2.40/avr/bin/../lib/gcc/avr/5.4.0/../../../../avr/lib/avrxmega2\libc.a(__fmt_d.o)
 .bss           0x0000000000000000        0x0 c:/program files/microchip/xc8/v2.40/avr/bin/../lib/gcc/avr/5.4.0/../../../../avr/lib/avrxmega2\libc.a(__fmt_d.o)
 .text          0x0000000000000000        0x0 c:/program files/microchip/xc8/v2.40/avr/bin/../lib/gcc/avr/5.4.0/../../../../avr/lib/avrxmega2\libc.a(__fmt_o.o)
 .data          0x0000000000000000        0x0 c:/program files/microchip/xc8/v2.40/avr/bin/../lib/gcc/avr/5.4.0/../../../../avr/lib/avrxmega2\libc.a(__fmt_o.o)
 .bss           0x0000000000000000        0x0 c:/program files/microchip/xc8/v2.40/avr/bin/../lib/gcc/avr/5.4.0/../../../../avr/lib/avrxmega2\libc.a(__fmt_o.o)
 .text          0x0000000000000000        0x0 c:/program files/microchip/xc8/v2.40/avr/bin/../lib/gcc/avr/5.4.0/../../../../avr/lib/avrxmega2\libc.a(__fmt_s.o)
 .data          0x0000000000000000        0x0 c:/program files/microchip/xc8/v2.40/avr/bin/../lib/gcc/avr/5.4.0/../../../../avr/lib/avrxmega2\libc.a(__fmt_s.o)
 .bss           0x0000000000000000        0x0 c:/program files/microchip/xc8/v2.40/avr/bin/../lib/gcc/avr/5.4.0/../../../../avr/lib/avrxmega2\libc.a(__fmt_s.o)
 .text          0x0000000000000000        0x0 c:/program files/microchip/xc8/v2.40/avr/bin/../lib/gcc/avr/5.4.0/../../../../avr/lib/avrxmega2\libc.a(__fmt_u.o)
 .data          0x0000000000000000        0x0 c:/program files/microchip/xc8/v2.40/avr/bin/../lib/gcc/avr/5.4.0/../../../../avr/lib/avrxmega2\libc.a(__fmt_u.o)
 .bss           0x0000000000000000        0x0 c:/program files/microchip/xc8/v2.40/avr/bin/../lib/gcc/avr/5.4.0/../../../../avr/lib/avrxmega2\libc.a(__fmt_u.o)
 .text          0x0000000000000000        0x0 c:/program files/microchip/xc8/v2.40/avr/bin/../lib/gcc/avr/5.4.0/../../../../avr/lib/avrxmega2\libc.a(__fmt_x.o)
 .data          0x0000000000000000        0x0 c:/program files/microchip/xc8/v2.40/avr/bin/../lib/gcc/avr/5.4.0/../../../../avr/lib/avrxmega2\libc.a(__fmt_x.o)
 .bss           0x0000000000000000        0x0 c:/program files/microchip/xc8/v2.40/avr/bin/../lib/gcc/avr/5.4.0/../../../../avr/lib/avrxmega2\libc.a(__fmt_x.o)
 .text          0x0000000000000000        0x0 c:/program files/microchip/xc8/v2.40/avr/bin/../lib/gcc/avr/5.4.0/../../../../avr/lib/avrxmega2\libc.a(__pop_int.o)
 .data          0x0000000000000000        0x0 c:/program files/microchip/xc8/v2.40/avr/bin/../lib/gcc/avr/5.4.0/../../../../avr/lib/avrxmega2\libc.a(__pop_int.o)
 .bss           0x0000000000000000        0x0 c:/program files/microchip/xc8/v2.40/avr/bin/../lib/gcc/avr/5.4.0/../../../../avr/lib/avrxmega2\libc.a(__pop_int.o)
 .text          0x0000000000000000        0x0 c:/program files/microchip/xc8/v2.40/avr/bin/../lib/gcc/avr/5.4.0/../../../../avr/lib/avrxmega2\libc.a(__printf_core.o)
 .data          0x0000000000000000        0x0 c:/program files/microchip/xc8/v2.40/avr/bin/../lib/gcc/avr/5.4.0/../../../../avr/lib/avrxmega2\libc.a(__printf_core.o)
 .bss           0x0000000000000000        0x0 c:/program files/microchip/xc8/v2.40/avr/bin/../lib/gcc/avr/5.4.0/../../../../avr/lib/avrxmega2\libc.a(__printf_core.o)
 .text          0x0000000000000000        0x0 c:/program files/microchip/xc8/v2.40/avr/bin/../lib/gcc/avr/5.4.0/../../../../avr/lib/avrxmega2\libc.a(fputc.o)
 .data          0x0000000000000000        0x0 c:/program files/microchip/xc8/v2.40/avr/bin/../lib/gcc/avr/5.4.0/../../../../avr/lib/avrxmega2\libc.a(fputc.o)
 .bss           0x0000000000000000        0x0 c:/program files/microchip/xc8/v2.40/avr/bin/../lib/gcc/avr/5.4.0/../../../../avr/lib/avrxmega2\libc.a(fputc.o)
 .text          0x0000000000000000        0x0 c:/program files/microchip/xc8/v2.40/avr/bin/../lib/gcc/avr/5.4.0/../../../../avr/lib/avrxmega2\libc.a(stdout.o)
 .data          0x0000000000000000        0x0 c:/program files/microchip/xc8/v2.40/avr/bin/../lib/gcc/avr/5.4.0/../../../../avr/lib/avrxmega2\libc.a(stdout.o)
 .bss           0x0000000000000000        0x0 c:/program files/microchip/xc8/v2.40/avr/bin/../lib/gcc/avr/5.4.0/../../../../avr/lib/avrxmega2\libc.a(stdout.o)
 .text.__init_stdout
                0x0000000000000000       0x1e c:/program files/microchip/xc8/v2.40/avr/bin/../lib/gcc/avr/5.4.0/../../../../avr/lib/avrxmega2\libc.a(stdout.o)
 .data.f        0x0000000000000000       0x10 c:/program files/microchip/xc8/v2.40/avr/bin/../lib/gcc/avr/5.4.0/../../../../avr/lib/avrxmega2\libc.a(stdout.o)
 COMMON         0x0000000000000000        0x2 c:/program files/microchip/xc8/v2.40/avr/bin/../lib/gcc/avr/5.4.0/../../../../avr/lib/avrxmega2\libc.a(stdout.o)
 .text          0x0000000000000000        0x0 c:/program files/microchip/xc8/v2.40/avr/bin/../lib/gcc/avr/5.4.0/../../../../avr/lib/avrxmega2\libc.a(strlen.o)
 .data          0x0000000000000000        0x0 c:/program files/microchip/xc8/v2.40/avr/bin/../lib/gcc/avr/5.4.0/../../../../avr/lib/avrxmega2\libc.a(strlen.o)
 .bss           0x0000000000000000        0x0 c:/program files/microchip/xc8/v2.40/avr/bin/../lib/gcc/avr/5.4.0/../../../../avr/lib/avrxmega2\libc.a(strlen.o)
 .text          0x0000000000000000        0x0 c:/program files/microchip/xc8/v2.40/avr/bin/../lib/gcc/avr/5.4.0/../../../../avr/lib/avrxmega2\libc.a(tolower.o)
 .data          0x0000000000000000        0x0 c:/program files/microchip/xc8/v2.40/avr/bin/../lib/gcc/avr/5.4.0/../../../../avr/lib/avrxmega2\libc.a(tolower.o)
 .bss           0x0000000000000000        0x0 c:/program files/microchip/xc8/v2.40/avr/bin/../lib/gcc/avr/5.4.0/../../../../avr/lib/avrxmega2\libc.a(tolower.o)
 .text.__tolower_l
                0x0000000000000000        0x6 c:/program files/microchip/xc8/v2.40/avr/bin/../lib/gcc/avr/5.4.0/../../../../avr/lib/avrxmega2\libc.a(tolower.o)
 .text          0x0000000000000000        0x0 c:/program files/microchip/xc8/v2.40/avr/bin/../lib/gcc/avr/5.4.0/../../../../avr/lib/avrxmega2\libc.a(toupper.o)
 .data          0x0000000000000000        0x0 c:/program files/microchip/xc8/v2.40/avr/bin/../lib/gcc/avr/5.4.0/../../../../avr/lib/avrxmega2\libc.a(toupper.o)
 .bss           0x0000000000000000        0x0 c:/program files/microchip/xc8/v2.40/avr/bin/../lib/gcc/avr/5.4.0/../../../../avr/lib/avrxmega2\libc.a(toupper.o)
 .text.__toupper_l
                0x0000000000000000        0x6 c:/program files/microchip/xc8/v2.40/avr/bin/../lib/gcc/avr/5.4.0/../../../../avr/lib/avrxmega2\libc.a(toupper.o)
 .text          0x0000000000000000        0x0 c:/program files/microchip/xc8/v2.40/avr/bin/../lib/gcc/avr/5.4.0/../../../../avr/lib/avrxmega2\libc.a(errno.o)
 .data          0x0000000000000000        0x0 c:/program files/microchip/xc8/v2.40/avr/bin/../lib/gcc/avr/5.4.0/../../../../avr/lib/avrxmega2\libc.a(errno.o)
 .bss           0x0000000000000000        0x0 c:/program files/microchip/xc8/v2.40/avr/bin/../lib/gcc/avr/5.4.0/../../../../avr/lib/avrxmega2\libc.a(errno.o)
 .text          0x0000000000000000        0x0 c:/program files/microchip/xc8/v2.40/avr/bin/../lib/gcc/avr/5.4.0/../../../../avr/lib/avrxmega2\libc.a(_Exit.o)
 .data          0x0000000000000000        0x0 c:/program files/microchip/xc8/v2.40/avr/bin/../lib/gcc/avr/5.4.0/../../../../avr/lib/avrxmega2\libc.a(_Exit.o)
 .bss           0x0000000000000000        0x0 c:/program files/microchip/xc8/v2.40/avr/bin/../lib/gcc/avr/5.4.0/../../../../avr/lib/avrxmega2\libc.a(_Exit.o)
 .text          0x0000000000000000        0x0 c:/program files/microchip/xc8/v2.40/avr/bin/../lib/gcc/avr/5.4.0/../../../../avr/lib/avrxmega2\libc.a(__int_vfprintf.o)
 .data          0x0000000000000000        0x0 c:/program files/microchip/xc8/v2.40/avr/bin/../lib/gcc/avr/5.4.0/../../../../avr/lib/avrxmega2\libc.a(__int_vfprintf.o)
 .bss           0x0000000000000000        0x0 c:/program files/microchip/xc8/v2.40/avr/bin/../lib/gcc/avr/5.4.0/../../../../avr/lib/avrxmega2\libc.a(__int_vfprintf.o)
 .text          0x0000000000000000        0x0 c:/program files/microchip/xc8/v2.40/avr/bin/../lib/gcc/avr/5.4.0/avrxmega2\libgcc.a(_udivmodsi4.o)
 .data          0x0000000000000000        0x0 c:/program files/microchip/xc8/v2.40/avr/bin/../lib/gcc/avr/5.4.0/avrxmega2\libgcc.a(_udivmodsi4.o)
 .bss           0x0000000000000000        0x0 c:/program files/microchip/xc8/v2.40/avr/bin/../lib/gcc/avr/5.4.0/avrxmega2\libgcc.a(_udivmodsi4.o)
 .text.libgcc.mul
                0x0000000000000000        0x0 c:/program files/microchip/xc8/v2.40/avr/bin/../lib/gcc/avr/5.4.0/avrxmega2\libgcc.a(_udivmodsi4.o)
 .stack.descriptors
                0x0000000000000000       0x1a c:/program files/microchip/xc8/v2.40/avr/bin/../lib/gcc/avr/5.4.0/avrxmega2\libgcc.a(_udivmodsi4.o)
 .text.libgcc   0x0000000000000000        0x0 c:/program files/microchip/xc8/v2.40/avr/bin/../lib/gcc/avr/5.4.0/avrxmega2\libgcc.a(_udivmodsi4.o)
 .text.libgcc.prologue
                0x0000000000000000        0x0 c:/program files/microchip/xc8/v2.40/avr/bin/../lib/gcc/avr/5.4.0/avrxmega2\libgcc.a(_udivmodsi4.o)
 .text.libgcc.builtins
                0x0000000000000000        0x0 c:/program files/microchip/xc8/v2.40/avr/bin/../lib/gcc/avr/5.4.0/avrxmega2\libgcc.a(_udivmodsi4.o)
 .text.libgcc.fmul
                0x0000000000000000        0x0 c:/program files/microchip/xc8/v2.40/avr/bin/../lib/gcc/avr/5.4.0/avrxmega2\libgcc.a(_udivmodsi4.o)
 .text.libgcc.fixed
                0x0000000000000000        0x0 c:/program files/microchip/xc8/v2.40/avr/bin/../lib/gcc/avr/5.4.0/avrxmega2\libgcc.a(_udivmodsi4.o)
 .text          0x0000000000000000        0x0 c:/program files/microchip/xc8/v2.40/avr/bin/../lib/gcc/avr/5.4.0/avrxmega2\libgcc.a(_exit.o)
 .data          0x0000000000000000        0x0 c:/program files/microchip/xc8/v2.40/avr/bin/../lib/gcc/avr/5.4.0/avrxmega2\libgcc.a(_exit.o)
 .bss           0x0000000000000000        0x0 c:/program files/microchip/xc8/v2.40/avr/bin/../lib/gcc/avr/5.4.0/avrxmega2\libgcc.a(_exit.o)
 .text.libgcc.mul
                0x0000000000000000        0x0 c:/program files/microchip/xc8/v2.40/avr/bin/../lib/gcc/avr/5.4.0/avrxmega2\libgcc.a(_exit.o)
 .text.libgcc.div
                0x0000000000000000        0x0 c:/program files/microchip/xc8/v2.40/avr/bin/../lib/gcc/avr/5.4.0/avrxmega2\libgcc.a(_exit.o)
 .text.libgcc   0x0000000000000000        0x0 c:/program files/microchip/xc8/v2.40/avr/bin/../lib/gcc/avr/5.4.0/avrxmega2\libgcc.a(_exit.o)
 .text.libgcc.prologue
                0x0000000000000000        0x0 c:/program files/microchip/xc8/v2.40/avr/bin/../lib/gcc/avr/5.4.0/avrxmega2\libgcc.a(_exit.o)
 .stack.descriptors
                0x0000000000000000       0x13 c:/program files/microchip/xc8/v2.40/avr/bin/../lib/gcc/avr/5.4.0/avrxmega2\libgcc.a(_exit.o)
 .text.libgcc.builtins
                0x0000000000000000        0x0 c:/program files/microchip/xc8/v2.40/avr/bin/../lib/gcc/avr/5.4.0/avrxmega2\libgcc.a(_exit.o)
 .text.libgcc.fmul
                0x0000000000000000        0x0 c:/program files/microchip/xc8/v2.40/avr/bin/../lib/gcc/avr/5.4.0/avrxmega2\libgcc.a(_exit.o)
 .text.libgcc.fixed
                0x0000000000000000        0x0 c:/program files/microchip/xc8/v2.40/avr/bin/../lib/gcc/avr/5.4.0/avrxmega2\libgcc.a(_exit.o)
 .text          0x0000000000000000        0x0 c:/program files/microchip/xc8/v2.40/avr/bin/../lib/gcc/avr/5.4.0/avrxmega2\libgcc.a(_prologue.o)
 .data          0x0000000000000000        0x0 c:/program files/microchip/xc8/v2.40/avr/bin/../lib/gcc/avr/5.4.0/avrxmega2\libgcc.a(_prologue.o)
 .bss           0x0000000000000000        0x0 c:/program files/microchip/xc8/v2.40/avr/bin/../lib/gcc/avr/5.4.0/avrxmega2\libgcc.a(_prologue.o)
 .text.libgcc.mul
                0x0000000000000000        0x0 c:/program files/microchip/xc8/v2.40/avr/bin/../lib/gcc/avr/5.4.0/avrxmega2\libgcc.a(_prologue.o)
 .text.libgcc.div
                0x0000000000000000        0x0 c:/program files/microchip/xc8/v2.40/avr/bin/../lib/gcc/avr/5.4.0/avrxmega2\libgcc.a(_prologue.o)
 .text.libgcc   0x0000000000000000        0x0 c:/program files/microchip/xc8/v2.40/avr/bin/../lib/gcc/avr/5.4.0/avrxmega2\libgcc.a(_prologue.o)
 .text.libgcc.builtins
                0x0000000000000000        0x0 c:/program files/microchip/xc8/v2.40/avr/bin/../lib/gcc/avr/5.4.0/avrxmega2\libgcc.a(_prologue.o)
 .text.libgcc.fmul
                0x0000000000000000        0x0 c:/program files/microchip/xc8/v2.40/avr/bin/../lib/gcc/avr/5.4.0/avrxmega2\libgcc.a(_prologue.o)
 .text.libgcc.fixed
                0x0000000000000000        0x0 c:/program files/microchip/xc8/v2.40/avr/bin/../lib/gcc/avr/5.4.0/avrxmega2\libgcc.a(_prologue.o)
 .text          0x0000000000000000        0x0 c:/program files/microchip/xc8/v2.40/avr/bin/../lib/gcc/avr/5.4.0/avrxmega2\libgcc.a(_epilogue.o)
 .data          0x0000000000000000        0x0 c:/program files/microchip/xc8/v2.40/avr/bin/../lib/gcc/avr/5.4.0/avrxmega2\libgcc.a(_epilogue.o)
 .bss           0x0000000000000000        0x0 c:/program files/microchip/xc8/v2.40/avr/bin/../lib/gcc/avr/5.4.0/avrxmega2\libgcc.a(_epilogue.o)
 .text.libgcc.mul
                0x0000000000000000        0x0 c:/program files/microchip/xc8/v2.40/avr/bin/../lib/gcc/avr/5.4.0/avrxmega2\libgcc.a(_epilogue.o)
 .text.libgcc.div
                0x0000000000000000        0x0 c:/program files/microchip/xc8/v2.40/avr/bin/../lib/gcc/avr/5.4.0/avrxmega2\libgcc.a(_epilogue.o)
 .text.libgcc   0x0000000000000000        0x0 c:/program files/microchip/xc8/v2.40/avr/bin/../lib/gcc/avr/5.4.0/avrxmega2\libgcc.a(_epilogue.o)
 .text.libgcc.builtins
                0x0000000000000000        0x0 c:/program files/microchip/xc8/v2.40/avr/bin/../lib/gcc/avr/5.4.0/avrxmega2\libgcc.a(_epilogue.o)
 .text.libgcc.fmul
                0x0000000000000000        0x0 c:/program files/microchip/xc8/v2.40/avr/bin/../lib/gcc/avr/5.4.0/avrxmega2\libgcc.a(_epilogue.o)
 .text.libgcc.fixed
                0x0000000000000000        0x0 c:/program files/microchip/xc8/v2.40/avr/bin/../lib/gcc/avr/5.4.0/avrxmega2\libgcc.a(_epilogue.o)

Memory Configuration

Name             Origin             Length             Attributes
text             0x0000000000000000 0x0000000000010000 xr
data             0x0000000000806000 0x0000000000002000 rw !x
eeprom           0x0000000000810000 0x0000000000000100 rw !x
fuse             0x0000000000820000 0x0000000000000010 rw !x
lock             0x0000000000830000 0x0000000000000400 rw !x
signature        0x0000000000840000 0x0000000000000400 rw !x
user_signatures  0x0000000000850000 0x0000000000000400 rw !x
*default*        0x0000000000000000 0xffffffffffffffff

Linker script and memory map

Address of section .data set to 0x806000
                0x0000000000008000                __RODATA_PM_OFFSET__ = 0x8000
LOAD C:/Users/c52467/.mchp_packs/Microchip/AVR-Dx_DFP/2.1.152/xc8/avr/lib/avrxmega2/crtavr64dd32.o
                0x0000000000000001                __MPLAB_BUILD = 0x1
LOAD build/default/production/main.o
START GROUP
LOAD c:/program files/microchip/xc8/v2.40/avr/bin/../lib/gcc/avr/5.4.0/../../../../avr/lib/avrxmega2\libm.a
END GROUP
START GROUP
LOAD c:/program files/microchip/xc8/v2.40/avr/bin/../lib/gcc/avr/5.4.0/avrxmega2\libgcc.a
LOAD c:/program files/microchip/xc8/v2.40/avr/bin/../lib/gcc/avr/5.4.0/../../../../avr/lib/avrxmega2\libm.a
LOAD c:/program files/microchip/xc8/v2.40/avr/bin/../lib/gcc/avr/5.4.0/../../../../avr/lib/avrxmega2\libc.a
LOAD C:/Users/c52467/.mchp_packs/Microchip/AVR-Dx_DFP/2.1.152/xc8/avr/lib/avrxmega2\libavr64dd32.a
END GROUP
                [0x0000000000000000]                __TEXT_REGION_ORIGIN__ = DEFINED (__TEXT_REGION_ORIGIN__)?__TEXT_REGION_ORIGIN__:0x0
                [0x0000000000806000]                __DATA_REGION_ORIGIN__ = DEFINED (__DATA_REGION_ORIGIN__)?__DATA_REGION_ORIGIN__:0x802000
                [0x0000000000010000]                __TEXT_REGION_LENGTH__ = DEFINED (__TEXT_REGION_LENGTH__)?__TEXT_REGION_LENGTH__:0x100000
                [0x0000000000002000]                __DATA_REGION_LENGTH__ = DEFINED (__DATA_REGION_LENGTH__)?__DATA_REGION_LENGTH__:0xffa0
                [0x0000000000000100]                __EEPROM_REGION_LENGTH__ = DEFINED (__EEPROM_REGION_LENGTH__)?__EEPROM_REGION_LENGTH__:0x10000
                [0x0000000000000010]                __FUSE_REGION_LENGTH__ = DEFINED (__FUSE_REGION_LENGTH__)?__FUSE_REGION_LENGTH__:0x400
                0x0000000000000400                __LOCK_REGION_LENGTH__ = DEFINED (__LOCK_REGION_LENGTH__)?__LOCK_REGION_LENGTH__:0x400
                0x0000000000000400                __SIGNATURE_REGION_LENGTH__ = DEFINED (__SIGNATURE_REGION_LENGTH__)?__SIGNATURE_REGION_LENGTH__:0x400
                0x0000000000000400                __USER_SIGNATURE_REGION_LENGTH__ = DEFINED (__USER_SIGNATURE_REGION_LENGTH__)?__USER_SIGNATURE_REGION_LENGTH__:0x400

.hash
 *(.hash)

.dynsym
 *(.dynsym)

.dynstr
 *(.dynstr)

.gnu.version
 *(.gnu.version)

.gnu.version_d
 *(.gnu.version_d)

.gnu.version_r
 *(.gnu.version_r)

.rel.init
 *(.rel.init)

.rela.init
 *(.rela.init)

.rel.text
 *(.rel.text)
 *(.rel.text.*)
 *(.rel.gnu.linkonce.t*)

.rela.text
 *(.rela.text)
 *(.rela.text.*)
 *(.rela.gnu.linkonce.t*)

.rel.fini
 *(.rel.fini)

.rela.fini
 *(.rela.fini)

.rel.rodata
 *(.rel.rodata)
 *(.rel.rodata.*)
 *(.rel.gnu.linkonce.r*)

.rela.rodata
 *(.rela.rodata)
 *(.rela.rodata.*)
 *(.rela.gnu.linkonce.r*)

.rel.data
 *(.rel.data)
 *(.rel.data.*)
 *(.rel.gnu.linkonce.d*)

.rela.data
 *(.rela.data)
 *(.rela.data.*)
 *(.rela.gnu.linkonce.d*)

.rel.ctors
 *(.rel.ctors)

.rela.ctors
 *(.rela.ctors)

.rel.dtors
 *(.rel.dtors)

.rela.dtors
 *(.rela.dtors)

.rel.got
 *(.rel.got)

.rela.got
 *(.rela.got)

.rel.bss
 *(.rel.bss)

.rela.bss
 *(.rela.bss)

.rel.plt
 *(.rel.plt)

.rela.plt
 *(.rela.plt)

.text           0x0000000000000000       0xf6
 *(.vectors)
 .vectors       0x0000000000000000       0x90 C:/Users/c52467/.mchp_packs/Microchip/AVR-Dx_DFP/2.1.152/xc8/avr/lib/avrxmega2/crtavr64dd32.o
                0x0000000000000000                __vector_default
                0x0000000000000000                __vectors
 *(.vectors)
 *(.progmem.gcc*)
 *(.dinit)
 .dinit         0x0000000000000090       0x11 data_init
                0x00000000000000a2                . = ALIGN (0x2)
 *fill*         0x00000000000000a1        0x1 
                0x00000000000000a2                __trampolines_start = .
 *(.trampolines)
 .trampolines   0x00000000000000a2        0x0 linker stubs
 *(.trampolines*)
                0x00000000000000a2                __trampolines_end = .
 *libprintf_flt.a:*(.progmem.data)
 *libc.a:*(.progmem.data)
                0x00000000000000a2                . = ALIGN (0x2)
 *(.jumptables)
 *(.jumptables*)
 *(.lowtext)
 *(.lowtext*)
                0x00000000000000a2                __ctors_start = .
 *(.ctors)
                0x00000000000000a2                __ctors_end = .
                0x00000000000000a2                __dtors_start = .
 *(.dtors)
                0x00000000000000a2                __dtors_end = .
 SORT(*)(.ctors)
 SORT(*)(.dtors)
 *(.init0)
 .init0         0x00000000000000a2        0x0 C:/Users/c52467/.mchp_packs/Microchip/AVR-Dx_DFP/2.1.152/xc8/avr/lib/avrxmega2/crtavr64dd32.o
                0x00000000000000a2                __init
 *(.init0)
 *(.init1)
 *(.init1)
 *(.init2)
 .init2         0x00000000000000a2        0xc C:/Users/c52467/.mchp_packs/Microchip/AVR-Dx_DFP/2.1.152/xc8/avr/lib/avrxmega2/crtavr64dd32.o
 *(.init2)
 *(.init3)
 *(.init3)
 *(.init4)
 .init4         0x00000000000000ae       0x3c c:/program files/microchip/xc8/v2.40/avr/bin/../lib/gcc/avr/5.4.0/avrxmega2\libgcc.a(_copy_data.o)
                0x00000000000000ae                __do_copy_data
                0x00000000000000dc                __do_clear_bss
 *(.init4)
 *(.init5)
 *(.init5)
 *(.init6)
 *(.init6)
 *(.init7)
 *(.init7)
 *(.init8)
 *(.init8)
 *(.init9)
 .init9         0x00000000000000ea        0x8 C:/Users/c52467/.mchp_packs/Microchip/AVR-Dx_DFP/2.1.152/xc8/avr/lib/avrxmega2/crtavr64dd32.o
 *(.init9)
                0x00000000000000f2                . = ALIGN (0x2)
 *(.fini9)
 .fini9         0x00000000000000f2        0x0 c:/program files/microchip/xc8/v2.40/avr/bin/../lib/gcc/avr/5.4.0/avrxmega2\libgcc.a(_exit.o)
                0x00000000000000f2                _exit
 *(.fini9)
 *(.fini8)
 *(.fini8)
 *(.fini7)
 *(.fini7)
 *(.fini6)
 *(.fini6)
 *(.fini5)
 *(.fini5)
 *(.fini4)
 *(.fini4)
 *(.fini3)
 *(.fini3)
 *(.fini2)
 *(.fini2)
 *(.fini1)
 *(.fini1)
 *(.fini0)
 .fini0         0x00000000000000f2        0x4 c:/program files/microchip/xc8/v2.40/avr/bin/../lib/gcc/avr/5.4.0/avrxmega2\libgcc.a(_exit.o)
 *(.fini0)
                0x00000000000000f6                _etext = .

.data           0x0000000000806000        0x0 load address 0x00000000000000f6
                [!provide]                        PROVIDE (__data_start, .)
 *(.gnu.linkonce.d*)
 *(.gnu.linkonce.r*)
                0x0000000000806000                . = ALIGN (0x2)
                0x0000000000806000                _edata = .
                [!provide]                        PROVIDE (__data_end, .)

.bss            0x0000000000806000        0x2
                [!provide]                        PROVIDE (__bss_start, .)
 *(COMMON)
 COMMON         0x0000000000806000        0x2 c:/program files/microchip/xc8/v2.40/avr/bin/../lib/gcc/avr/5.4.0/../../../../avr/lib/avrxmega2\libc.a(errno.o)
                0x0000000000806000                __errno_val
                [!provide]                        PROVIDE (__bss_end, .)
                0x00000000000000f6                __data_load_start = LOADADDR (.data)
                0x00000000000000f6                __data_load_end = (__data_load_start + SIZEOF (.data))

.noinit         0x0000000000806002        0x0
                [!provide]                        PROVIDE (__noinit_start, .)
 *(.noinit*)
                [!provide]                        PROVIDE (__noinit_end, .)
                0x0000000000806002                _end = .

.eeprom         0x0000000000810000        0x0
 *(.eeprom*)
                0x0000000000810000                __eeprom_end = .

.fuse
 *(.fuse)
 *(.lfuse)
 *(.hfuse)
 *(.efuse)

.lock
 *(.lock*)

.signature
 *(.signature*)

.user_signatures
 *(.user_signatures*)

.stab
 *(.stab)

.stabstr
 *(.stabstr)

.stab.excl
 *(.stab.excl)

.stab.exclstr
 *(.stab.exclstr)

.stab.index
 *(.stab.index)

.stab.indexstr
 *(.stab.indexstr)

.comment        0x0000000000000000       0x2f
 *(.comment)
 .comment       0x0000000000000000       0x2f build/default/production/main.o
                                         0x30 (size before relaxing)
 .comment       0x000000000000002f       0x30 c:/program files/microchip/xc8/v2.40/avr/bin/../lib/gcc/avr/5.4.0/../../../../avr/lib/avrxmega2\libc.a(exit.o)
 .comment       0x000000000000002f       0x30 c:/program files/microchip/xc8/v2.40/avr/bin/../lib/gcc/avr/5.4.0/../../../../avr/lib/avrxmega2\libc.a(__sio_printf_doux.o)
 .comment       0x000000000000002f       0x30 c:/program files/microchip/xc8/v2.40/avr/bin/../lib/gcc/avr/5.4.0/../../../../avr/lib/avrxmega2\libc.a(__fmt_d.o)
 .comment       0x000000000000002f       0x30 c:/program files/microchip/xc8/v2.40/avr/bin/../lib/gcc/avr/5.4.0/../../../../avr/lib/avrxmega2\libc.a(__fmt_o.o)
 .comment       0x000000000000002f       0x30 c:/program files/microchip/xc8/v2.40/avr/bin/../lib/gcc/avr/5.4.0/../../../../avr/lib/avrxmega2\libc.a(__fmt_s.o)
 .comment       0x000000000000002f       0x30 c:/program files/microchip/xc8/v2.40/avr/bin/../lib/gcc/avr/5.4.0/../../../../avr/lib/avrxmega2\libc.a(__fmt_u.o)
 .comment       0x000000000000002f       0x30 c:/program files/microchip/xc8/v2.40/avr/bin/../lib/gcc/avr/5.4.0/../../../../avr/lib/avrxmega2\libc.a(__fmt_x.o)
 .comment       0x000000000000002f       0x30 c:/program files/microchip/xc8/v2.40/avr/bin/../lib/gcc/avr/5.4.0/../../../../avr/lib/avrxmega2\libc.a(__pop_int.o)
 .comment       0x000000000000002f       0x30 c:/program files/microchip/xc8/v2.40/avr/bin/../lib/gcc/avr/5.4.0/../../../../avr/lib/avrxmega2\libc.a(__printf_core.o)
 .comment       0x000000000000002f       0x30 c:/program files/microchip/xc8/v2.40/avr/bin/../lib/gcc/avr/5.4.0/../../../../avr/lib/avrxmega2\libc.a(fputc.o)
 .comment       0x000000000000002f       0x30 c:/program files/microchip/xc8/v2.40/avr/bin/../lib/gcc/avr/5.4.0/../../../../avr/lib/avrxmega2\libc.a(stdout.o)
 .comment       0x000000000000002f       0x30 c:/program files/microchip/xc8/v2.40/avr/bin/../lib/gcc/avr/5.4.0/../../../../avr/lib/avrxmega2\libc.a(strlen.o)
 .comment       0x000000000000002f       0x30 c:/program files/microchip/xc8/v2.40/avr/bin/../lib/gcc/avr/5.4.0/../../../../avr/lib/avrxmega2\libc.a(tolower.o)
 .comment       0x000000000000002f       0x30 c:/program files/microchip/xc8/v2.40/avr/bin/../lib/gcc/avr/5.4.0/../../../../avr/lib/avrxmega2\libc.a(toupper.o)
 .comment       0x000000000000002f       0x30 c:/program files/microchip/xc8/v2.40/avr/bin/../lib/gcc/avr/5.4.0/../../../../avr/lib/avrxmega2\libc.a(errno.o)
 .comment       0x000000000000002f       0x30 c:/program files/microchip/xc8/v2.40/avr/bin/../lib/gcc/avr/5.4.0/../../../../avr/lib/avrxmega2\libc.a(_Exit.o)
 .comment       0x000000000000002f       0x30 c:/program files/microchip/xc8/v2.40/avr/bin/../lib/gcc/avr/5.4.0/../../../../avr/lib/avrxmega2\libc.a(__int_vfprintf.o)

.note.GNU-stack
                0x0000000000000000        0x0
 .note.GNU-stack
                0x0000000000000000        0x0 c:/program files/microchip/xc8/v2.40/avr/bin/../lib/gcc/avr/5.4.0/../../../../avr/lib/avrxmega2\libc.a(exit.o)
 .note.GNU-stack
                0x0000000000000000        0x0 c:/program files/microchip/xc8/v2.40/avr/bin/../lib/gcc/avr/5.4.0/../../../../avr/lib/avrxmega2\libc.a(__sio_printf_doux.o)
 .note.GNU-stack
                0x0000000000000000        0x0 c:/program files/microchip/xc8/v2.40/avr/bin/../lib/gcc/avr/5.4.0/../../../../avr/lib/avrxmega2\libc.a(__fmt_d.o)
 .note.GNU-stack
                0x0000000000000000        0x0 c:/program files/microchip/xc8/v2.40/avr/bin/../lib/gcc/avr/5.4.0/../../../../avr/lib/avrxmega2\libc.a(__fmt_o.o)
 .note.GNU-stack
                0x0000000000000000        0x0 c:/program files/microchip/xc8/v2.40/avr/bin/../lib/gcc/avr/5.4.0/../../../../avr/lib/avrxmega2\libc.a(__fmt_s.o)
 .note.GNU-stack
                0x0000000000000000        0x0 c:/program files/microchip/xc8/v2.40/avr/bin/../lib/gcc/avr/5.4.0/../../../../avr/lib/avrxmega2\libc.a(__fmt_u.o)
 .note.GNU-stack
                0x0000000000000000        0x0 c:/program files/microchip/xc8/v2.40/avr/bin/../lib/gcc/avr/5.4.0/../../../../avr/lib/avrxmega2\libc.a(__fmt_x.o)
 .note.GNU-stack
                0x0000000000000000        0x0 c:/program files/microchip/xc8/v2.40/avr/bin/../lib/gcc/avr/5.4.0/../../../../avr/lib/avrxmega2\libc.a(__pop_int.o)
 .note.GNU-stack
                0x0000000000000000        0x0 c:/program files/microchip/xc8/v2.40/avr/bin/../lib/gcc/avr/5.4.0/../../../../avr/lib/avrxmega2\libc.a(__printf_core.o)
 .note.GNU-stack
                0x0000000000000000        0x0 c:/program files/microchip/xc8/v2.40/avr/bin/../lib/gcc/avr/5.4.0/../../../../avr/lib/avrxmega2\libc.a(fputc.o)
 .note.GNU-stack
                0x0000000000000000        0x0 c:/program files/microchip/xc8/v2.40/avr/bin/../lib/gcc/avr/5.4.0/../../../../avr/lib/avrxmega2\libc.a(stdout.o)
 .note.GNU-stack
                0x0000000000000000        0x0 c:/program files/microchip/xc8/v2.40/avr/bin/../lib/gcc/avr/5.4.0/../../../../avr/lib/avrxmega2\libc.a(strlen.o)
 .note.GNU-stack
                0x0000000000000000        0x0 c:/program files/microchip/xc8/v2.40/avr/bin/../lib/gcc/avr/5.4.0/../../../../avr/lib/avrxmega2\libc.a(tolower.o)
 .note.GNU-stack
                0x0000000000000000        0x0 c:/program files/microchip/xc8/v2.40/avr/bin/../lib/gcc/avr/5.4.0/../../../../avr/lib/avrxmega2\libc.a(toupper.o)
 .note.GNU-stack
                0x0000000000000000        0x0 c:/program files/microchip/xc8/v2.40/avr/bin/../lib/gcc/avr/5.4.0/../../../../avr/lib/avrxmega2\libc.a(errno.o)
 .note.GNU-stack
                0x0000000000000000        0x0 c:/program files/microchip/xc8/v2.40/avr/bin/../lib/gcc/avr/5.4.0/../../../../avr/lib/avrxmega2\libc.a(_Exit.o)
 .note.GNU-stack
                0x0000000000000000        0x0 c:/program files/microchip/xc8/v2.40/avr/bin/../lib/gcc/avr/5.4.0/../../../../avr/lib/avrxmega2\libc.a(__int_vfprintf.o)

.stack.descriptors.hdr
                0x0000000000000000       0x1c
 .stack.descriptors.hdr
                0x0000000000000000        0xe c:/program files/microchip/xc8/v2.40/avr/bin/../lib/gcc/avr/5.4.0/avrxmega2\libgcc.a(_udivmodsi4.o)
 .stack.descriptors.hdr
                0x000000000000000e        0xe c:/program files/microchip/xc8/v2.40/avr/bin/../lib/gcc/avr/5.4.0/avrxmega2\libgcc.a(_exit.o)

.note.gnu.build-id
 *(.note.gnu.build-id)

.debug
 *(.debug)

.line
 *(.line)

.debug_srcinfo
 *(.debug_srcinfo)

.debug_sfnames
 *(.debug_sfnames)

.debug_aranges  0x0000000000000000       0x40
 *(.debug_aranges)
 .debug_aranges
                0x0000000000000000       0x40 build/default/production/main.o

.debug_pubnames
 *(.debug_pubnames)

.debug_info     0x0000000000000000     0x3161
 *(.debug_info .gnu.linkonce.wi.*)
 .debug_info    0x0000000000000000     0x22a4 C:/Users/c52467/.mchp_packs/Microchip/AVR-Dx_DFP/2.1.152/xc8/avr/lib/avrxmega2/crtavr64dd32.o
 .debug_info    0x00000000000022a4      0xebd build/default/production/main.o

.debug_abbrev   0x0000000000000000     0x22ea
 *(.debug_abbrev)
 .debug_abbrev  0x0000000000000000     0x20ce C:/Users/c52467/.mchp_packs/Microchip/AVR-Dx_DFP/2.1.152/xc8/avr/lib/avrxmega2/crtavr64dd32.o
 .debug_abbrev  0x00000000000020ce      0x21c build/default/production/main.o

.debug_line     0x0000000000000000      0x346
 *(.debug_line .debug_line.* .debug_line_end)
 .debug_line    0x0000000000000000      0x16f C:/Users/c52467/.mchp_packs/Microchip/AVR-Dx_DFP/2.1.152/xc8/avr/lib/avrxmega2/crtavr64dd32.o
 .debug_line    0x000000000000016f      0x1d7 build/default/production/main.o

.debug_frame    0x0000000000000000       0x74
 *(.debug_frame)
 .debug_frame   0x0000000000000000       0x74 build/default/production/main.o

.debug_str      0x0000000000000000      0xf11
 *(.debug_str)
 .debug_str     0x0000000000000000      0xefb C:/Users/c52467/.mchp_packs/Microchip/AVR-Dx_DFP/2.1.152/xc8/avr/lib/avrxmega2/crtavr64dd32.o
 .debug_str     0x0000000000000efb       0x16 build/default/production/main.o

.debug_loc      0x0000000000000000       0x71
 *(.debug_loc)
 .debug_loc     0x0000000000000000       0x71 build/default/production/main.o

.debug_macinfo
 *(.debug_macinfo)

.debug_weaknames
 *(.debug_weaknames)

.debug_funcnames
 *(.debug_funcnames)

.debug_typenames
 *(.debug_typenames)

.debug_varnames
 *(.debug_varnames)

.debug_pubtypes
 *(.debug_pubtypes)

.debug_ranges   0x0000000000000000       0x30
 *(.debug_ranges)
 .debug_ranges  0x0000000000000000       0x30 build/default/production/main.o

.debug_macro
 *(.debug_macro)
OUTPUT(dist/default/production/AVR-DD-BM-USART.X.production.elf elf32-avr)
LOAD linker stubs
LOAD data_init

.note.gnu.avr.deviceinfo
                0x0000000000000000       0x3c
 .note.gnu.avr.deviceinfo
                0x0000000000000000       0x3c C:/Users/c52467/.mchp_packs/Microchip/AVR-Dx_DFP/2.1.152/xc8/avr/lib/avrxmega2/crtavr64dd32.o

.bss.__stdout   0x0000000000806048        0x2
 .bss.__stdout  0x0000000000806048        0x2 c:/program files/microchip/xc8/v2.40/avr/bin/../lib/gcc/avr/5.4.0/../../../../avr/lib/avrxmega2\libc.a(stdout.o)

.text.vfpfcnvrt
                0x00000000000000f6      0x3fc
 .text.vfpfcnvrt
                0x00000000000000f6      0x3fc c:/program files/microchip/xc8/v2.40/avr/bin/../lib/gcc/avr/5.4.0/../../../../avr/lib/avrxmega2\libc.a(__printf_core.o)
                0x00000000000000f6                vfpfcnvrt

.text.__fmt_x   0x00000000000004f2      0x1dc
 .text.__fmt_x  0x00000000000004f2      0x1dc c:/program files/microchip/xc8/v2.40/avr/bin/../lib/gcc/avr/5.4.0/../../../../avr/lib/avrxmega2\libc.a(__fmt_x.o)
                0x00000000000004f2                __fmt_x_needed
                0x00000000000004f2                __fmt_x

.text.__fmt_d   0x00000000000006ce       0xe4
 .text.__fmt_d  0x00000000000006ce       0xe4 c:/program files/microchip/xc8/v2.40/avr/bin/../lib/gcc/avr/5.4.0/../../../../avr/lib/avrxmega2\libc.a(__fmt_d.o)
                0x00000000000006ce                __fmt_d
                0x00000000000006ce                __fmt_d_needed

.text.__pop_int
                0x00000000000007b2       0xd0
 .text.__pop_int
                0x00000000000007b2       0xd0 c:/program files/microchip/xc8/v2.40/avr/bin/../lib/gcc/avr/5.4.0/../../../../avr/lib/avrxmega2\libc.a(__pop_int.o)
                0x00000000000007b2                __pop_int_needed
                0x00000000000007b2                __pop_int

.text.__cvt_u   0x0000000000000882       0xca
 .text.__cvt_u  0x0000000000000882       0xca c:/program files/microchip/xc8/v2.40/avr/bin/../lib/gcc/avr/5.4.0/../../../../avr/lib/avrxmega2\libc.a(__fmt_u.o)
                0x0000000000000882                __cvt_u

.text.__fmt_o   0x000000000000094c       0xb2
 .text.__fmt_o  0x000000000000094c       0xb2 c:/program files/microchip/xc8/v2.40/avr/bin/../lib/gcc/avr/5.4.0/../../../../avr/lib/avrxmega2\libc.a(__fmt_o.o)
                0x000000000000094c                __fmt_o
                0x000000000000094c                __fmt_o_needed

.text.fputc     0x00000000000009fe       0x92
 .text.fputc    0x00000000000009fe       0x92 c:/program files/microchip/xc8/v2.40/avr/bin/../lib/gcc/avr/5.4.0/../../../../avr/lib/avrxmega2\libc.a(fputc.o)
                0x00000000000009fe                fputc
                0x00000000000009fe                putc

.text.__fmt_u   0x0000000000000a90       0x8e
 .text.__fmt_u  0x0000000000000a90       0x8e c:/program files/microchip/xc8/v2.40/avr/bin/../lib/gcc/avr/5.4.0/../../../../avr/lib/avrxmega2\libc.a(__fmt_u.o)
                0x0000000000000a90                __fmt_u_needed
                0x0000000000000a90                __fmt_u

.text.__printf_core
                0x0000000000000b1e       0x78
 .text.__printf_core
                0x0000000000000b1e       0x78 c:/program files/microchip/xc8/v2.40/avr/bin/../lib/gcc/avr/5.4.0/../../../../avr/lib/avrxmega2\libc.a(__printf_core.o)
                0x0000000000000b1e                __printf_core

.text.__pad     0x0000000000000b96       0x72
 .text.__pad    0x0000000000000b96       0x72 c:/program files/microchip/xc8/v2.40/avr/bin/../lib/gcc/avr/5.4.0/../../../../avr/lib/avrxmega2\libc.a(__printf_core.o)
                0x0000000000000b96                __pad

.text.read_prec_or_width
                0x0000000000000c08       0x5c
 .text.read_prec_or_width
                0x0000000000000c08       0x5c c:/program files/microchip/xc8/v2.40/avr/bin/../lib/gcc/avr/5.4.0/../../../../avr/lib/avrxmega2\libc.a(__printf_core.o)

.text.__fmt_s   0x0000000000000c64       0x54
 .text.__fmt_s  0x0000000000000c64       0x54 c:/program files/microchip/xc8/v2.40/avr/bin/../lib/gcc/avr/5.4.0/../../../../avr/lib/avrxmega2\libc.a(__fmt_s.o)
                0x0000000000000c64                __fmt_s
                0x0000000000000c64                __fmt_0_needed
                0x0000000000000c64                __fmt_s_needed

.text.libgcc.div
                0x0000000000000cb8       0x44
 .text.libgcc.div
                0x0000000000000cb8       0x44 c:/program files/microchip/xc8/v2.40/avr/bin/../lib/gcc/avr/5.4.0/avrxmega2\libgcc.a(_udivmodsi4.o)
                0x0000000000000cb8                __udivmodsi4

.text.USART_Init
                0x0000000000000cfc       0x40
 .text.USART_Init
                0x0000000000000cfc       0x40 build/default/production/main.o
                0x0000000000000cfc                USART_Init

.text.__fmt_state
                0x0000000000000d3c       0x40
 .text.__fmt_state
                0x0000000000000d3c       0x40 c:/program files/microchip/xc8/v2.40/avr/bin/../lib/gcc/avr/5.4.0/../../../../avr/lib/avrxmega2\libc.a(__printf_core.o)
                0x0000000000000d3c                __fmt_state

.text.__out     0x0000000000000d7c       0x3a
 .text.__out    0x0000000000000d7c       0x3a c:/program files/microchip/xc8/v2.40/avr/bin/../lib/gcc/avr/5.4.0/../../../../avr/lib/avrxmega2\libc.a(__printf_core.o)
                0x0000000000000d7c                __out

.text.libgcc.prologue
                0x0000000000000db6       0x32
 .text.libgcc.prologue
                0x0000000000000db6       0x32 c:/program files/microchip/xc8/v2.40/avr/bin/../lib/gcc/avr/5.4.0/avrxmega2\libgcc.a(_prologue.o)
                0x0000000000000db6                __prologue_saves__

.text.main      0x0000000000000de8       0x30
 .text.main     0x0000000000000de8       0x30 build/default/production/main.o
                0x0000000000000de8                main

.text.__wrap_printf
                0x0000000000000e18       0x30
 .text.__wrap_printf
                0x0000000000000e18       0x30 c:/program files/microchip/xc8/v2.40/avr/bin/../lib/gcc/avr/5.4.0/../../../../avr/lib/avrxmega2\libc.a(__sio_printf_doux.o)
                0x0000000000000e18                _printf_cdopuxX

.text.__vfprintf
                0x0000000000000e48       0x30
 .text.__vfprintf
                0x0000000000000e48       0x30 c:/program files/microchip/xc8/v2.40/avr/bin/../lib/gcc/avr/5.4.0/../../../../avr/lib/avrxmega2\libc.a(__int_vfprintf.o)
                0x0000000000000e48                __vfprintf

.text.libgcc.prologue
                0x0000000000000e78       0x30
 .text.libgcc.prologue
                0x0000000000000e78       0x30 c:/program files/microchip/xc8/v2.40/avr/bin/../lib/gcc/avr/5.4.0/avrxmega2\libgcc.a(_epilogue.o)
                0x0000000000000e78                __epilogue_restores__

.text.MainClkCtrl
                0x0000000000000ea8       0x1c
 .text.MainClkCtrl
                0x0000000000000ea8       0x1c build/default/production/main.o
                0x0000000000000ea8                MainClkCtrl

.text.strlen    0x0000000000000ec4       0x1c
 .text.strlen   0x0000000000000ec4       0x1c c:/program files/microchip/xc8/v2.40/avr/bin/../lib/gcc/avr/5.4.0/../../../../avr/lib/avrxmega2\libc.a(strlen.o)
                0x0000000000000ec4                strlen

.text.exit      0x0000000000000ee0       0x16
 .text.exit     0x0000000000000ee0       0x16 c:/program files/microchip/xc8/v2.40/avr/bin/../lib/gcc/avr/5.4.0/../../../../avr/lib/avrxmega2\libc.a(exit.o)
                0x0000000000000ee0                exit

.text.toupper   0x0000000000000ef6       0x12
 .text.toupper  0x0000000000000ef6       0x12 c:/program files/microchip/xc8/v2.40/avr/bin/../lib/gcc/avr/5.4.0/../../../../avr/lib/avrxmega2\libc.a(toupper.o)
                0x0000000000000ef6                toupper

.text.USART0_sendChar
                0x0000000000000f08       0x10
 .text.USART0_sendChar
                0x0000000000000f08       0x10 build/default/production/main.o
                0x0000000000000f08                USART0_sendChar

.text.tolower   0x0000000000000f18       0x10
 .text.tolower  0x0000000000000f18       0x10 c:/program files/microchip/xc8/v2.40/avr/bin/../lib/gcc/avr/5.4.0/../../../../avr/lib/avrxmega2\libc.a(tolower.o)
                0x0000000000000f18                tolower

.text.USART0_printChar
                0x0000000000000f28        0xa
 .text.USART0_printChar
                0x0000000000000f28        0xa build/default/production/main.o
                0x0000000000000f28                USART0_printChar

.text           0x0000000000000f32        0x4
 .text          0x0000000000000f32        0x4 C:/Users/c52467/.mchp_packs/Microchip/AVR-Dx_DFP/2.1.152/xc8/avr/lib/avrxmega2/crtavr64dd32.o
                0x0000000000000f32                __vector_22
                0x0000000000000f32                __vector_28
                0x0000000000000f32                __vector_1
                0x0000000000000f32                __vector_32
                0x0000000000000f32                __vector_34
                0x0000000000000f32                __vector_24
                0x0000000000000f32                __vector_12
                0x0000000000000f32                __bad_interrupt
                0x0000000000000f32                __vector_6
                0x0000000000000f32                __vector_31
                0x0000000000000f32                __vector_35
                0x0000000000000f32                __vector_3
                0x0000000000000f32                __vector_23
                0x0000000000000f32                __vector_30
                0x0000000000000f32                __vector_25
                0x0000000000000f32                __vector_11
                0x0000000000000f32                __vector_13
                0x0000000000000f32                __vector_17
                0x0000000000000f32                __vector_19
                0x0000000000000f32                __vector_7
                0x0000000000000f32                __vector_27
                0x0000000000000f32                __vector_5
                0x0000000000000f32                __vector_33
                0x0000000000000f32                __vector_4
                0x0000000000000f32                __vector_9
                0x0000000000000f32                __vector_2
                0x0000000000000f32                __vector_21
                0x0000000000000f32                __vector_15
                0x0000000000000f32                __vector_29
                0x0000000000000f32                __vector_8
                0x0000000000000f32                __vector_26
                0x0000000000000f32                __vector_14
                0x0000000000000f32                __vector_10
                0x0000000000000f32                __vector_16
                0x0000000000000f32                __vector_18
                0x0000000000000f32                __vector_20

.text._Exit     0x0000000000000f36        0x4
 .text._Exit    0x0000000000000f36        0x4 c:/program files/microchip/xc8/v2.40/avr/bin/../lib/gcc/avr/5.4.0/../../../../avr/lib/avrxmega2\libc.a(_Exit.o)
                0x0000000000000f36                _Exit

.text.__dummy_fini
                0x0000000000000f3a        0x2
 .text.__dummy_fini
                0x0000000000000f3a        0x2 c:/program files/microchip/xc8/v2.40/avr/bin/../lib/gcc/avr/5.4.0/../../../../avr/lib/avrxmega2\libc.a(exit.o)
                0x0000000000000f3a                _fini

.text.__dummy_funcs_on_exit
                0x0000000000000f3c        0x2
 .text.__dummy_funcs_on_exit
                0x0000000000000f3c        0x2 c:/program files/microchip/xc8/v2.40/avr/bin/../lib/gcc/avr/5.4.0/../../../../avr/lib/avrxmega2\libc.a(exit.o)
                0x0000000000000f3c                __funcs_on_exit

.text.__dummy_simulator_exit
                0x0000000000000f3e        0x2
 .text.__dummy_simulator_exit
                0x0000000000000f3e        0x2 c:/program files/microchip/xc8/v2.40/avr/bin/../lib/gcc/avr/5.4.0/../../../../avr/lib/avrxmega2\libc.a(exit.o)
                0x0000000000000f3e                __simulator_exit

.rodata.state_table
                0x0000000000806002       0x16 load address 0x0000000000000f40
 .rodata.state_table
                0x0000000000806002       0x16 c:/program files/microchip/xc8/v2.40/avr/bin/../lib/gcc/avr/5.4.0/../../../../avr/lib/avrxmega2\libc.a(__printf_core.o)

.rodata         0x0000000000806018       0x11 load address 0x0000000000000f56
 .rodata        0x0000000000806018       0x11 build/default/production/main.o

.data.USART_stream
                0x0000000000806029       0x10 load address 0x0000000000000f67
 .data.USART_stream
                0x0000000000806029       0x10 build/default/production/main.o
                0x0000000000806029                USART_stream

.rodata.nuls.2781
                0x0000000000806039        0x7 load address 0x0000000000000f77
 .rodata.nuls.2781
                0x0000000000806039        0x7 c:/program files/microchip/xc8/v2.40/avr/bin/../lib/gcc/avr/5.4.0/../../../../avr/lib/avrxmega2\libc.a(__fmt_s.o)

.rodata.nilstr.2962
                0x0000000000806040        0x6 load address 0x0000000000000f7e
 .rodata.nilstr.2962
                0x0000000000806040        0x6 c:/program files/microchip/xc8/v2.40/avr/bin/../lib/gcc/avr/5.4.0/../../../../avr/lib/avrxmega2\libc.a(__printf_core.o)

.data._stdout   0x0000000000806046        0x2 load address 0x0000000000000f84
 .data._stdout  0x0000000000806046        0x2 c:/program files/microchip/xc8/v2.40/avr/bin/../lib/gcc/avr/5.4.0/../../../../avr/lib/avrxmega2\libc.a(stdout.o)
                0x0000000000806046                _stdout
